320 tasks, 14 workers
FAIL prim e6.5.4-c332a2-r256-n200 32 illust_chibi Error: prim: cannot fit 36-bit primitive into P=26
    at layout (D:\work\ClaudeCode\avatar-image-pad\sim\codecs\prim.js:64:17)
    at Object.encode (D:\work\ClaudeCode\avatar-image-pad\sim\codecs\prim.js:198:15)
    at evaluateTask (D:\work\ClaudeCode\avatar-image-pad\sim\lib\evaluate.js:66:21)
    at MessagePort.<anonymous> (D:\work\ClaudeCode\avatar-image-pad\sim\run.js:17:51)
    at [nodejs.internal.kHybridDispatch] (node:internal/event_target:843:20)
    at MessagePort.<anonymous> (node:internal/per_context/messageport:23:28)
FAIL prim e6.5.4-c332a2-r256-n200 32 illust_pc_newyear Error: prim: cannot fit 36-bit primitive into P=26
    at layout (D:\work\ClaudeCode\avatar-image-pad\sim\codecs\prim.js:64:17)
    at Object.encode (D:\work\ClaudeCode\avatar-image-pad\sim\codecs\prim.js:198:15)
    at evaluateTask (D:\work\ClaudeCode\avatar-image-pad\sim\lib\evaluate.js:66:21)
    at MessagePort.<anonymous> (D:\work\ClaudeCode\avatar-image-pad\sim\run.js:17:51)
    at [nodejs.internal.kHybridDispatch] (node:internal/event_target:843:20)
    at MessagePort.<anonymous> (node:internal/per_context/messageport:23:28)
FAIL prim e6.5.4-c332a2-r256-n200 32 illust_tux Error: prim: cannot fit 36-bit primitive into P=26
    at layout (D:\work\ClaudeCode\avatar-image-pad\sim\codecs\prim.js:64:17)
    at Object.encode (D:\work\ClaudeCode\avatar-image-pad\sim\codecs\prim.js:198:15)
    at evaluateTask (D:\work\ClaudeCode\avatar-image-pad\sim\lib\evaluate.js:66:21)
    at MessagePort.<anonymous> (D:\work\ClaudeCode\avatar-image-pad\sim\run.js:17:51)
    at [nodejs.internal.kHybridDispatch] (node:internal/event_target:843:20)
    at MessagePort.<anonymous> (node:internal/per_context/messageport:23:28)
FAIL prim e6.5.4-c332a2-r256-n200 32 illust_wikipetan_face Error: prim: cannot fit 36-bit primitive into P=26
    at layout (D:\work\ClaudeCode\avatar-image-pad\sim\codecs\prim.js:64:17)
    at Object.encode (D:\work\ClaudeCode\avatar-image-pad\sim\codecs\prim.js:198:15)
    at evaluateTask (D:\work\ClaudeCode\avatar-image-pad\sim\lib\evaluate.js:66:21)
    at MessagePort.<anonymous> (D:\work\ClaudeCode\avatar-image-pad\sim\run.js:17:51)
    at [nodejs.internal.kHybridDispatch] (node:internal/event_target:843:20)
    at MessagePort.<anonymous> (node:internal/per_context/messageport:23:28)
FAIL prim e6.5.4-c332a2-r256-n200 32 kodim01 Error: prim: cannot fit 36-bit primitive into P=26
    at layout (D:\work\ClaudeCode\avatar-image-pad\sim\codecs\prim.js:64:17)
    at Object.encode (D:\work\ClaudeCode\avatar-image-pad\sim\codecs\prim.js:198:15)
    at evaluateTask (D:\work\ClaudeCode\avatar-image-pad\sim\lib\evaluate.js:66:21)
    at MessagePort.<anonymous> (D:\work\ClaudeCode\avatar-image-pad\sim\run.js:17:51)
    at [nodejs.internal.kHybridDispatch] (node:internal/event_target:843:20)
    at MessagePort.<anonymous> (node:internal/per_context/messageport:23:28)
FAIL prim e6.5.4-c332a2-r256-n200 32 kodim03 Error: prim: cannot fit 36-bit primitive into P=26
    at layout (D:\work\ClaudeCode\avatar-image-pad\sim\codecs\prim.js:64:17)
    at Object.encode (D:\work\ClaudeCode\avatar-image-pad\sim\codecs\prim.js:198:15)
    at evaluateTask (D:\work\ClaudeCode\avatar-image-pad\sim\lib\evaluate.js:66:21)
    at MessagePort.<anonymous> (D:\work\ClaudeCode\avatar-image-pad\sim\run.js:17:51)
    at [nodejs.internal.kHybridDispatch] (node:internal/event_target:843:20)
    at MessagePort.<anonymous> (node:internal/per_context/messageport:23:28)
FAIL prim e6.5.4-c332a2-r256-n200 32 kodim04 Error: prim: cannot fit 36-bit primitive into P=26
    at layout (D:\work\ClaudeCode\avatar-image-pad\sim\codecs\prim.js:64:17)
    at Object.encode (D:\work\ClaudeCode\avatar-image-pad\sim\codecs\prim.js:198:15)
    at evaluateTask (D:\work\ClaudeCode\avatar-image-pad\sim\lib\evaluate.js:66:21)
    at MessagePort.<anonymous> (D:\work\ClaudeCode\avatar-image-pad\sim\run.js:17:51)
    at [nodejs.internal.kHybridDispatch] (node:internal/event_target:843:20)
    at MessagePort.<anonymous> (node:internal/per_context/messageport:23:28)
FAIL prim e6.5.4-c332a2-r256-n200 32 kodim05 Error: prim: cannot fit 36-bit primitive into P=26
    at layout (D:\work\ClaudeCode\avatar-image-pad\sim\codecs\prim.js:64:17)
    at Object.encode (D:\work\ClaudeCode\avatar-image-pad\sim\codecs\prim.js:198:15)
    at evaluateTask (D:\work\ClaudeCode\avatar-image-pad\sim\lib\evaluate.js:66:21)
    at MessagePort.<anonymous> (D:\work\ClaudeCode\avatar-image-pad\sim\run.js:17:51)
    at [nodejs.internal.kHybridDispatch] (node:internal/event_target:843:20)
    at MessagePort.<anonymous> (node:internal/per_context/messageport:23:28)
FAIL prim e6.5.4-c332a2-r256-n200 32 kodim07 Error: prim: cannot fit 36-bit primitive into P=26
    at layout (D:\work\ClaudeCode\avatar-image-pad\sim\codecs\prim.js:64:17)
    at Object.encode (D:\work\ClaudeCode\avatar-image-pad\sim\codecs\prim.js:198:15)
    at evaluateTask (D:\work\ClaudeCode\avatar-image-pad\sim\lib\evaluate.js:66:21)
    at MessagePort.<anonymous> (D:\work\ClaudeCode\avatar-image-pad\sim\run.js:17:51)
    at [nodejs.internal.kHybridDispatch] (node:internal/event_target:843:20)
    at MessagePort.<anonymous> (node:internal/per_context/messageport:23:28)
FAIL prim e6.5.4-c332a2-r256-n200 32 kodim08 Error: prim: cannot fit 36-bit primitive into P=26
    at layout (D:\work\ClaudeCode\avatar-image-pad\sim\codecs\prim.js:64:17)
    at Object.encode (D:\work\ClaudeCode\avatar-image-pad\sim\codecs\prim.js:198:15)
    at evaluateTask (D:\work\ClaudeCode\avatar-image-pad\sim\lib\evaluate.js:66:21)
    at MessagePort.<anonymous> (D:\work\ClaudeCode\avatar-image-pad\sim\run.js:17:51)
    at [nodejs.internal.kHybridDispatch] (node:internal/event_target:843:20)
    at MessagePort.<anonymous> (node:internal/per_context/messageport:23:28)
FAIL prim e6.5.4-c332a2-r256-n200 32 kodim19 Error: prim: cannot fit 36-bit primitive into P=26
    at layout (D:\work\ClaudeCode\avatar-image-pad\sim\codecs\prim.js:64:17)
    at Object.encode (D:\work\ClaudeCode\avatar-image-pad\sim\codecs\prim.js:198:15)
    at evaluateTask (D:\work\ClaudeCode\avatar-image-pad\sim\lib\evaluate.js:66:21)
    at MessagePort.<anonymous> (D:\work\ClaudeCode\avatar-image-pad\sim\run.js:17:51)
    at [nodejs.internal.kHybridDispatch] (node:internal/event_target:843:20)
    at MessagePort.<anonymous> (node:internal/per_context/messageport:23:28)
FAIL prim e6.5.4-c332a2-r256-n200 32 kodim15 Error: prim: cannot fit 36-bit primitive into P=26
    at layout (D:\work\ClaudeCode\avatar-image-pad\sim\codecs\prim.js:64:17)
    at Object.encode (D:\work\ClaudeCode\avatar-image-pad\sim\codecs\prim.js:198:15)
    at evaluateTask (D:\work\ClaudeCode\avatar-image-pad\sim\lib\evaluate.js:66:21)
    at MessagePort.<anonymous> (D:\work\ClaudeCode\avatar-image-pad\sim\run.js:17:51)
    at [nodejs.internal.kHybridDispatch] (node:internal/event_target:843:20)
    at MessagePort.<anonymous> (node:internal/per_context/messageport:23:28)
FAIL prim e6.5.4-c332a2-r256-n200 32 kodim20 Error: prim: cannot fit 36-bit primitive into P=26
    at layout (D:\work\ClaudeCode\avatar-image-pad\sim\codecs\prim.js:64:17)
    at Object.encode (D:\work\ClaudeCode\avatar-image-pad\sim\codecs\prim.js:198:15)
    at evaluateTask (D:\work\ClaudeCode\avatar-image-pad\sim\lib\evaluate.js:66:21)
    at MessagePort.<anonymous> (D:\work\ClaudeCode\avatar-image-pad\sim\run.js:17:51)
    at [nodejs.internal.kHybridDispatch] (node:internal/event_target:843:20)
    at MessagePort.<anonymous> (node:internal/per_context/messageport:23:28)
FAIL prim e6.5.4-c332a2-r256-n200 32 screenshot_wikipedia Error: prim: cannot fit 36-bit primitive into P=26
    at layout (D:\work\ClaudeCode\avatar-image-pad\sim\codecs\prim.js:64:17)
    at Object.encode (D:\work\ClaudeCode\avatar-image-pad\sim\codecs\prim.js:198:15)
    at evaluateTask (D:\work\ClaudeCode\avatar-image-pad\sim\lib\evaluate.js:66:21)
    at MessagePort.<anonymous> (D:\work\ClaudeCode\avatar-image-pad\sim\run.js:17:51)
    at [nodejs.internal.kHybridDispatch] (node:internal/event_target:843:20)
    at MessagePort.<anonymous> (node:internal/per_context/messageport:23:28)
20/320 (5s, failed 14)
FAIL prim e6.5.4-c332a2-r256-n200 32 screenshot_mahara Error: prim: cannot fit 36-bit primitive into P=26
    at layout (D:\work\ClaudeCode\avatar-image-pad\sim\codecs\prim.js:64:17)
    at Object.encode (D:\work\ClaudeCode\avatar-image-pad\sim\codecs\prim.js:198:15)
    at evaluateTask (D:\work\ClaudeCode\avatar-image-pad\sim\lib\evaluate.js:66:21)
    at MessagePort.<anonymous> (D:\work\ClaudeCode\avatar-image-pad\sim\run.js:17:51)
    at [nodejs.internal.kHybridDispatch] (node:internal/event_target:843:20)
    at MessagePort.<anonymous> (node:internal/per_context/messageport:23:28)
FAIL prim e6.5.4-c332a2-r256-n200 32 kodim23 Error: prim: cannot fit 36-bit primitive into P=26
    at layout (D:\work\ClaudeCode\avatar-image-pad\sim\codecs\prim.js:64:17)
    at Object.encode (D:\work\ClaudeCode\avatar-image-pad\sim\codecs\prim.js:198:15)
    at evaluateTask (D:\work\ClaudeCode\avatar-image-pad\sim\lib\evaluate.js:66:21)
    at MessagePort.<anonymous> (D:\work\ClaudeCode\avatar-image-pad\sim\run.js:17:51)
    at [nodejs.internal.kHybridDispatch] (node:internal/event_target:843:20)
    at MessagePort.<anonymous> (node:internal/per_context/messageport:23:28)
40/320 (8s, failed 16)
60/320 (12s, failed 16)
80/320 (17s, failed 16)
100/320 (22s, failed 16)
120/320 (28s, failed 16)
140/320 (34s, failed 16)
160/320 (39s, failed 16)
180/320 (45s, failed 16)
200/320 (51s, failed 16)
220/320 (58s, failed 16)
240/320 (67s, failed 16)
260/320 (88s, failed 16)
280/320 (94s, failed 16)
300/320 (106s, failed 16)
320/320 (113s, failed 16)
