896 tasks, 14 workers
20/896 (113s, failed 0)
40/896 (176s, failed 0)
60/896 (288s, failed 0)
80/896 (351s, failed 0)
FAIL prim e6.5.4-c332a2-r256-n200 32 illust_chibi Error: prim: cannot fit 36-bit primitive into P=22
    at layout (D:\work\ClaudeCode\avatar-image-pad\sim\codecs\prim.js:64:17)
    at Object.encode (D:\work\ClaudeCode\avatar-image-pad\sim\codecs\prim.js:196:15)
    at evaluateTask (D:\work\ClaudeCode\avatar-image-pad\sim\lib\evaluate.js:49:21)
    at MessagePort.<anonymous> (D:\work\ClaudeCode\avatar-image-pad\sim\run.js:17:51)
    at [nodejs.internal.kHybridDispatch] (node:internal/event_target:843:20)
    at MessagePort.<anonymous> (node:internal/per_context/messageport:23:28)
100/896 (460s, failed 1)
FAIL prim e6.5.4-c332a2-r256-n200 32 illust_pc_newyear Error: prim: cannot fit 36-bit primitive into P=22
    at layout (D:\work\ClaudeCode\avatar-image-pad\sim\codecs\prim.js:64:17)
    at Object.encode (D:\work\ClaudeCode\avatar-image-pad\sim\codecs\prim.js:196:15)
    at evaluateTask (D:\work\ClaudeCode\avatar-image-pad\sim\lib\evaluate.js:49:21)
    at MessagePort.<anonymous> (D:\work\ClaudeCode\avatar-image-pad\sim\run.js:17:51)
    at [nodejs.internal.kHybridDispatch] (node:internal/event_target:843:20)
    at MessagePort.<anonymous> (node:internal/per_context/messageport:23:28)
FAIL prim e6.5.4-c332a2-r256-n200 32 illust_tux Error: prim: cannot fit 36-bit primitive into P=22
    at layout (D:\work\ClaudeCode\avatar-image-pad\sim\codecs\prim.js:64:17)
    at Object.encode (D:\work\ClaudeCode\avatar-image-pad\sim\codecs\prim.js:196:15)
    at evaluateTask (D:\work\ClaudeCode\avatar-image-pad\sim\lib\evaluate.js:49:21)
    at MessagePort.<anonymous> (D:\work\ClaudeCode\avatar-image-pad\sim\run.js:17:51)
    at [nodejs.internal.kHybridDispatch] (node:internal/event_target:843:20)
    at MessagePort.<anonymous> (node:internal/per_context/messageport:23:28)
FAIL prim e6.5.4-c332a2-r256-n200 32 illust_wikipetan_face Error: prim: cannot fit 36-bit primitive into P=22
    at layout (D:\work\ClaudeCode\avatar-image-pad\sim\codecs\prim.js:64:17)
    at Object.encode (D:\work\ClaudeCode\avatar-image-pad\sim\codecs\prim.js:196:15)
    at evaluateTask (D:\work\ClaudeCode\avatar-image-pad\sim\lib\evaluate.js:49:21)
    at MessagePort.<anonymous> (D:\work\ClaudeCode\avatar-image-pad\sim\run.js:17:51)
    at [nodejs.internal.kHybridDispatch] (node:internal/event_target:843:20)
    at MessagePort.<anonymous> (node:internal/per_context/messageport:23:28)
FAIL prim e6.5.4-c332a2-r256-n200 32 kodim01 Error: prim: cannot fit 36-bit primitive into P=22
    at layout (D:\work\ClaudeCode\avatar-image-pad\sim\codecs\prim.js:64:17)
    at Object.encode (D:\work\ClaudeCode\avatar-image-pad\sim\codecs\prim.js:196:15)
    at evaluateTask (D:\work\ClaudeCode\avatar-image-pad\sim\lib\evaluate.js:49:21)
    at MessagePort.<anonymous> (D:\work\ClaudeCode\avatar-image-pad\sim\run.js:17:51)
    at [nodejs.internal.kHybridDispatch] (node:internal/event_target:843:20)
    at MessagePort.<anonymous> (node:internal/per_context/messageport:23:28)
FAIL prim e6.5.4-c332a2-r256-n200 32 kodim03 Error: prim: cannot fit 36-bit primitive into P=22
    at layout (D:\work\ClaudeCode\avatar-image-pad\sim\codecs\prim.js:64:17)
    at Object.encode (D:\work\ClaudeCode\avatar-image-pad\sim\codecs\prim.js:196:15)
    at evaluateTask (D:\work\ClaudeCode\avatar-image-pad\sim\lib\evaluate.js:49:21)
    at MessagePort.<anonymous> (D:\work\ClaudeCode\avatar-image-pad\sim\run.js:17:51)
    at [nodejs.internal.kHybridDispatch] (node:internal/event_target:843:20)
    at MessagePort.<anonymous> (node:internal/per_context/messageport:23:28)
FAIL prim e6.5.4-c332a2-r256-n200 32 kodim04 Error: prim: cannot fit 36-bit primitive into P=22
    at layout (D:\work\ClaudeCode\avatar-image-pad\sim\codecs\prim.js:64:17)
    at Object.encode (D:\work\ClaudeCode\avatar-image-pad\sim\codecs\prim.js:196:15)
    at evaluateTask (D:\work\ClaudeCode\avatar-image-pad\sim\lib\evaluate.js:49:21)
    at MessagePort.<anonymous> (D:\work\ClaudeCode\avatar-image-pad\sim\run.js:17:51)
    at [nodejs.internal.kHybridDispatch] (node:internal/event_target:843:20)
    at MessagePort.<anonymous> (node:internal/per_context/messageport:23:28)
FAIL prim e6.5.4-c332a2-r256-n200 32 kodim05 Error: prim: cannot fit 36-bit primitive into P=22
    at layout (D:\work\ClaudeCode\avatar-image-pad\sim\codecs\prim.js:64:17)
    at Object.encode (D:\work\ClaudeCode\avatar-image-pad\sim\codecs\prim.js:196:15)
    at evaluateTask (D:\work\ClaudeCode\avatar-image-pad\sim\lib\evaluate.js:49:21)
    at MessagePort.<anonymous> (D:\work\ClaudeCode\avatar-image-pad\sim\run.js:17:51)
    at [nodejs.internal.kHybridDispatch] (node:internal/event_target:843:20)
    at MessagePort.<anonymous> (node:internal/per_context/messageport:23:28)
FAIL prim e6.5.4-c332a2-r256-n200 32 kodim07 Error: prim: cannot fit 36-bit primitive into P=22
    at layout (D:\work\ClaudeCode\avatar-image-pad\sim\codecs\prim.js:64:17)
    at Object.encode (D:\work\ClaudeCode\avatar-image-pad\sim\codecs\prim.js:196:15)
    at evaluateTask (D:\work\ClaudeCode\avatar-image-pad\sim\lib\evaluate.js:49:21)
    at MessagePort.<anonymous> (D:\work\ClaudeCode\avatar-image-pad\sim\run.js:17:51)
    at [nodejs.internal.kHybridDispatch] (node:internal/event_target:843:20)
    at MessagePort.<anonymous> (node:internal/per_context/messageport:23:28)
FAIL prim e6.5.4-c332a2-r256-n200 32 kodim08 Error: prim: cannot fit 36-bit primitive into P=22
    at layout (D:\work\ClaudeCode\avatar-image-pad\sim\codecs\prim.js:64:17)
    at Object.encode (D:\work\ClaudeCode\avatar-image-pad\sim\codecs\prim.js:196:15)
    at evaluateTask (D:\work\ClaudeCode\avatar-image-pad\sim\lib\evaluate.js:49:21)
    at MessagePort.<anonymous> (D:\work\ClaudeCode\avatar-image-pad\sim\run.js:17:51)
    at [nodejs.internal.kHybridDispatch] (node:internal/event_target:843:20)
    at MessagePort.<anonymous> (node:internal/per_context/messageport:23:28)
FAIL prim e6.5.4-c332a2-r256-n200 32 kodim15 Error: prim: cannot fit 36-bit primitive into P=22
    at layout (D:\work\ClaudeCode\avatar-image-pad\sim\codecs\prim.js:64:17)
    at Object.encode (D:\work\ClaudeCode\avatar-image-pad\sim\codecs\prim.js:196:15)
    at evaluateTask (D:\work\ClaudeCode\avatar-image-pad\sim\lib\evaluate.js:49:21)
    at MessagePort.<anonymous> (D:\work\ClaudeCode\avatar-image-pad\sim\run.js:17:51)
    at [nodejs.internal.kHybridDispatch] (node:internal/event_target:843:20)
    at MessagePort.<anonymous> (node:internal/per_context/messageport:23:28)
FAIL prim e6.5.4-c332a2-r256-n200 32 kodim19 Error: prim: cannot fit 36-bit primitive into P=22
    at layout (D:\work\ClaudeCode\avatar-image-pad\sim\codecs\prim.js:64:17)
    at Object.encode (D:\work\ClaudeCode\avatar-image-pad\sim\codecs\prim.js:196:15)
    at evaluateTask (D:\work\ClaudeCode\avatar-image-pad\sim\lib\evaluate.js:49:21)
    at MessagePort.<anonymous> (D:\work\ClaudeCode\avatar-image-pad\sim\run.js:17:51)
    at [nodejs.internal.kHybridDispatch] (node:internal/event_target:843:20)
    at MessagePort.<anonymous> (node:internal/per_context/messageport:23:28)
FAIL prim e6.5.4-c332a2-r256-n200 32 kodim20 Error: prim: cannot fit 36-bit primitive into P=22
    at layout (D:\work\ClaudeCode\avatar-image-pad\sim\codecs\prim.js:64:17)
    at Object.encode (D:\work\ClaudeCode\avatar-image-pad\sim\codecs\prim.js:196:15)
    at evaluateTask (D:\work\ClaudeCode\avatar-image-pad\sim\lib\evaluate.js:49:21)
    at MessagePort.<anonymous> (D:\work\ClaudeCode\avatar-image-pad\sim\run.js:17:51)
    at [nodejs.internal.kHybridDispatch] (node:internal/event_target:843:20)
    at MessagePort.<anonymous> (node:internal/per_context/messageport:23:28)
FAIL prim e6.5.4-c332a2-r256-n200 32 kodim23 Error: prim: cannot fit 36-bit primitive into P=22
    at layout (D:\work\ClaudeCode\avatar-image-pad\sim\codecs\prim.js:64:17)
    at Object.encode (D:\work\ClaudeCode\avatar-image-pad\sim\codecs\prim.js:196:15)
    at evaluateTask (D:\work\ClaudeCode\avatar-image-pad\sim\lib\evaluate.js:49:21)
    at MessagePort.<anonymous> (D:\work\ClaudeCode\avatar-image-pad\sim\run.js:17:51)
    at [nodejs.internal.kHybridDispatch] (node:internal/event_target:843:20)
    at MessagePort.<anonymous> (node:internal/per_context/messageport:23:28)
FAIL prim e6.5.4-c332a2-r256-n200 32 screenshot_mahara Error: prim: cannot fit 36-bit primitive into P=22
    at layout (D:\work\ClaudeCode\avatar-image-pad\sim\codecs\prim.js:64:17)
    at Object.encode (D:\work\ClaudeCode\avatar-image-pad\sim\codecs\prim.js:196:15)
    at evaluateTask (D:\work\ClaudeCode\avatar-image-pad\sim\lib\evaluate.js:49:21)
    at MessagePort.<anonymous> (D:\work\ClaudeCode\avatar-image-pad\sim\run.js:17:51)
    at [nodejs.internal.kHybridDispatch] (node:internal/event_target:843:20)
    at MessagePort.<anonymous> (node:internal/per_context/messageport:23:28)
FAIL prim e6.5.4-c332a2-r256-n200 32 screenshot_wikipedia Error: prim: cannot fit 36-bit primitive into P=22
    at layout (D:\work\ClaudeCode\avatar-image-pad\sim\codecs\prim.js:64:17)
    at Object.encode (D:\work\ClaudeCode\avatar-image-pad\sim\codecs\prim.js:196:15)
    at evaluateTask (D:\work\ClaudeCode\avatar-image-pad\sim\lib\evaluate.js:49:21)
    at MessagePort.<anonymous> (D:\work\ClaudeCode\avatar-image-pad\sim\run.js:17:51)
    at [nodejs.internal.kHybridDispatch] (node:internal/event_target:843:20)
    at MessagePort.<anonymous> (node:internal/per_context/messageport:23:28)
120/896 (466s, failed 16)
140/896 (507s, failed 16)
160/896 (528s, failed 16)
180/896 (597s, failed 16)
200/896 (646s, failed 16)
220/896 (691s, failed 16)
240/896 (790s, failed 16)
260/896 (872s, failed 16)
280/896 (967s, failed 16)
300/896 (1078s, failed 16)
320/896 (1171s, failed 16)
340/896 (1223s, failed 16)
360/896 (1276s, failed 16)
380/896 (1336s, failed 16)
400/896 (1399s, failed 16)
420/896 (1488s, failed 16)
440/896 (1584s, failed 16)
460/896 (1717s, failed 16)
480/896 (1808s, failed 16)
500/896 (1912s, failed 16)
520/896 (1986s, failed 16)
540/896 (2018s, failed 16)
560/896 (2122s, failed 16)
580/896 (2178s, failed 16)
600/896 (2232s, failed 16)
620/896 (2324s, failed 16)
640/896 (2449s, failed 16)
660/896 (2539s, failed 16)
680/896 (2671s, failed 16)
700/896 (2776s, failed 16)
FAIL pal g32-k3 32 illust_chibi Error: unit too long: 25 > 22
    at padBits (D:\work\ClaudeCode\avatar-image-pad\sim\lib\evaluate.js:37:30)
    at D:\work\ClaudeCode\avatar-image-pad\sim\lib\evaluate.js:51:39
    at Array.map (<anonymous>)
    at evaluateTask (D:\work\ClaudeCode\avatar-image-pad\sim\lib\evaluate.js:51:30)
    at MessagePort.<anonymous> (D:\work\ClaudeCode\avatar-image-pad\sim\run.js:17:51)
    at [nodejs.internal.kHybridDispatch] (node:internal/event_target:843:20)
    at MessagePort.<anonymous> (node:internal/per_context/messageport:23:28)
FAIL pal g32-k3 32 illust_pc_newyear Error: unit too long: 25 > 22
    at padBits (D:\work\ClaudeCode\avatar-image-pad\sim\lib\evaluate.js:37:30)
    at D:\work\ClaudeCode\avatar-image-pad\sim\lib\evaluate.js:51:39
    at Array.map (<anonymous>)
    at evaluateTask (D:\work\ClaudeCode\avatar-image-pad\sim\lib\evaluate.js:51:30)
    at MessagePort.<anonymous> (D:\work\ClaudeCode\avatar-image-pad\sim\run.js:17:51)
    at [nodejs.internal.kHybridDispatch] (node:internal/event_target:843:20)
    at MessagePort.<anonymous> (node:internal/per_context/messageport:23:28)
FAIL pal g32-k3 32 illust_tux Error: unit too long: 25 > 22
    at padBits (D:\work\ClaudeCode\avatar-image-pad\sim\lib\evaluate.js:37:30)
    at D:\work\ClaudeCode\avatar-image-pad\sim\lib\evaluate.js:51:39
    at Array.map (<anonymous>)
    at evaluateTask (D:\work\ClaudeCode\avatar-image-pad\sim\lib\evaluate.js:51:30)
    at MessagePort.<anonymous> (D:\work\ClaudeCode\avatar-image-pad\sim\run.js:17:51)
    at [nodejs.internal.kHybridDispatch] (node:internal/event_target:843:20)
    at MessagePort.<anonymous> (node:internal/per_context/messageport:23:28)
FAIL pal g32-k3 32 illust_wikipetan_face Error: unit too long: 25 > 22
    at padBits (D:\work\ClaudeCode\avatar-image-pad\sim\lib\evaluate.js:37:30)
    at D:\work\ClaudeCode\avatar-image-pad\sim\lib\evaluate.js:51:39
    at Array.map (<anonymous>)
    at evaluateTask (D:\work\ClaudeCode\avatar-image-pad\sim\lib\evaluate.js:51:30)
    at MessagePort.<anonymous> (D:\work\ClaudeCode\avatar-image-pad\sim\run.js:17:51)
    at [nodejs.internal.kHybridDispatch] (node:internal/event_target:843:20)
    at MessagePort.<anonymous> (node:internal/per_context/messageport:23:28)
FAIL pal g32-k3 32 kodim01 Error: unit too long: 25 > 22
    at padBits (D:\work\ClaudeCode\avatar-image-pad\sim\lib\evaluate.js:37:30)
    at D:\work\ClaudeCode\avatar-image-pad\sim\lib\evaluate.js:51:39
    at Array.map (<anonymous>)
    at evaluateTask (D:\work\ClaudeCode\avatar-image-pad\sim\lib\evaluate.js:51:30)
    at MessagePort.<anonymous> (D:\work\ClaudeCode\avatar-image-pad\sim\run.js:17:51)
    at [nodejs.internal.kHybridDispatch] (node:internal/event_target:843:20)
    at MessagePort.<anonymous> (node:internal/per_context/messageport:23:28)
FAIL pal g32-k3 32 kodim03 Error: unit too long: 25 > 22
    at padBits (D:\work\ClaudeCode\avatar-image-pad\sim\lib\evaluate.js:37:30)
    at D:\work\ClaudeCode\avatar-image-pad\sim\lib\evaluate.js:51:39
    at Array.map (<anonymous>)
    at evaluateTask (D:\work\ClaudeCode\avatar-image-pad\sim\lib\evaluate.js:51:30)
    at MessagePort.<anonymous> (D:\work\ClaudeCode\avatar-image-pad\sim\run.js:17:51)
    at [nodejs.internal.kHybridDispatch] (node:internal/event_target:843:20)
    at MessagePort.<anonymous> (node:internal/per_context/messageport:23:28)
FAIL pal g32-k3 32 kodim04 Error: unit too long: 25 > 22
    at padBits (D:\work\ClaudeCode\avatar-image-pad\sim\lib\evaluate.js:37:30)
    at D:\work\ClaudeCode\avatar-image-pad\sim\lib\evaluate.js:51:39
    at Array.map (<anonymous>)
    at evaluateTask (D:\work\ClaudeCode\avatar-image-pad\sim\lib\evaluate.js:51:30)
    at MessagePort.<anonymous> (D:\work\ClaudeCode\avatar-image-pad\sim\run.js:17:51)
    at [nodejs.internal.kHybridDispatch] (node:internal/event_target:843:20)
    at MessagePort.<anonymous> (node:internal/per_context/messageport:23:28)
FAIL pal g32-k3 32 kodim05 Error: unit too long: 25 > 22
    at padBits (D:\work\ClaudeCode\avatar-image-pad\sim\lib\evaluate.js:37:30)
    at D:\work\ClaudeCode\avatar-image-pad\sim\lib\evaluate.js:51:39
    at Array.map (<anonymous>)
    at evaluateTask (D:\work\ClaudeCode\avatar-image-pad\sim\lib\evaluate.js:51:30)
    at MessagePort.<anonymous> (D:\work\ClaudeCode\avatar-image-pad\sim\run.js:17:51)
    at [nodejs.internal.kHybridDispatch] (node:internal/event_target:843:20)
    at MessagePort.<anonymous> (node:internal/per_context/messageport:23:28)
FAIL pal g32-k3 32 kodim07 Error: unit too long: 25 > 22
    at padBits (D:\work\ClaudeCode\avatar-image-pad\sim\lib\evaluate.js:37:30)
    at D:\work\ClaudeCode\avatar-image-pad\sim\lib\evaluate.js:51:39
    at Array.map (<anonymous>)
    at evaluateTask (D:\work\ClaudeCode\avatar-image-pad\sim\lib\evaluate.js:51:30)
    at MessagePort.<anonymous> (D:\work\ClaudeCode\avatar-image-pad\sim\run.js:17:51)
    at [nodejs.internal.kHybridDispatch] (node:internal/event_target:843:20)
    at MessagePort.<anonymous> (node:internal/per_context/messageport:23:28)
FAIL pal g32-k3 32 kodim08 Error: unit too long: 25 > 22
    at padBits (D:\work\ClaudeCode\avatar-image-pad\sim\lib\evaluate.js:37:30)
    at D:\work\ClaudeCode\avatar-image-pad\sim\lib\evaluate.js:51:39
    at Array.map (<anonymous>)
    at evaluateTask (D:\work\ClaudeCode\avatar-image-pad\sim\lib\evaluate.js:51:30)
    at MessagePort.<anonymous> (D:\work\ClaudeCode\avatar-image-pad\sim\run.js:17:51)
    at [nodejs.internal.kHybridDispatch] (node:internal/event_target:843:20)
    at MessagePort.<anonymous> (node:internal/per_context/messageport:23:28)
FAIL pal g32-k3 32 kodim15 Error: unit too long: 25 > 22
    at padBits (D:\work\ClaudeCode\avatar-image-pad\sim\lib\evaluate.js:37:30)
    at D:\work\ClaudeCode\avatar-image-pad\sim\lib\evaluate.js:51:39
    at Array.map (<anonymous>)
    at evaluateTask (D:\work\ClaudeCode\avatar-image-pad\sim\lib\evaluate.js:51:30)
    at MessagePort.<anonymous> (D:\work\ClaudeCode\avatar-image-pad\sim\run.js:17:51)
    at [nodejs.internal.kHybridDispatch] (node:internal/event_target:843:20)
    at MessagePort.<anonymous> (node:internal/per_context/messageport:23:28)
FAIL pal g32-k3 32 kodim19 Error: unit too long: 25 > 22
    at padBits (D:\work\ClaudeCode\avatar-image-pad\sim\lib\evaluate.js:37:30)
    at D:\work\ClaudeCode\avatar-image-pad\sim\lib\evaluate.js:51:39
    at Array.map (<anonymous>)
    at evaluateTask (D:\work\ClaudeCode\avatar-image-pad\sim\lib\evaluate.js:51:30)
    at MessagePort.<anonymous> (D:\work\ClaudeCode\avatar-image-pad\sim\run.js:17:51)
    at [nodejs.internal.kHybridDispatch] (node:internal/event_target:843:20)
    at MessagePort.<anonymous> (node:internal/per_context/messageport:23:28)
FAIL pal g32-k3 32 kodim20 Error: unit too long: 25 > 22
    at padBits (D:\work\ClaudeCode\avatar-image-pad\sim\lib\evaluate.js:37:30)
    at D:\work\ClaudeCode\avatar-image-pad\sim\lib\evaluate.js:51:39
    at Array.map (<anonymous>)
    at evaluateTask (D:\work\ClaudeCode\avatar-image-pad\sim\lib\evaluate.js:51:30)
    at MessagePort.<anonymous> (D:\work\ClaudeCode\avatar-image-pad\sim\run.js:17:51)
    at [nodejs.internal.kHybridDispatch] (node:internal/event_target:843:20)
    at MessagePort.<anonymous> (node:internal/per_context/messageport:23:28)
720/896 (2803s, failed 29)
FAIL pal g32-k3 32 kodim23 Error: unit too long: 25 > 22
    at padBits (D:\work\ClaudeCode\avatar-image-pad\sim\lib\evaluate.js:37:30)
    at D:\work\ClaudeCode\avatar-image-pad\sim\lib\evaluate.js:51:39
    at Array.map (<anonymous>)
    at evaluateTask (D:\work\ClaudeCode\avatar-image-pad\sim\lib\evaluate.js:51:30)
    at MessagePort.<anonymous> (D:\work\ClaudeCode\avatar-image-pad\sim\run.js:17:51)
    at [nodejs.internal.kHybridDispatch] (node:internal/event_target:843:20)
    at MessagePort.<anonymous> (node:internal/per_context/messageport:23:28)
FAIL pal g32-k3 32 screenshot_mahara Error: unit too long: 25 > 22
    at padBits (D:\work\ClaudeCode\avatar-image-pad\sim\lib\evaluate.js:37:30)
    at D:\work\ClaudeCode\avatar-image-pad\sim\lib\evaluate.js:51:39
    at Array.map (<anonymous>)
    at evaluateTask (D:\work\ClaudeCode\avatar-image-pad\sim\lib\evaluate.js:51:30)
    at MessagePort.<anonymous> (D:\work\ClaudeCode\avatar-image-pad\sim\run.js:17:51)
    at [nodejs.internal.kHybridDispatch] (node:internal/event_target:843:20)
    at MessagePort.<anonymous> (node:internal/per_context/messageport:23:28)
FAIL pal g32-k3 32 screenshot_wikipedia Error: unit too long: 25 > 22
    at padBits (D:\work\ClaudeCode\avatar-image-pad\sim\lib\evaluate.js:37:30)
    at D:\work\ClaudeCode\avatar-image-pad\sim\lib\evaluate.js:51:39
    at Array.map (<anonymous>)
    at evaluateTask (D:\work\ClaudeCode\avatar-image-pad\sim\lib\evaluate.js:51:30)
    at MessagePort.<anonymous> (D:\work\ClaudeCode\avatar-image-pad\sim\run.js:17:51)
    at [nodejs.internal.kHybridDispatch] (node:internal/event_target:843:20)
    at MessagePort.<anonymous> (node:internal/per_context/messageport:23:28)
740/896 (2870s, failed 32)
760/896 (2942s, failed 32)
FAIL dctv r128-s8 32 illust_chibi Error: payload too small for one symbol
    at encodeStream (D:\work\ClaudeCode\avatar-image-pad\sim\codecs\packet-coder.js:135:27)
    at Object.encode (D:\work\ClaudeCode\avatar-image-pad\sim\codecs\packet-coder.js:192:30)
    at Object.encode (D:\work\ClaudeCode\avatar-image-pad\sim\codecs\dctv.js:31:15)
    at evaluateTask (D:\work\ClaudeCode\avatar-image-pad\sim\lib\evaluate.js:49:21)
    at MessagePort.<anonymous> (D:\work\ClaudeCode\avatar-image-pad\sim\run.js:17:51)
    at [nodejs.internal.kHybridDispatch] (node:internal/event_target:843:20)
    at MessagePort.<anonymous> (node:internal/per_context/messageport:23:28)
FAIL dctv r128-s8 32 illust_pc_newyear Error: payload too small for one symbol
    at encodeStream (D:\work\ClaudeCode\avatar-image-pad\sim\codecs\packet-coder.js:135:27)
    at Object.encode (D:\work\ClaudeCode\avatar-image-pad\sim\codecs\packet-coder.js:192:30)
    at Object.encode (D:\work\ClaudeCode\avatar-image-pad\sim\codecs\dctv.js:31:15)
    at evaluateTask (D:\work\ClaudeCode\avatar-image-pad\sim\lib\evaluate.js:49:21)
    at MessagePort.<anonymous> (D:\work\ClaudeCode\avatar-image-pad\sim\run.js:17:51)
    at [nodejs.internal.kHybridDispatch] (node:internal/event_target:843:20)
    at MessagePort.<anonymous> (node:internal/per_context/messageport:23:28)
FAIL dctv r128-s8 32 illust_tux Error: payload too small for one symbol
    at encodeStream (D:\work\ClaudeCode\avatar-image-pad\sim\codecs\packet-coder.js:135:27)
    at Object.encode (D:\work\ClaudeCode\avatar-image-pad\sim\codecs\packet-coder.js:192:30)
    at Object.encode (D:\work\ClaudeCode\avatar-image-pad\sim\codecs\dctv.js:31:15)
    at evaluateTask (D:\work\ClaudeCode\avatar-image-pad\sim\lib\evaluate.js:49:21)
    at MessagePort.<anonymous> (D:\work\ClaudeCode\avatar-image-pad\sim\run.js:17:51)
    at [nodejs.internal.kHybridDispatch] (node:internal/event_target:843:20)
    at MessagePort.<anonymous> (node:internal/per_context/messageport:23:28)
FAIL dctv r128-s8 32 illust_wikipetan_face Error: payload too small for one symbol
    at encodeStream (D:\work\ClaudeCode\avatar-image-pad\sim\codecs\packet-coder.js:135:27)
    at Object.encode (D:\work\ClaudeCode\avatar-image-pad\sim\codecs\packet-coder.js:192:30)
    at Object.encode (D:\work\ClaudeCode\avatar-image-pad\sim\codecs\dctv.js:31:15)
    at evaluateTask (D:\work\ClaudeCode\avatar-image-pad\sim\lib\evaluate.js:49:21)
    at MessagePort.<anonymous> (D:\work\ClaudeCode\avatar-image-pad\sim\run.js:17:51)
    at [nodejs.internal.kHybridDispatch] (node:internal/event_target:843:20)
    at MessagePort.<anonymous> (node:internal/per_context/messageport:23:28)
FAIL dctv r128-s8 32 kodim01 Error: payload too small for one symbol
    at encodeStream (D:\work\ClaudeCode\avatar-image-pad\sim\codecs\packet-coder.js:135:27)
    at Object.encode (D:\work\ClaudeCode\avatar-image-pad\sim\codecs\packet-coder.js:192:30)
    at Object.encode (D:\work\ClaudeCode\avatar-image-pad\sim\codecs\dctv.js:31:15)
    at evaluateTask (D:\work\ClaudeCode\avatar-image-pad\sim\lib\evaluate.js:49:21)
    at MessagePort.<anonymous> (D:\work\ClaudeCode\avatar-image-pad\sim\run.js:17:51)
    at [nodejs.internal.kHybridDispatch] (node:internal/event_target:843:20)
    at MessagePort.<anonymous> (node:internal/per_context/messageport:23:28)
FAIL dctv r128-s8 32 kodim03 Error: payload too small for one symbol
    at encodeStream (D:\work\ClaudeCode\avatar-image-pad\sim\codecs\packet-coder.js:135:27)
    at Object.encode (D:\work\ClaudeCode\avatar-image-pad\sim\codecs\packet-coder.js:192:30)
    at Object.encode (D:\work\ClaudeCode\avatar-image-pad\sim\codecs\dctv.js:31:15)
    at evaluateTask (D:\work\ClaudeCode\avatar-image-pad\sim\lib\evaluate.js:49:21)
    at MessagePort.<anonymous> (D:\work\ClaudeCode\avatar-image-pad\sim\run.js:17:51)
    at [nodejs.internal.kHybridDispatch] (node:internal/event_target:843:20)
    at MessagePort.<anonymous> (node:internal/per_context/messageport:23:28)
FAIL dctv r128-s8 32 kodim04 Error: payload too small for one symbol
    at encodeStream (D:\work\ClaudeCode\avatar-image-pad\sim\codecs\packet-coder.js:135:27)
    at Object.encode (D:\work\ClaudeCode\avatar-image-pad\sim\codecs\packet-coder.js:192:30)
    at Object.encode (D:\work\ClaudeCode\avatar-image-pad\sim\codecs\dctv.js:31:15)
    at evaluateTask (D:\work\ClaudeCode\avatar-image-pad\sim\lib\evaluate.js:49:21)
    at MessagePort.<anonymous> (D:\work\ClaudeCode\avatar-image-pad\sim\run.js:17:51)
    at [nodejs.internal.kHybridDispatch] (node:internal/event_target:843:20)
    at MessagePort.<anonymous> (node:internal/per_context/messageport:23:28)
FAIL dctv r128-s8 32 kodim05 Error: payload too small for one symbol
    at encodeStream (D:\work\ClaudeCode\avatar-image-pad\sim\codecs\packet-coder.js:135:27)
    at Object.encode (D:\work\ClaudeCode\avatar-image-pad\sim\codecs\packet-coder.js:192:30)
    at Object.encode (D:\work\ClaudeCode\avatar-image-pad\sim\codecs\dctv.js:31:15)
    at evaluateTask (D:\work\ClaudeCode\avatar-image-pad\sim\lib\evaluate.js:49:21)
    at MessagePort.<anonymous> (D:\work\ClaudeCode\avatar-image-pad\sim\run.js:17:51)
    at [nodejs.internal.kHybridDispatch] (node:internal/event_target:843:20)
    at MessagePort.<anonymous> (node:internal/per_context/messageport:23:28)
FAIL dctv r128-s8 32 kodim07 Error: payload too small for one symbol
    at encodeStream (D:\work\ClaudeCode\avatar-image-pad\sim\codecs\packet-coder.js:135:27)
    at Object.encode (D:\work\ClaudeCode\avatar-image-pad\sim\codecs\packet-coder.js:192:30)
    at Object.encode (D:\work\ClaudeCode\avatar-image-pad\sim\codecs\dctv.js:31:15)
    at evaluateTask (D:\work\ClaudeCode\avatar-image-pad\sim\lib\evaluate.js:49:21)
    at MessagePort.<anonymous> (D:\work\ClaudeCode\avatar-image-pad\sim\run.js:17:51)
    at [nodejs.internal.kHybridDispatch] (node:internal/event_target:843:20)
    at MessagePort.<anonymous> (node:internal/per_context/messageport:23:28)
780/896 (3002s, failed 41)
FAIL dctv r128-s8 32 kodim08 Error: payload too small for one symbol
    at encodeStream (D:\work\ClaudeCode\avatar-image-pad\sim\codecs\packet-coder.js:135:27)
    at Object.encode (D:\work\ClaudeCode\avatar-image-pad\sim\codecs\packet-coder.js:192:30)
    at Object.encode (D:\work\ClaudeCode\avatar-image-pad\sim\codecs\dctv.js:31:15)
    at evaluateTask (D:\work\ClaudeCode\avatar-image-pad\sim\lib\evaluate.js:49:21)
    at MessagePort.<anonymous> (D:\work\ClaudeCode\avatar-image-pad\sim\run.js:17:51)
    at [nodejs.internal.kHybridDispatch] (node:internal/event_target:843:20)
    at MessagePort.<anonymous> (node:internal/per_context/messageport:23:28)
FAIL dctv r128-s8 32 kodim15 Error: payload too small for one symbol
    at encodeStream (D:\work\ClaudeCode\avatar-image-pad\sim\codecs\packet-coder.js:135:27)
    at Object.encode (D:\work\ClaudeCode\avatar-image-pad\sim\codecs\packet-coder.js:192:30)
    at Object.encode (D:\work\ClaudeCode\avatar-image-pad\sim\codecs\dctv.js:31:15)
    at evaluateTask (D:\work\ClaudeCode\avatar-image-pad\sim\lib\evaluate.js:49:21)
    at MessagePort.<anonymous> (D:\work\ClaudeCode\avatar-image-pad\sim\run.js:17:51)
    at [nodejs.internal.kHybridDispatch] (node:internal/event_target:843:20)
    at MessagePort.<anonymous> (node:internal/per_context/messageport:23:28)
FAIL dctv r128-s8 32 kodim19 Error: payload too small for one symbol
    at encodeStream (D:\work\ClaudeCode\avatar-image-pad\sim\codecs\packet-coder.js:135:27)
    at Object.encode (D:\work\ClaudeCode\avatar-image-pad\sim\codecs\packet-coder.js:192:30)
    at Object.encode (D:\work\ClaudeCode\avatar-image-pad\sim\codecs\dctv.js:31:15)
    at evaluateTask (D:\work\ClaudeCode\avatar-image-pad\sim\lib\evaluate.js:49:21)
    at MessagePort.<anonymous> (D:\work\ClaudeCode\avatar-image-pad\sim\run.js:17:51)
    at [nodejs.internal.kHybridDispatch] (node:internal/event_target:843:20)
    at MessagePort.<anonymous> (node:internal/per_context/messageport:23:28)
FAIL dctv r128-s8 32 kodim20 Error: payload too small for one symbol
    at encodeStream (D:\work\ClaudeCode\avatar-image-pad\sim\codecs\packet-coder.js:135:27)
    at Object.encode (D:\work\ClaudeCode\avatar-image-pad\sim\codecs\packet-coder.js:192:30)
    at Object.encode (D:\work\ClaudeCode\avatar-image-pad\sim\codecs\dctv.js:31:15)
    at evaluateTask (D:\work\ClaudeCode\avatar-image-pad\sim\lib\evaluate.js:49:21)
    at MessagePort.<anonymous> (D:\work\ClaudeCode\avatar-image-pad\sim\run.js:17:51)
    at [nodejs.internal.kHybridDispatch] (node:internal/event_target:843:20)
    at MessagePort.<anonymous> (node:internal/per_context/messageport:23:28)
FAIL dctv r128-s8 32 kodim23 Error: payload too small for one symbol
    at encodeStream (D:\work\ClaudeCode\avatar-image-pad\sim\codecs\packet-coder.js:135:27)
    at Object.encode (D:\work\ClaudeCode\avatar-image-pad\sim\codecs\packet-coder.js:192:30)
    at Object.encode (D:\work\ClaudeCode\avatar-image-pad\sim\codecs\dctv.js:31:15)
    at evaluateTask (D:\work\ClaudeCode\avatar-image-pad\sim\lib\evaluate.js:49:21)
    at MessagePort.<anonymous> (D:\work\ClaudeCode\avatar-image-pad\sim\run.js:17:51)
    at [nodejs.internal.kHybridDispatch] (node:internal/event_target:843:20)
    at MessagePort.<anonymous> (node:internal/per_context/messageport:23:28)
FAIL dctv r128-s8 32 screenshot_mahara Error: payload too small for one symbol
    at encodeStream (D:\work\ClaudeCode\avatar-image-pad\sim\codecs\packet-coder.js:135:27)
    at Object.encode (D:\work\ClaudeCode\avatar-image-pad\sim\codecs\packet-coder.js:192:30)
    at Object.encode (D:\work\ClaudeCode\avatar-image-pad\sim\codecs\dctv.js:31:15)
    at evaluateTask (D:\work\ClaudeCode\avatar-image-pad\sim\lib\evaluate.js:49:21)
    at MessagePort.<anonymous> (D:\work\ClaudeCode\avatar-image-pad\sim\run.js:17:51)
    at [nodejs.internal.kHybridDispatch] (node:internal/event_target:843:20)
    at MessagePort.<anonymous> (node:internal/per_context/messageport:23:28)
FAIL dctv r128-s8 32 screenshot_wikipedia Error: payload too small for one symbol
    at encodeStream (D:\work\ClaudeCode\avatar-image-pad\sim\codecs\packet-coder.js:135:27)
    at Object.encode (D:\work\ClaudeCode\avatar-image-pad\sim\codecs\packet-coder.js:192:30)
    at Object.encode (D:\work\ClaudeCode\avatar-image-pad\sim\codecs\dctv.js:31:15)
    at evaluateTask (D:\work\ClaudeCode\avatar-image-pad\sim\lib\evaluate.js:49:21)
    at MessagePort.<anonymous> (D:\work\ClaudeCode\avatar-image-pad\sim\run.js:17:51)
    at [nodejs.internal.kHybridDispatch] (node:internal/event_target:843:20)
    at MessagePort.<anonymous> (node:internal/per_context/messageport:23:28)
800/896 (3065s, failed 48)
FAIL wav q96-rd 32 illust_chibi Error: payload too small for one symbol
    at Object.encodeStream (D:\work\ClaudeCode\avatar-image-pad\sim\codecs\packet-coder.js:135:27)
    at Object.encode (D:\work\ClaudeCode\avatar-image-pad\sim\codecs\wav.js:195:42)
    at evaluateTask (D:\work\ClaudeCode\avatar-image-pad\sim\lib\evaluate.js:49:21)
    at MessagePort.<anonymous> (D:\work\ClaudeCode\avatar-image-pad\sim\run.js:17:51)
    at [nodejs.internal.kHybridDispatch] (node:internal/event_target:843:20)
    at MessagePort.<anonymous> (node:internal/per_context/messageport:23:28)
FAIL wav q96-rd 32 illust_pc_newyear Error: payload too small for one symbol
    at Object.encodeStream (D:\work\ClaudeCode\avatar-image-pad\sim\codecs\packet-coder.js:135:27)
    at Object.encode (D:\work\ClaudeCode\avatar-image-pad\sim\codecs\wav.js:195:42)
    at evaluateTask (D:\work\ClaudeCode\avatar-image-pad\sim\lib\evaluate.js:49:21)
    at MessagePort.<anonymous> (D:\work\ClaudeCode\avatar-image-pad\sim\run.js:17:51)
    at [nodejs.internal.kHybridDispatch] (node:internal/event_target:843:20)
    at MessagePort.<anonymous> (node:internal/per_context/messageport:23:28)
FAIL wav q96-rd 32 illust_tux Error: payload too small for one symbol
    at Object.encodeStream (D:\work\ClaudeCode\avatar-image-pad\sim\codecs\packet-coder.js:135:27)
    at Object.encode (D:\work\ClaudeCode\avatar-image-pad\sim\codecs\wav.js:195:42)
    at evaluateTask (D:\work\ClaudeCode\avatar-image-pad\sim\lib\evaluate.js:49:21)
    at MessagePort.<anonymous> (D:\work\ClaudeCode\avatar-image-pad\sim\run.js:17:51)
    at [nodejs.internal.kHybridDispatch] (node:internal/event_target:843:20)
    at MessagePort.<anonymous> (node:internal/per_context/messageport:23:28)
FAIL wav q96-rd 32 illust_wikipetan_face Error: payload too small for one symbol
    at Object.encodeStream (D:\work\ClaudeCode\avatar-image-pad\sim\codecs\packet-coder.js:135:27)
    at Object.encode (D:\work\ClaudeCode\avatar-image-pad\sim\codecs\wav.js:195:42)
    at evaluateTask (D:\work\ClaudeCode\avatar-image-pad\sim\lib\evaluate.js:49:21)
    at MessagePort.<anonymous> (D:\work\ClaudeCode\avatar-image-pad\sim\run.js:17:51)
    at [nodejs.internal.kHybridDispatch] (node:internal/event_target:843:20)
    at MessagePort.<anonymous> (node:internal/per_context/messageport:23:28)
FAIL wav q96-rd 32 kodim01 Error: payload too small for one symbol
    at Object.encodeStream (D:\work\ClaudeCode\avatar-image-pad\sim\codecs\packet-coder.js:135:27)
    at Object.encode (D:\work\ClaudeCode\avatar-image-pad\sim\codecs\wav.js:195:42)
    at evaluateTask (D:\work\ClaudeCode\avatar-image-pad\sim\lib\evaluate.js:49:21)
    at MessagePort.<anonymous> (D:\work\ClaudeCode\avatar-image-pad\sim\run.js:17:51)
    at [nodejs.internal.kHybridDispatch] (node:internal/event_target:843:20)
    at MessagePort.<anonymous> (node:internal/per_context/messageport:23:28)
FAIL wav q96-rd 32 kodim03 Error: payload too small for one symbol
    at Object.encodeStream (D:\work\ClaudeCode\avatar-image-pad\sim\codecs\packet-coder.js:135:27)
    at Object.encode (D:\work\ClaudeCode\avatar-image-pad\sim\codecs\wav.js:195:42)
    at evaluateTask (D:\work\ClaudeCode\avatar-image-pad\sim\lib\evaluate.js:49:21)
    at MessagePort.<anonymous> (D:\work\ClaudeCode\avatar-image-pad\sim\run.js:17:51)
    at [nodejs.internal.kHybridDispatch] (node:internal/event_target:843:20)
    at MessagePort.<anonymous> (node:internal/per_context/messageport:23:28)
FAIL wav q96-rd 32 kodim04 Error: payload too small for one symbol
    at Object.encodeStream (D:\work\ClaudeCode\avatar-image-pad\sim\codecs\packet-coder.js:135:27)
    at Object.encode (D:\work\ClaudeCode\avatar-image-pad\sim\codecs\wav.js:195:42)
    at evaluateTask (D:\work\ClaudeCode\avatar-image-pad\sim\lib\evaluate.js:49:21)
    at MessagePort.<anonymous> (D:\work\ClaudeCode\avatar-image-pad\sim\run.js:17:51)
    at [nodejs.internal.kHybridDispatch] (node:internal/event_target:843:20)
    at MessagePort.<anonymous> (node:internal/per_context/messageport:23:28)
FAIL wav q96-rd 32 kodim05 Error: payload too small for one symbol
    at Object.encodeStream (D:\work\ClaudeCode\avatar-image-pad\sim\codecs\packet-coder.js:135:27)
    at Object.encode (D:\work\ClaudeCode\avatar-image-pad\sim\codecs\wav.js:195:42)
    at evaluateTask (D:\work\ClaudeCode\avatar-image-pad\sim\lib\evaluate.js:49:21)
    at MessagePort.<anonymous> (D:\work\ClaudeCode\avatar-image-pad\sim\run.js:17:51)
    at [nodejs.internal.kHybridDispatch] (node:internal/event_target:843:20)
    at MessagePort.<anonymous> (node:internal/per_context/messageport:23:28)
FAIL wav q96-rd 32 kodim07 Error: payload too small for one symbol
    at Object.encodeStream (D:\work\ClaudeCode\avatar-image-pad\sim\codecs\packet-coder.js:135:27)
    at Object.encode (D:\work\ClaudeCode\avatar-image-pad\sim\codecs\wav.js:195:42)
    at evaluateTask (D:\work\ClaudeCode\avatar-image-pad\sim\lib\evaluate.js:49:21)
    at MessagePort.<anonymous> (D:\work\ClaudeCode\avatar-image-pad\sim\run.js:17:51)
    at [nodejs.internal.kHybridDispatch] (node:internal/event_target:843:20)
    at MessagePort.<anonymous> (node:internal/per_context/messageport:23:28)
FAIL wav q96-rd 32 kodim08 Error: payload too small for one symbol
    at Object.encodeStream (D:\work\ClaudeCode\avatar-image-pad\sim\codecs\packet-coder.js:135:27)
    at Object.encode (D:\work\ClaudeCode\avatar-image-pad\sim\codecs\wav.js:195:42)
    at evaluateTask (D:\work\ClaudeCode\avatar-image-pad\sim\lib\evaluate.js:49:21)
    at MessagePort.<anonymous> (D:\work\ClaudeCode\avatar-image-pad\sim\run.js:17:51)
    at [nodejs.internal.kHybridDispatch] (node:internal/event_target:843:20)
    at MessagePort.<anonymous> (node:internal/per_context/messageport:23:28)
FAIL wav q96-rd 32 kodim15 Error: payload too small for one symbol
    at Object.encodeStream (D:\work\ClaudeCode\avatar-image-pad\sim\codecs\packet-coder.js:135:27)
    at Object.encode (D:\work\ClaudeCode\avatar-image-pad\sim\codecs\wav.js:195:42)
    at evaluateTask (D:\work\ClaudeCode\avatar-image-pad\sim\lib\evaluate.js:49:21)
    at MessagePort.<anonymous> (D:\work\ClaudeCode\avatar-image-pad\sim\run.js:17:51)
    at [nodejs.internal.kHybridDispatch] (node:internal/event_target:843:20)
    at MessagePort.<anonymous> (node:internal/per_context/messageport:23:28)
FAIL wav q96-rd 32 kodim19 Error: payload too small for one symbol
    at Object.encodeStream (D:\work\ClaudeCode\avatar-image-pad\sim\codecs\packet-coder.js:135:27)
    at Object.encode (D:\work\ClaudeCode\avatar-image-pad\sim\codecs\wav.js:195:42)
    at evaluateTask (D:\work\ClaudeCode\avatar-image-pad\sim\lib\evaluate.js:49:21)
    at MessagePort.<anonymous> (D:\work\ClaudeCode\avatar-image-pad\sim\run.js:17:51)
    at [nodejs.internal.kHybridDispatch] (node:internal/event_target:843:20)
    at MessagePort.<anonymous> (node:internal/per_context/messageport:23:28)
FAIL wav q96-rd 32 kodim20 Error: payload too small for one symbol
    at Object.encodeStream (D:\work\ClaudeCode\avatar-image-pad\sim\codecs\packet-coder.js:135:27)
    at Object.encode (D:\work\ClaudeCode\avatar-image-pad\sim\codecs\wav.js:195:42)
    at evaluateTask (D:\work\ClaudeCode\avatar-image-pad\sim\lib\evaluate.js:49:21)
    at MessagePort.<anonymous> (D:\work\ClaudeCode\avatar-image-pad\sim\run.js:17:51)
    at [nodejs.internal.kHybridDispatch] (node:internal/event_target:843:20)
    at MessagePort.<anonymous> (node:internal/per_context/messageport:23:28)
FAIL wav q96-rd 32 kodim23 Error: payload too small for one symbol
    at Object.encodeStream (D:\work\ClaudeCode\avatar-image-pad\sim\codecs\packet-coder.js:135:27)
    at Object.encode (D:\work\ClaudeCode\avatar-image-pad\sim\codecs\wav.js:195:42)
    at evaluateTask (D:\work\ClaudeCode\avatar-image-pad\sim\lib\evaluate.js:49:21)
    at MessagePort.<anonymous> (D:\work\ClaudeCode\avatar-image-pad\sim\run.js:17:51)
    at [nodejs.internal.kHybridDispatch] (node:internal/event_target:843:20)
    at MessagePort.<anonymous> (node:internal/per_context/messageport:23:28)
FAIL wav q96-rd 32 screenshot_mahara Error: payload too small for one symbol
    at Object.encodeStream (D:\work\ClaudeCode\avatar-image-pad\sim\codecs\packet-coder.js:135:27)
    at Object.encode (D:\work\ClaudeCode\avatar-image-pad\sim\codecs\wav.js:195:42)
    at evaluateTask (D:\work\ClaudeCode\avatar-image-pad\sim\lib\evaluate.js:49:21)
    at MessagePort.<anonymous> (D:\work\ClaudeCode\avatar-image-pad\sim\run.js:17:51)
    at [nodejs.internal.kHybridDispatch] (node:internal/event_target:843:20)
    at MessagePort.<anonymous> (node:internal/per_context/messageport:23:28)
FAIL wav q96-rd 32 screenshot_wikipedia Error: payload too small for one symbol
    at Object.encodeStream (D:\work\ClaudeCode\avatar-image-pad\sim\codecs\packet-coder.js:135:27)
    at Object.encode (D:\work\ClaudeCode\avatar-image-pad\sim\codecs\wav.js:195:42)
    at evaluateTask (D:\work\ClaudeCode\avatar-image-pad\sim\lib\evaluate.js:49:21)
    at MessagePort.<anonymous> (D:\work\ClaudeCode\avatar-image-pad\sim\run.js:17:51)
    at [nodejs.internal.kHybridDispatch] (node:internal/event_target:843:20)
    at MessagePort.<anonymous> (node:internal/per_context/messageport:23:28)
820/896 (3086s, failed 64)
840/896 (3213s, failed 64)
860/896 (3299s, failed 64)
FAIL wavl L192-64-20 32 illust_chibi Error: payload too small for one symbol
    at Object.encodeStream (D:\work\ClaudeCode\avatar-image-pad\sim\codecs\packet-coder.js:135:27)
    at Object.encode (D:\work\ClaudeCode\avatar-image-pad\sim\codecs\wavl.js:113:32)
    at evaluateTask (D:\work\ClaudeCode\avatar-image-pad\sim\lib\evaluate.js:49:21)
    at MessagePort.<anonymous> (D:\work\ClaudeCode\avatar-image-pad\sim\run.js:17:51)
    at [nodejs.internal.kHybridDispatch] (node:internal/event_target:843:20)
    at MessagePort.<anonymous> (node:internal/per_context/messageport:23:28)
FAIL wavl L192-64-20 32 illust_pc_newyear Error: payload too small for one symbol
    at Object.encodeStream (D:\work\ClaudeCode\avatar-image-pad\sim\codecs\packet-coder.js:135:27)
    at Object.encode (D:\work\ClaudeCode\avatar-image-pad\sim\codecs\wavl.js:113:32)
    at evaluateTask (D:\work\ClaudeCode\avatar-image-pad\sim\lib\evaluate.js:49:21)
    at MessagePort.<anonymous> (D:\work\ClaudeCode\avatar-image-pad\sim\run.js:17:51)
    at [nodejs.internal.kHybridDispatch] (node:internal/event_target:843:20)
    at MessagePort.<anonymous> (node:internal/per_context/messageport:23:28)
FAIL wavl L192-64-20 32 illust_tux Error: payload too small for one symbol
    at Object.encodeStream (D:\work\ClaudeCode\avatar-image-pad\sim\codecs\packet-coder.js:135:27)
    at Object.encode (D:\work\ClaudeCode\avatar-image-pad\sim\codecs\wavl.js:113:32)
    at evaluateTask (D:\work\ClaudeCode\avatar-image-pad\sim\lib\evaluate.js:49:21)
    at MessagePort.<anonymous> (D:\work\ClaudeCode\avatar-image-pad\sim\run.js:17:51)
    at [nodejs.internal.kHybridDispatch] (node:internal/event_target:843:20)
    at MessagePort.<anonymous> (node:internal/per_context/messageport:23:28)
FAIL wavl L192-64-20 32 illust_wikipetan_face Error: payload too small for one symbol
    at Object.encodeStream (D:\work\ClaudeCode\avatar-image-pad\sim\codecs\packet-coder.js:135:27)
    at Object.encode (D:\work\ClaudeCode\avatar-image-pad\sim\codecs\wavl.js:113:32)
    at evaluateTask (D:\work\ClaudeCode\avatar-image-pad\sim\lib\evaluate.js:49:21)
    at MessagePort.<anonymous> (D:\work\ClaudeCode\avatar-image-pad\sim\run.js:17:51)
    at [nodejs.internal.kHybridDispatch] (node:internal/event_target:843:20)
    at MessagePort.<anonymous> (node:internal/per_context/messageport:23:28)
FAIL wavl L192-64-20 32 kodim01 Error: payload too small for one symbol
    at Object.encodeStream (D:\work\ClaudeCode\avatar-image-pad\sim\codecs\packet-coder.js:135:27)
    at Object.encode (D:\work\ClaudeCode\avatar-image-pad\sim\codecs\wavl.js:113:32)
    at evaluateTask (D:\work\ClaudeCode\avatar-image-pad\sim\lib\evaluate.js:49:21)
    at MessagePort.<anonymous> (D:\work\ClaudeCode\avatar-image-pad\sim\run.js:17:51)
    at [nodejs.internal.kHybridDispatch] (node:internal/event_target:843:20)
    at MessagePort.<anonymous> (node:internal/per_context/messageport:23:28)
FAIL wavl L192-64-20 32 kodim03 Error: payload too small for one symbol
    at Object.encodeStream (D:\work\ClaudeCode\avatar-image-pad\sim\codecs\packet-coder.js:135:27)
    at Object.encode (D:\work\ClaudeCode\avatar-image-pad\sim\codecs\wavl.js:113:32)
    at evaluateTask (D:\work\ClaudeCode\avatar-image-pad\sim\lib\evaluate.js:49:21)
    at MessagePort.<anonymous> (D:\work\ClaudeCode\avatar-image-pad\sim\run.js:17:51)
    at [nodejs.internal.kHybridDispatch] (node:internal/event_target:843:20)
    at MessagePort.<anonymous> (node:internal/per_context/messageport:23:28)
FAIL wavl L192-64-20 32 kodim04 Error: payload too small for one symbol
    at Object.encodeStream (D:\work\ClaudeCode\avatar-image-pad\sim\codecs\packet-coder.js:135:27)
    at Object.encode (D:\work\ClaudeCode\avatar-image-pad\sim\codecs\wavl.js:113:32)
    at evaluateTask (D:\work\ClaudeCode\avatar-image-pad\sim\lib\evaluate.js:49:21)
    at MessagePort.<anonymous> (D:\work\ClaudeCode\avatar-image-pad\sim\run.js:17:51)
    at [nodejs.internal.kHybridDispatch] (node:internal/event_target:843:20)
    at MessagePort.<anonymous> (node:internal/per_context/messageport:23:28)
FAIL wavl L192-64-20 32 kodim05 Error: payload too small for one symbol
    at Object.encodeStream (D:\work\ClaudeCode\avatar-image-pad\sim\codecs\packet-coder.js:135:27)
    at Object.encode (D:\work\ClaudeCode\avatar-image-pad\sim\codecs\wavl.js:113:32)
    at evaluateTask (D:\work\ClaudeCode\avatar-image-pad\sim\lib\evaluate.js:49:21)
    at MessagePort.<anonymous> (D:\work\ClaudeCode\avatar-image-pad\sim\run.js:17:51)
    at [nodejs.internal.kHybridDispatch] (node:internal/event_target:843:20)
    at MessagePort.<anonymous> (node:internal/per_context/messageport:23:28)
FAIL wavl L192-64-20 32 kodim07 Error: payload too small for one symbol
    at Object.encodeStream (D:\work\ClaudeCode\avatar-image-pad\sim\codecs\packet-coder.js:135:27)
    at Object.encode (D:\work\ClaudeCode\avatar-image-pad\sim\codecs\wavl.js:113:32)
    at evaluateTask (D:\work\ClaudeCode\avatar-image-pad\sim\lib\evaluate.js:49:21)
    at MessagePort.<anonymous> (D:\work\ClaudeCode\avatar-image-pad\sim\run.js:17:51)
    at [nodejs.internal.kHybridDispatch] (node:internal/event_target:843:20)
    at MessagePort.<anonymous> (node:internal/per_context/messageport:23:28)
FAIL wavl L192-64-20 32 kodim08 Error: payload too small for one symbol
    at Object.encodeStream (D:\work\ClaudeCode\avatar-image-pad\sim\codecs\packet-coder.js:135:27)
    at Object.encode (D:\work\ClaudeCode\avatar-image-pad\sim\codecs\wavl.js:113:32)
    at evaluateTask (D:\work\ClaudeCode\avatar-image-pad\sim\lib\evaluate.js:49:21)
    at MessagePort.<anonymous> (D:\work\ClaudeCode\avatar-image-pad\sim\run.js:17:51)
    at [nodejs.internal.kHybridDispatch] (node:internal/event_target:843:20)
    at MessagePort.<anonymous> (node:internal/per_context/messageport:23:28)
FAIL wavl L192-64-20 32 kodim15 Error: payload too small for one symbol
    at Object.encodeStream (D:\work\ClaudeCode\avatar-image-pad\sim\codecs\packet-coder.js:135:27)
    at Object.encode (D:\work\ClaudeCode\avatar-image-pad\sim\codecs\wavl.js:113:32)
    at evaluateTask (D:\work\ClaudeCode\avatar-image-pad\sim\lib\evaluate.js:49:21)
    at MessagePort.<anonymous> (D:\work\ClaudeCode\avatar-image-pad\sim\run.js:17:51)
    at [nodejs.internal.kHybridDispatch] (node:internal/event_target:843:20)
    at MessagePort.<anonymous> (node:internal/per_context/messageport:23:28)
FAIL wavl L192-64-20 32 kodim19 Error: payload too small for one symbol
    at Object.encodeStream (D:\work\ClaudeCode\avatar-image-pad\sim\codecs\packet-coder.js:135:27)
    at Object.encode (D:\work\ClaudeCode\avatar-image-pad\sim\codecs\wavl.js:113:32)
    at evaluateTask (D:\work\ClaudeCode\avatar-image-pad\sim\lib\evaluate.js:49:21)
    at MessagePort.<anonymous> (D:\work\ClaudeCode\avatar-image-pad\sim\run.js:17:51)
    at [nodejs.internal.kHybridDispatch] (node:internal/event_target:843:20)
    at MessagePort.<anonymous> (node:internal/per_context/messageport:23:28)
FAIL wavl L192-64-20 32 kodim20 Error: payload too small for one symbol
    at Object.encodeStream (D:\work\ClaudeCode\avatar-image-pad\sim\codecs\packet-coder.js:135:27)
    at Object.encode (D:\work\ClaudeCode\avatar-image-pad\sim\codecs\wavl.js:113:32)
    at evaluateTask (D:\work\ClaudeCode\avatar-image-pad\sim\lib\evaluate.js:49:21)
    at MessagePort.<anonymous> (D:\work\ClaudeCode\avatar-image-pad\sim\run.js:17:51)
    at [nodejs.internal.kHybridDispatch] (node:internal/event_target:843:20)
    at MessagePort.<anonymous> (node:internal/per_context/messageport:23:28)
880/896 (3366s, failed 77)
FAIL wavl L192-64-20 32 kodim23 Error: payload too small for one symbol
    at Object.encodeStream (D:\work\ClaudeCode\avatar-image-pad\sim\codecs\packet-coder.js:135:27)
    at Object.encode (D:\work\ClaudeCode\avatar-image-pad\sim\codecs\wavl.js:113:32)
    at evaluateTask (D:\work\ClaudeCode\avatar-image-pad\sim\lib\evaluate.js:49:21)
    at MessagePort.<anonymous> (D:\work\ClaudeCode\avatar-image-pad\sim\run.js:17:51)
    at [nodejs.internal.kHybridDispatch] (node:internal/event_target:843:20)
    at MessagePort.<anonymous> (node:internal/per_context/messageport:23:28)
FAIL wavl L192-64-20 32 screenshot_mahara Error: payload too small for one symbol
    at Object.encodeStream (D:\work\ClaudeCode\avatar-image-pad\sim\codecs\packet-coder.js:135:27)
    at Object.encode (D:\work\ClaudeCode\avatar-image-pad\sim\codecs\wavl.js:113:32)
    at evaluateTask (D:\work\ClaudeCode\avatar-image-pad\sim\lib\evaluate.js:49:21)
    at MessagePort.<anonymous> (D:\work\ClaudeCode\avatar-image-pad\sim\run.js:17:51)
    at [nodejs.internal.kHybridDispatch] (node:internal/event_target:843:20)
    at MessagePort.<anonymous> (node:internal/per_context/messageport:23:28)
FAIL wavl L192-64-20 32 screenshot_wikipedia Error: payload too small for one symbol
    at Object.encodeStream (D:\work\ClaudeCode\avatar-image-pad\sim\codecs\packet-coder.js:135:27)
    at Object.encode (D:\work\ClaudeCode\avatar-image-pad\sim\codecs\wavl.js:113:32)
    at evaluateTask (D:\work\ClaudeCode\avatar-image-pad\sim\lib\evaluate.js:49:21)
    at MessagePort.<anonymous> (D:\work\ClaudeCode\avatar-image-pad\sim\run.js:17:51)
    at [nodejs.internal.kHybridDispatch] (node:internal/event_target:843:20)
    at MessagePort.<anonymous> (node:internal/per_context/messageport:23:28)
896/896 (3390s, failed 80)
