128 tasks, 14 workers
20/128 (72s, failed 0)
40/128 (103s, failed 0)
60/128 (152s, failed 0)
80/128 (195s, failed 0)
FAIL dual th8b2l-k4-pw60-L192-64-20 32 illust_chibi Error: prim: cannot fit 36-bit primitive into P=20
    at layout (D:\work\ClaudeCode\avatar-image-pad\sim\codecs\prim.js:64:17)
    at Object.encode (D:\work\ClaudeCode\avatar-image-pad\sim\codecs\prim.js:198:15)
    at buildBase (D:\work\ClaudeCode\avatar-image-pad\sim\codecs\dual.js:46:19)
    at D:\work\ClaudeCode\avatar-image-pad\sim\codecs\dual.js:66:88
    at Array.map (<anonymous>)
    at tables (D:\work\ClaudeCode\avatar-image-pad\sim\codecs\dual.js:66:45)
    at Object.encode (D:\work\ClaudeCode\avatar-image-pad\sim\codecs\dual.js:123:17)
    at evaluateTask (D:\work\ClaudeCode\avatar-image-pad\sim\lib\evaluate.js:66:21)
    at MessagePort.<anonymous> (D:\work\ClaudeCode\avatar-image-pad\sim\run.js:17:51)
    at [nodejs.internal.kHybridDispatch] (node:internal/event_target:843:20)
100/128 (241s, failed 1)
FAIL dual th8b2l-k4-pw60-L192-64-20 32 illust_pc_newyear Error: prim: cannot fit 36-bit primitive into P=20
    at layout (D:\work\ClaudeCode\avatar-image-pad\sim\codecs\prim.js:64:17)
    at Object.encode (D:\work\ClaudeCode\avatar-image-pad\sim\codecs\prim.js:198:15)
    at buildBase (D:\work\ClaudeCode\avatar-image-pad\sim\codecs\dual.js:46:19)
    at D:\work\ClaudeCode\avatar-image-pad\sim\codecs\dual.js:66:88
    at Array.map (<anonymous>)
    at tables (D:\work\ClaudeCode\avatar-image-pad\sim\codecs\dual.js:66:45)
    at Object.encode (D:\work\ClaudeCode\avatar-image-pad\sim\codecs\dual.js:123:17)
    at evaluateTask (D:\work\ClaudeCode\avatar-image-pad\sim\lib\evaluate.js:66:21)
    at MessagePort.<anonymous> (D:\work\ClaudeCode\avatar-image-pad\sim\run.js:17:51)
    at [nodejs.internal.kHybridDispatch] (node:internal/event_target:843:20)
FAIL dual th8b2l-k4-pw60-L192-64-20 32 illust_tux Error: prim: cannot fit 36-bit primitive into P=20
    at layout (D:\work\ClaudeCode\avatar-image-pad\sim\codecs\prim.js:64:17)
    at Object.encode (D:\work\ClaudeCode\avatar-image-pad\sim\codecs\prim.js:198:15)
    at buildBase (D:\work\ClaudeCode\avatar-image-pad\sim\codecs\dual.js:46:19)
    at D:\work\ClaudeCode\avatar-image-pad\sim\codecs\dual.js:66:88
    at Array.map (<anonymous>)
    at tables (D:\work\ClaudeCode\avatar-image-pad\sim\codecs\dual.js:66:45)
    at Object.encode (D:\work\ClaudeCode\avatar-image-pad\sim\codecs\dual.js:123:17)
    at evaluateTask (D:\work\ClaudeCode\avatar-image-pad\sim\lib\evaluate.js:66:21)
    at MessagePort.<anonymous> (D:\work\ClaudeCode\avatar-image-pad\sim\run.js:17:51)
    at [nodejs.internal.kHybridDispatch] (node:internal/event_target:843:20)
FAIL dual th8b2l-k4-pw60-L192-64-20 32 illust_wikipetan_face Error: prim: cannot fit 36-bit primitive into P=20
    at layout (D:\work\ClaudeCode\avatar-image-pad\sim\codecs\prim.js:64:17)
    at Object.encode (D:\work\ClaudeCode\avatar-image-pad\sim\codecs\prim.js:198:15)
    at buildBase (D:\work\ClaudeCode\avatar-image-pad\sim\codecs\dual.js:46:19)
    at D:\work\ClaudeCode\avatar-image-pad\sim\codecs\dual.js:66:88
    at Array.map (<anonymous>)
    at tables (D:\work\ClaudeCode\avatar-image-pad\sim\codecs\dual.js:66:45)
    at Object.encode (D:\work\ClaudeCode\avatar-image-pad\sim\codecs\dual.js:123:17)
    at evaluateTask (D:\work\ClaudeCode\avatar-image-pad\sim\lib\evaluate.js:66:21)
    at MessagePort.<anonymous> (D:\work\ClaudeCode\avatar-image-pad\sim\run.js:17:51)
    at [nodejs.internal.kHybridDispatch] (node:internal/event_target:843:20)
FAIL dual th8b2l-k4-pw60-L192-64-20 32 kodim01 Error: prim: cannot fit 36-bit primitive into P=20
    at layout (D:\work\ClaudeCode\avatar-image-pad\sim\codecs\prim.js:64:17)
    at Object.encode (D:\work\ClaudeCode\avatar-image-pad\sim\codecs\prim.js:198:15)
    at buildBase (D:\work\ClaudeCode\avatar-image-pad\sim\codecs\dual.js:46:19)
    at D:\work\ClaudeCode\avatar-image-pad\sim\codecs\dual.js:66:88
    at Array.map (<anonymous>)
    at tables (D:\work\ClaudeCode\avatar-image-pad\sim\codecs\dual.js:66:45)
    at Object.encode (D:\work\ClaudeCode\avatar-image-pad\sim\codecs\dual.js:123:17)
    at evaluateTask (D:\work\ClaudeCode\avatar-image-pad\sim\lib\evaluate.js:66:21)
    at MessagePort.<anonymous> (D:\work\ClaudeCode\avatar-image-pad\sim\run.js:17:51)
    at [nodejs.internal.kHybridDispatch] (node:internal/event_target:843:20)
FAIL dual th8b2l-k4-pw60-L192-64-20 32 kodim03 Error: prim: cannot fit 36-bit primitive into P=20
    at layout (D:\work\ClaudeCode\avatar-image-pad\sim\codecs\prim.js:64:17)
    at Object.encode (D:\work\ClaudeCode\avatar-image-pad\sim\codecs\prim.js:198:15)
    at buildBase (D:\work\ClaudeCode\avatar-image-pad\sim\codecs\dual.js:46:19)
    at D:\work\ClaudeCode\avatar-image-pad\sim\codecs\dual.js:66:88
    at Array.map (<anonymous>)
    at tables (D:\work\ClaudeCode\avatar-image-pad\sim\codecs\dual.js:66:45)
    at Object.encode (D:\work\ClaudeCode\avatar-image-pad\sim\codecs\dual.js:123:17)
    at evaluateTask (D:\work\ClaudeCode\avatar-image-pad\sim\lib\evaluate.js:66:21)
    at MessagePort.<anonymous> (D:\work\ClaudeCode\avatar-image-pad\sim\run.js:17:51)
    at [nodejs.internal.kHybridDispatch] (node:internal/event_target:843:20)
FAIL dual th8b2l-k4-pw60-L192-64-20 32 kodim04 Error: prim: cannot fit 36-bit primitive into P=20
    at layout (D:\work\ClaudeCode\avatar-image-pad\sim\codecs\prim.js:64:17)
    at Object.encode (D:\work\ClaudeCode\avatar-image-pad\sim\codecs\prim.js:198:15)
    at buildBase (D:\work\ClaudeCode\avatar-image-pad\sim\codecs\dual.js:46:19)
    at D:\work\ClaudeCode\avatar-image-pad\sim\codecs\dual.js:66:88
    at Array.map (<anonymous>)
    at tables (D:\work\ClaudeCode\avatar-image-pad\sim\codecs\dual.js:66:45)
    at Object.encode (D:\work\ClaudeCode\avatar-image-pad\sim\codecs\dual.js:123:17)
    at evaluateTask (D:\work\ClaudeCode\avatar-image-pad\sim\lib\evaluate.js:66:21)
    at MessagePort.<anonymous> (D:\work\ClaudeCode\avatar-image-pad\sim\run.js:17:51)
    at [nodejs.internal.kHybridDispatch] (node:internal/event_target:843:20)
FAIL dual th8b2l-k4-pw60-L192-64-20 32 kodim05 Error: prim: cannot fit 36-bit primitive into P=20
    at layout (D:\work\ClaudeCode\avatar-image-pad\sim\codecs\prim.js:64:17)
    at Object.encode (D:\work\ClaudeCode\avatar-image-pad\sim\codecs\prim.js:198:15)
    at buildBase (D:\work\ClaudeCode\avatar-image-pad\sim\codecs\dual.js:46:19)
    at D:\work\ClaudeCode\avatar-image-pad\sim\codecs\dual.js:66:88
    at Array.map (<anonymous>)
    at tables (D:\work\ClaudeCode\avatar-image-pad\sim\codecs\dual.js:66:45)
    at Object.encode (D:\work\ClaudeCode\avatar-image-pad\sim\codecs\dual.js:123:17)
    at evaluateTask (D:\work\ClaudeCode\avatar-image-pad\sim\lib\evaluate.js:66:21)
    at MessagePort.<anonymous> (D:\work\ClaudeCode\avatar-image-pad\sim\run.js:17:51)
    at [nodejs.internal.kHybridDispatch] (node:internal/event_target:843:20)
FAIL dual th8b2l-k4-pw60-L192-64-20 32 kodim07 Error: prim: cannot fit 36-bit primitive into P=20
    at layout (D:\work\ClaudeCode\avatar-image-pad\sim\codecs\prim.js:64:17)
    at Object.encode (D:\work\ClaudeCode\avatar-image-pad\sim\codecs\prim.js:198:15)
    at buildBase (D:\work\ClaudeCode\avatar-image-pad\sim\codecs\dual.js:46:19)
    at D:\work\ClaudeCode\avatar-image-pad\sim\codecs\dual.js:66:88
    at Array.map (<anonymous>)
    at tables (D:\work\ClaudeCode\avatar-image-pad\sim\codecs\dual.js:66:45)
    at Object.encode (D:\work\ClaudeCode\avatar-image-pad\sim\codecs\dual.js:123:17)
    at evaluateTask (D:\work\ClaudeCode\avatar-image-pad\sim\lib\evaluate.js:66:21)
    at MessagePort.<anonymous> (D:\work\ClaudeCode\avatar-image-pad\sim\run.js:17:51)
    at [nodejs.internal.kHybridDispatch] (node:internal/event_target:843:20)
FAIL dual th8b2l-k4-pw60-L192-64-20 32 kodim08 Error: prim: cannot fit 36-bit primitive into P=20
    at layout (D:\work\ClaudeCode\avatar-image-pad\sim\codecs\prim.js:64:17)
    at Object.encode (D:\work\ClaudeCode\avatar-image-pad\sim\codecs\prim.js:198:15)
    at buildBase (D:\work\ClaudeCode\avatar-image-pad\sim\codecs\dual.js:46:19)
    at D:\work\ClaudeCode\avatar-image-pad\sim\codecs\dual.js:66:88
    at Array.map (<anonymous>)
    at tables (D:\work\ClaudeCode\avatar-image-pad\sim\codecs\dual.js:66:45)
    at Object.encode (D:\work\ClaudeCode\avatar-image-pad\sim\codecs\dual.js:123:17)
    at evaluateTask (D:\work\ClaudeCode\avatar-image-pad\sim\lib\evaluate.js:66:21)
    at MessagePort.<anonymous> (D:\work\ClaudeCode\avatar-image-pad\sim\run.js:17:51)
    at [nodejs.internal.kHybridDispatch] (node:internal/event_target:843:20)
FAIL dual th8b2l-k4-pw60-L192-64-20 32 kodim15 Error: prim: cannot fit 36-bit primitive into P=20
    at layout (D:\work\ClaudeCode\avatar-image-pad\sim\codecs\prim.js:64:17)
    at Object.encode (D:\work\ClaudeCode\avatar-image-pad\sim\codecs\prim.js:198:15)
    at buildBase (D:\work\ClaudeCode\avatar-image-pad\sim\codecs\dual.js:46:19)
    at D:\work\ClaudeCode\avatar-image-pad\sim\codecs\dual.js:66:88
    at Array.map (<anonymous>)
    at tables (D:\work\ClaudeCode\avatar-image-pad\sim\codecs\dual.js:66:45)
    at Object.encode (D:\work\ClaudeCode\avatar-image-pad\sim\codecs\dual.js:123:17)
    at evaluateTask (D:\work\ClaudeCode\avatar-image-pad\sim\lib\evaluate.js:66:21)
    at MessagePort.<anonymous> (D:\work\ClaudeCode\avatar-image-pad\sim\run.js:17:51)
    at [nodejs.internal.kHybridDispatch] (node:internal/event_target:843:20)
FAIL dual th8b2l-k4-pw60-L192-64-20 32 kodim19 Error: prim: cannot fit 36-bit primitive into P=20
    at layout (D:\work\ClaudeCode\avatar-image-pad\sim\codecs\prim.js:64:17)
    at Object.encode (D:\work\ClaudeCode\avatar-image-pad\sim\codecs\prim.js:198:15)
    at buildBase (D:\work\ClaudeCode\avatar-image-pad\sim\codecs\dual.js:46:19)
    at D:\work\ClaudeCode\avatar-image-pad\sim\codecs\dual.js:66:88
    at Array.map (<anonymous>)
    at tables (D:\work\ClaudeCode\avatar-image-pad\sim\codecs\dual.js:66:45)
    at Object.encode (D:\work\ClaudeCode\avatar-image-pad\sim\codecs\dual.js:123:17)
    at evaluateTask (D:\work\ClaudeCode\avatar-image-pad\sim\lib\evaluate.js:66:21)
    at MessagePort.<anonymous> (D:\work\ClaudeCode\avatar-image-pad\sim\run.js:17:51)
    at [nodejs.internal.kHybridDispatch] (node:internal/event_target:843:20)
FAIL dual th8b2l-k4-pw60-L192-64-20 32 kodim20 Error: prim: cannot fit 36-bit primitive into P=20
    at layout (D:\work\ClaudeCode\avatar-image-pad\sim\codecs\prim.js:64:17)
    at Object.encode (D:\work\ClaudeCode\avatar-image-pad\sim\codecs\prim.js:198:15)
    at buildBase (D:\work\ClaudeCode\avatar-image-pad\sim\codecs\dual.js:46:19)
    at D:\work\ClaudeCode\avatar-image-pad\sim\codecs\dual.js:66:88
    at Array.map (<anonymous>)
    at tables (D:\work\ClaudeCode\avatar-image-pad\sim\codecs\dual.js:66:45)
    at Object.encode (D:\work\ClaudeCode\avatar-image-pad\sim\codecs\dual.js:123:17)
    at evaluateTask (D:\work\ClaudeCode\avatar-image-pad\sim\lib\evaluate.js:66:21)
    at MessagePort.<anonymous> (D:\work\ClaudeCode\avatar-image-pad\sim\run.js:17:51)
    at [nodejs.internal.kHybridDispatch] (node:internal/event_target:843:20)
FAIL dual th8b2l-k4-pw60-L192-64-20 32 kodim23 Error: prim: cannot fit 36-bit primitive into P=20
    at layout (D:\work\ClaudeCode\avatar-image-pad\sim\codecs\prim.js:64:17)
    at Object.encode (D:\work\ClaudeCode\avatar-image-pad\sim\codecs\prim.js:198:15)
    at buildBase (D:\work\ClaudeCode\avatar-image-pad\sim\codecs\dual.js:46:19)
    at D:\work\ClaudeCode\avatar-image-pad\sim\codecs\dual.js:66:88
    at Array.map (<anonymous>)
    at tables (D:\work\ClaudeCode\avatar-image-pad\sim\codecs\dual.js:66:45)
    at Object.encode (D:\work\ClaudeCode\avatar-image-pad\sim\codecs\dual.js:123:17)
    at evaluateTask (D:\work\ClaudeCode\avatar-image-pad\sim\lib\evaluate.js:66:21)
    at MessagePort.<anonymous> (D:\work\ClaudeCode\avatar-image-pad\sim\run.js:17:51)
    at [nodejs.internal.kHybridDispatch] (node:internal/event_target:843:20)
FAIL dual th8b2l-k4-pw60-L192-64-20 32 screenshot_mahara Error: prim: cannot fit 36-bit primitive into P=20
    at layout (D:\work\ClaudeCode\avatar-image-pad\sim\codecs\prim.js:64:17)
    at Object.encode (D:\work\ClaudeCode\avatar-image-pad\sim\codecs\prim.js:198:15)
    at buildBase (D:\work\ClaudeCode\avatar-image-pad\sim\codecs\dual.js:46:19)
    at D:\work\ClaudeCode\avatar-image-pad\sim\codecs\dual.js:66:88
    at Array.map (<anonymous>)
    at tables (D:\work\ClaudeCode\avatar-image-pad\sim\codecs\dual.js:66:45)
    at Object.encode (D:\work\ClaudeCode\avatar-image-pad\sim\codecs\dual.js:123:17)
    at evaluateTask (D:\work\ClaudeCode\avatar-image-pad\sim\lib\evaluate.js:66:21)
    at MessagePort.<anonymous> (D:\work\ClaudeCode\avatar-image-pad\sim\run.js:17:51)
    at [nodejs.internal.kHybridDispatch] (node:internal/event_target:843:20)
FAIL dual th8b2l-k4-pw60-L192-64-20 32 screenshot_wikipedia Error: prim: cannot fit 36-bit primitive into P=20
    at layout (D:\work\ClaudeCode\avatar-image-pad\sim\codecs\prim.js:64:17)
    at Object.encode (D:\work\ClaudeCode\avatar-image-pad\sim\codecs\prim.js:198:15)
    at buildBase (D:\work\ClaudeCode\avatar-image-pad\sim\codecs\dual.js:46:19)
    at D:\work\ClaudeCode\avatar-image-pad\sim\codecs\dual.js:66:88
    at Array.map (<anonymous>)
    at tables (D:\work\ClaudeCode\avatar-image-pad\sim\codecs\dual.js:66:45)
    at Object.encode (D:\work\ClaudeCode\avatar-image-pad\sim\codecs\dual.js:123:17)
    at evaluateTask (D:\work\ClaudeCode\avatar-image-pad\sim\lib\evaluate.js:66:21)
    at MessagePort.<anonymous> (D:\work\ClaudeCode\avatar-image-pad\sim\run.js:17:51)
    at [nodejs.internal.kHybridDispatch] (node:internal/event_target:843:20)
120/128 (247s, failed 16)
128/128 (260s, failed 16)
