384 tasks, 14 workers
20/384 (187s, failed 0)
40/384 (265s, failed 0)
60/384 (325s, failed 0)
80/384 (481s, failed 0)
100/384 (590s, failed 0)
120/384 (714s, failed 0)
140/384 (819s, failed 0)
160/384 (910s, failed 0)
180/384 (1048s, failed 0)
200/384 (1160s, failed 0)
220/384 (1286s, failed 0)
240/384 (1355s, failed 0)
260/384 (1492s, failed 0)
280/384 (1599s, failed 0)
FAIL pw n60-e6.5.4-c332a2-r256-L192-64-20 32 illust_chibi Error: prim: cannot fit 36-bit primitive into P=21
    at layout (D:\work\ClaudeCode\avatar-image-pad\sim\codecs\prim.js:64:17)
    at Object.encode (D:\work\ClaudeCode\avatar-image-pad\sim\codecs\prim.js:197:15)
    at primBase (D:\work\ClaudeCode\avatar-image-pad\sim\codecs\pw.js:33:20)
    at D:\work\ClaudeCode\avatar-image-pad\sim\codecs\pw.js:56:24
    at Array.map (<anonymous>)
    at tables (D:\work\ClaudeCode\avatar-image-pad\sim\codecs\pw.js:55:38)
    at Object.encode (D:\work\ClaudeCode\avatar-image-pad\sim\codecs\pw.js:103:17)
    at evaluateTask (D:\work\ClaudeCode\avatar-image-pad\sim\lib\evaluate.js:59:21)
    at MessagePort.<anonymous> (D:\work\ClaudeCode\avatar-image-pad\sim\run.js:17:51)
    at [nodejs.internal.kHybridDispatch] (node:internal/event_target:843:20)
FAIL pw n60-e6.5.4-c332a2-r256-L192-64-20 32 illust_pc_newyear Error: prim: cannot fit 36-bit primitive into P=21
    at layout (D:\work\ClaudeCode\avatar-image-pad\sim\codecs\prim.js:64:17)
    at Object.encode (D:\work\ClaudeCode\avatar-image-pad\sim\codecs\prim.js:197:15)
    at primBase (D:\work\ClaudeCode\avatar-image-pad\sim\codecs\pw.js:33:20)
    at D:\work\ClaudeCode\avatar-image-pad\sim\codecs\pw.js:56:24
    at Array.map (<anonymous>)
    at tables (D:\work\ClaudeCode\avatar-image-pad\sim\codecs\pw.js:55:38)
    at Object.encode (D:\work\ClaudeCode\avatar-image-pad\sim\codecs\pw.js:103:17)
    at evaluateTask (D:\work\ClaudeCode\avatar-image-pad\sim\lib\evaluate.js:59:21)
    at MessagePort.<anonymous> (D:\work\ClaudeCode\avatar-image-pad\sim\run.js:17:51)
    at [nodejs.internal.kHybridDispatch] (node:internal/event_target:843:20)
FAIL pw n60-e6.5.4-c332a2-r256-L192-64-20 32 illust_tux Error: prim: cannot fit 36-bit primitive into P=21
    at layout (D:\work\ClaudeCode\avatar-image-pad\sim\codecs\prim.js:64:17)
    at Object.encode (D:\work\ClaudeCode\avatar-image-pad\sim\codecs\prim.js:197:15)
    at primBase (D:\work\ClaudeCode\avatar-image-pad\sim\codecs\pw.js:33:20)
    at D:\work\ClaudeCode\avatar-image-pad\sim\codecs\pw.js:56:24
    at Array.map (<anonymous>)
    at tables (D:\work\ClaudeCode\avatar-image-pad\sim\codecs\pw.js:55:38)
    at Object.encode (D:\work\ClaudeCode\avatar-image-pad\sim\codecs\pw.js:103:17)
    at evaluateTask (D:\work\ClaudeCode\avatar-image-pad\sim\lib\evaluate.js:59:21)
    at MessagePort.<anonymous> (D:\work\ClaudeCode\avatar-image-pad\sim\run.js:17:51)
    at [nodejs.internal.kHybridDispatch] (node:internal/event_target:843:20)
FAIL pw n60-e6.5.4-c332a2-r256-L192-64-20 32 illust_wikipetan_face Error: prim: cannot fit 36-bit primitive into P=21
    at layout (D:\work\ClaudeCode\avatar-image-pad\sim\codecs\prim.js:64:17)
    at Object.encode (D:\work\ClaudeCode\avatar-image-pad\sim\codecs\prim.js:197:15)
    at primBase (D:\work\ClaudeCode\avatar-image-pad\sim\codecs\pw.js:33:20)
    at D:\work\ClaudeCode\avatar-image-pad\sim\codecs\pw.js:56:24
    at Array.map (<anonymous>)
    at tables (D:\work\ClaudeCode\avatar-image-pad\sim\codecs\pw.js:55:38)
    at Object.encode (D:\work\ClaudeCode\avatar-image-pad\sim\codecs\pw.js:103:17)
    at evaluateTask (D:\work\ClaudeCode\avatar-image-pad\sim\lib\evaluate.js:59:21)
    at MessagePort.<anonymous> (D:\work\ClaudeCode\avatar-image-pad\sim\run.js:17:51)
    at [nodejs.internal.kHybridDispatch] (node:internal/event_target:843:20)
FAIL pw n60-e6.5.4-c332a2-r256-L192-64-20 32 kodim01 Error: prim: cannot fit 36-bit primitive into P=21
    at layout (D:\work\ClaudeCode\avatar-image-pad\sim\codecs\prim.js:64:17)
    at Object.encode (D:\work\ClaudeCode\avatar-image-pad\sim\codecs\prim.js:197:15)
    at primBase (D:\work\ClaudeCode\avatar-image-pad\sim\codecs\pw.js:33:20)
    at D:\work\ClaudeCode\avatar-image-pad\sim\codecs\pw.js:56:24
    at Array.map (<anonymous>)
    at tables (D:\work\ClaudeCode\avatar-image-pad\sim\codecs\pw.js:55:38)
    at Object.encode (D:\work\ClaudeCode\avatar-image-pad\sim\codecs\pw.js:103:17)
    at evaluateTask (D:\work\ClaudeCode\avatar-image-pad\sim\lib\evaluate.js:59:21)
    at MessagePort.<anonymous> (D:\work\ClaudeCode\avatar-image-pad\sim\run.js:17:51)
    at [nodejs.internal.kHybridDispatch] (node:internal/event_target:843:20)
FAIL pw n60-e6.5.4-c332a2-r256-L192-64-20 32 kodim03 Error: prim: cannot fit 36-bit primitive into P=21
    at layout (D:\work\ClaudeCode\avatar-image-pad\sim\codecs\prim.js:64:17)
    at Object.encode (D:\work\ClaudeCode\avatar-image-pad\sim\codecs\prim.js:197:15)
    at primBase (D:\work\ClaudeCode\avatar-image-pad\sim\codecs\pw.js:33:20)
    at D:\work\ClaudeCode\avatar-image-pad\sim\codecs\pw.js:56:24
    at Array.map (<anonymous>)
    at tables (D:\work\ClaudeCode\avatar-image-pad\sim\codecs\pw.js:55:38)
    at Object.encode (D:\work\ClaudeCode\avatar-image-pad\sim\codecs\pw.js:103:17)
    at evaluateTask (D:\work\ClaudeCode\avatar-image-pad\sim\lib\evaluate.js:59:21)
    at MessagePort.<anonymous> (D:\work\ClaudeCode\avatar-image-pad\sim\run.js:17:51)
    at [nodejs.internal.kHybridDispatch] (node:internal/event_target:843:20)
FAIL pw n60-e6.5.4-c332a2-r256-L192-64-20 32 kodim04 Error: prim: cannot fit 36-bit primitive into P=21
    at layout (D:\work\ClaudeCode\avatar-image-pad\sim\codecs\prim.js:64:17)
    at Object.encode (D:\work\ClaudeCode\avatar-image-pad\sim\codecs\prim.js:197:15)
    at primBase (D:\work\ClaudeCode\avatar-image-pad\sim\codecs\pw.js:33:20)
    at D:\work\ClaudeCode\avatar-image-pad\sim\codecs\pw.js:56:24
    at Array.map (<anonymous>)
    at tables (D:\work\ClaudeCode\avatar-image-pad\sim\codecs\pw.js:55:38)
    at Object.encode (D:\work\ClaudeCode\avatar-image-pad\sim\codecs\pw.js:103:17)
    at evaluateTask (D:\work\ClaudeCode\avatar-image-pad\sim\lib\evaluate.js:59:21)
    at MessagePort.<anonymous> (D:\work\ClaudeCode\avatar-image-pad\sim\run.js:17:51)
    at [nodejs.internal.kHybridDispatch] (node:internal/event_target:843:20)
FAIL pw n60-e6.5.4-c332a2-r256-L192-64-20 32 kodim05 Error: prim: cannot fit 36-bit primitive into P=21
    at layout (D:\work\ClaudeCode\avatar-image-pad\sim\codecs\prim.js:64:17)
    at Object.encode (D:\work\ClaudeCode\avatar-image-pad\sim\codecs\prim.js:197:15)
    at primBase (D:\work\ClaudeCode\avatar-image-pad\sim\codecs\pw.js:33:20)
    at D:\work\ClaudeCode\avatar-image-pad\sim\codecs\pw.js:56:24
    at Array.map (<anonymous>)
    at tables (D:\work\ClaudeCode\avatar-image-pad\sim\codecs\pw.js:55:38)
    at Object.encode (D:\work\ClaudeCode\avatar-image-pad\sim\codecs\pw.js:103:17)
    at evaluateTask (D:\work\ClaudeCode\avatar-image-pad\sim\lib\evaluate.js:59:21)
    at MessagePort.<anonymous> (D:\work\ClaudeCode\avatar-image-pad\sim\run.js:17:51)
    at [nodejs.internal.kHybridDispatch] (node:internal/event_target:843:20)
FAIL pw n60-e6.5.4-c332a2-r256-L192-64-20 32 kodim07 Error: prim: cannot fit 36-bit primitive into P=21
    at layout (D:\work\ClaudeCode\avatar-image-pad\sim\codecs\prim.js:64:17)
    at Object.encode (D:\work\ClaudeCode\avatar-image-pad\sim\codecs\prim.js:197:15)
    at primBase (D:\work\ClaudeCode\avatar-image-pad\sim\codecs\pw.js:33:20)
    at D:\work\ClaudeCode\avatar-image-pad\sim\codecs\pw.js:56:24
    at Array.map (<anonymous>)
    at tables (D:\work\ClaudeCode\avatar-image-pad\sim\codecs\pw.js:55:38)
    at Object.encode (D:\work\ClaudeCode\avatar-image-pad\sim\codecs\pw.js:103:17)
    at evaluateTask (D:\work\ClaudeCode\avatar-image-pad\sim\lib\evaluate.js:59:21)
    at MessagePort.<anonymous> (D:\work\ClaudeCode\avatar-image-pad\sim\run.js:17:51)
    at [nodejs.internal.kHybridDispatch] (node:internal/event_target:843:20)
300/384 (1685s, failed 9)
FAIL pw n60-e6.5.4-c332a2-r256-L192-64-20 32 kodim08 Error: prim: cannot fit 36-bit primitive into P=21
    at layout (D:\work\ClaudeCode\avatar-image-pad\sim\codecs\prim.js:64:17)
    at Object.encode (D:\work\ClaudeCode\avatar-image-pad\sim\codecs\prim.js:197:15)
    at primBase (D:\work\ClaudeCode\avatar-image-pad\sim\codecs\pw.js:33:20)
    at D:\work\ClaudeCode\avatar-image-pad\sim\codecs\pw.js:56:24
    at Array.map (<anonymous>)
    at tables (D:\work\ClaudeCode\avatar-image-pad\sim\codecs\pw.js:55:38)
    at Object.encode (D:\work\ClaudeCode\avatar-image-pad\sim\codecs\pw.js:103:17)
    at evaluateTask (D:\work\ClaudeCode\avatar-image-pad\sim\lib\evaluate.js:59:21)
    at MessagePort.<anonymous> (D:\work\ClaudeCode\avatar-image-pad\sim\run.js:17:51)
    at [nodejs.internal.kHybridDispatch] (node:internal/event_target:843:20)
FAIL pw n60-e6.5.4-c332a2-r256-L192-64-20 32 kodim15 Error: prim: cannot fit 36-bit primitive into P=21
    at layout (D:\work\ClaudeCode\avatar-image-pad\sim\codecs\prim.js:64:17)
    at Object.encode (D:\work\ClaudeCode\avatar-image-pad\sim\codecs\prim.js:197:15)
    at primBase (D:\work\ClaudeCode\avatar-image-pad\sim\codecs\pw.js:33:20)
    at D:\work\ClaudeCode\avatar-image-pad\sim\codecs\pw.js:56:24
    at Array.map (<anonymous>)
    at tables (D:\work\ClaudeCode\avatar-image-pad\sim\codecs\pw.js:55:38)
    at Object.encode (D:\work\ClaudeCode\avatar-image-pad\sim\codecs\pw.js:103:17)
    at evaluateTask (D:\work\ClaudeCode\avatar-image-pad\sim\lib\evaluate.js:59:21)
    at MessagePort.<anonymous> (D:\work\ClaudeCode\avatar-image-pad\sim\run.js:17:51)
    at [nodejs.internal.kHybridDispatch] (node:internal/event_target:843:20)
FAIL pw n60-e6.5.4-c332a2-r256-L192-64-20 32 kodim19 Error: prim: cannot fit 36-bit primitive into P=21
    at layout (D:\work\ClaudeCode\avatar-image-pad\sim\codecs\prim.js:64:17)
    at Object.encode (D:\work\ClaudeCode\avatar-image-pad\sim\codecs\prim.js:197:15)
    at primBase (D:\work\ClaudeCode\avatar-image-pad\sim\codecs\pw.js:33:20)
    at D:\work\ClaudeCode\avatar-image-pad\sim\codecs\pw.js:56:24
    at Array.map (<anonymous>)
    at tables (D:\work\ClaudeCode\avatar-image-pad\sim\codecs\pw.js:55:38)
    at Object.encode (D:\work\ClaudeCode\avatar-image-pad\sim\codecs\pw.js:103:17)
    at evaluateTask (D:\work\ClaudeCode\avatar-image-pad\sim\lib\evaluate.js:59:21)
    at MessagePort.<anonymous> (D:\work\ClaudeCode\avatar-image-pad\sim\run.js:17:51)
    at [nodejs.internal.kHybridDispatch] (node:internal/event_target:843:20)
FAIL pw n60-e6.5.4-c332a2-r256-L192-64-20 32 kodim20 Error: prim: cannot fit 36-bit primitive into P=21
    at layout (D:\work\ClaudeCode\avatar-image-pad\sim\codecs\prim.js:64:17)
    at Object.encode (D:\work\ClaudeCode\avatar-image-pad\sim\codecs\prim.js:197:15)
    at primBase (D:\work\ClaudeCode\avatar-image-pad\sim\codecs\pw.js:33:20)
    at D:\work\ClaudeCode\avatar-image-pad\sim\codecs\pw.js:56:24
    at Array.map (<anonymous>)
    at tables (D:\work\ClaudeCode\avatar-image-pad\sim\codecs\pw.js:55:38)
    at Object.encode (D:\work\ClaudeCode\avatar-image-pad\sim\codecs\pw.js:103:17)
    at evaluateTask (D:\work\ClaudeCode\avatar-image-pad\sim\lib\evaluate.js:59:21)
    at MessagePort.<anonymous> (D:\work\ClaudeCode\avatar-image-pad\sim\run.js:17:51)
    at [nodejs.internal.kHybridDispatch] (node:internal/event_target:843:20)
FAIL pw n60-e6.5.4-c332a2-r256-L192-64-20 32 kodim23 Error: prim: cannot fit 36-bit primitive into P=21
    at layout (D:\work\ClaudeCode\avatar-image-pad\sim\codecs\prim.js:64:17)
    at Object.encode (D:\work\ClaudeCode\avatar-image-pad\sim\codecs\prim.js:197:15)
    at primBase (D:\work\ClaudeCode\avatar-image-pad\sim\codecs\pw.js:33:20)
    at D:\work\ClaudeCode\avatar-image-pad\sim\codecs\pw.js:56:24
    at Array.map (<anonymous>)
    at tables (D:\work\ClaudeCode\avatar-image-pad\sim\codecs\pw.js:55:38)
    at Object.encode (D:\work\ClaudeCode\avatar-image-pad\sim\codecs\pw.js:103:17)
    at evaluateTask (D:\work\ClaudeCode\avatar-image-pad\sim\lib\evaluate.js:59:21)
    at MessagePort.<anonymous> (D:\work\ClaudeCode\avatar-image-pad\sim\run.js:17:51)
    at [nodejs.internal.kHybridDispatch] (node:internal/event_target:843:20)
FAIL pw n60-e6.5.4-c332a2-r256-L192-64-20 32 screenshot_mahara Error: prim: cannot fit 36-bit primitive into P=21
    at layout (D:\work\ClaudeCode\avatar-image-pad\sim\codecs\prim.js:64:17)
    at Object.encode (D:\work\ClaudeCode\avatar-image-pad\sim\codecs\prim.js:197:15)
    at primBase (D:\work\ClaudeCode\avatar-image-pad\sim\codecs\pw.js:33:20)
    at D:\work\ClaudeCode\avatar-image-pad\sim\codecs\pw.js:56:24
    at Array.map (<anonymous>)
    at tables (D:\work\ClaudeCode\avatar-image-pad\sim\codecs\pw.js:55:38)
    at Object.encode (D:\work\ClaudeCode\avatar-image-pad\sim\codecs\pw.js:103:17)
    at evaluateTask (D:\work\ClaudeCode\avatar-image-pad\sim\lib\evaluate.js:59:21)
    at MessagePort.<anonymous> (D:\work\ClaudeCode\avatar-image-pad\sim\run.js:17:51)
    at [nodejs.internal.kHybridDispatch] (node:internal/event_target:843:20)
FAIL pw n60-e6.5.4-c332a2-r256-L192-64-20 32 screenshot_wikipedia Error: prim: cannot fit 36-bit primitive into P=21
    at layout (D:\work\ClaudeCode\avatar-image-pad\sim\codecs\prim.js:64:17)
    at Object.encode (D:\work\ClaudeCode\avatar-image-pad\sim\codecs\prim.js:197:15)
    at primBase (D:\work\ClaudeCode\avatar-image-pad\sim\codecs\pw.js:33:20)
    at D:\work\ClaudeCode\avatar-image-pad\sim\codecs\pw.js:56:24
    at Array.map (<anonymous>)
    at tables (D:\work\ClaudeCode\avatar-image-pad\sim\codecs\pw.js:55:38)
    at Object.encode (D:\work\ClaudeCode\avatar-image-pad\sim\codecs\pw.js:103:17)
    at evaluateTask (D:\work\ClaudeCode\avatar-image-pad\sim\lib\evaluate.js:59:21)
    at MessagePort.<anonymous> (D:\work\ClaudeCode\avatar-image-pad\sim\run.js:17:51)
    at [nodejs.internal.kHybridDispatch] (node:internal/event_target:843:20)
320/384 (1767s, failed 16)
FAIL palq k2-r64 32 illust_chibi Error: payload too small for one symbol
    at Object.encodeStream (D:\work\ClaudeCode\avatar-image-pad\sim\codecs\packet-coder.js:135:27)
    at Object.encode (D:\work\ClaudeCode\avatar-image-pad\sim\codecs\palq.js:164:32)
    at evaluateTask (D:\work\ClaudeCode\avatar-image-pad\sim\lib\evaluate.js:59:21)
    at MessagePort.<anonymous> (D:\work\ClaudeCode\avatar-image-pad\sim\run.js:17:51)
    at [nodejs.internal.kHybridDispatch] (node:internal/event_target:843:20)
    at MessagePort.<anonymous> (node:internal/per_context/messageport:23:28)
FAIL palq k2-r64 32 illust_pc_newyear Error: payload too small for one symbol
    at Object.encodeStream (D:\work\ClaudeCode\avatar-image-pad\sim\codecs\packet-coder.js:135:27)
    at Object.encode (D:\work\ClaudeCode\avatar-image-pad\sim\codecs\palq.js:164:32)
    at evaluateTask (D:\work\ClaudeCode\avatar-image-pad\sim\lib\evaluate.js:59:21)
    at MessagePort.<anonymous> (D:\work\ClaudeCode\avatar-image-pad\sim\run.js:17:51)
    at [nodejs.internal.kHybridDispatch] (node:internal/event_target:843:20)
    at MessagePort.<anonymous> (node:internal/per_context/messageport:23:28)
FAIL palq k2-r64 32 illust_tux Error: payload too small for one symbol
    at Object.encodeStream (D:\work\ClaudeCode\avatar-image-pad\sim\codecs\packet-coder.js:135:27)
    at Object.encode (D:\work\ClaudeCode\avatar-image-pad\sim\codecs\palq.js:164:32)
    at evaluateTask (D:\work\ClaudeCode\avatar-image-pad\sim\lib\evaluate.js:59:21)
    at MessagePort.<anonymous> (D:\work\ClaudeCode\avatar-image-pad\sim\run.js:17:51)
    at [nodejs.internal.kHybridDispatch] (node:internal/event_target:843:20)
    at MessagePort.<anonymous> (node:internal/per_context/messageport:23:28)
FAIL palq k2-r64 32 illust_wikipetan_face Error: payload too small for one symbol
    at Object.encodeStream (D:\work\ClaudeCode\avatar-image-pad\sim\codecs\packet-coder.js:135:27)
    at Object.encode (D:\work\ClaudeCode\avatar-image-pad\sim\codecs\palq.js:164:32)
    at evaluateTask (D:\work\ClaudeCode\avatar-image-pad\sim\lib\evaluate.js:59:21)
    at MessagePort.<anonymous> (D:\work\ClaudeCode\avatar-image-pad\sim\run.js:17:51)
    at [nodejs.internal.kHybridDispatch] (node:internal/event_target:843:20)
    at MessagePort.<anonymous> (node:internal/per_context/messageport:23:28)
FAIL palq k2-r64 32 kodim01 Error: payload too small for one symbol
    at Object.encodeStream (D:\work\ClaudeCode\avatar-image-pad\sim\codecs\packet-coder.js:135:27)
    at Object.encode (D:\work\ClaudeCode\avatar-image-pad\sim\codecs\palq.js:164:32)
    at evaluateTask (D:\work\ClaudeCode\avatar-image-pad\sim\lib\evaluate.js:59:21)
    at MessagePort.<anonymous> (D:\work\ClaudeCode\avatar-image-pad\sim\run.js:17:51)
    at [nodejs.internal.kHybridDispatch] (node:internal/event_target:843:20)
    at MessagePort.<anonymous> (node:internal/per_context/messageport:23:28)
FAIL palq k2-r64 32 kodim03 Error: payload too small for one symbol
    at Object.encodeStream (D:\work\ClaudeCode\avatar-image-pad\sim\codecs\packet-coder.js:135:27)
    at Object.encode (D:\work\ClaudeCode\avatar-image-pad\sim\codecs\palq.js:164:32)
    at evaluateTask (D:\work\ClaudeCode\avatar-image-pad\sim\lib\evaluate.js:59:21)
    at MessagePort.<anonymous> (D:\work\ClaudeCode\avatar-image-pad\sim\run.js:17:51)
    at [nodejs.internal.kHybridDispatch] (node:internal/event_target:843:20)
    at MessagePort.<anonymous> (node:internal/per_context/messageport:23:28)
FAIL palq k2-r64 32 kodim04 Error: payload too small for one symbol
    at Object.encodeStream (D:\work\ClaudeCode\avatar-image-pad\sim\codecs\packet-coder.js:135:27)
    at Object.encode (D:\work\ClaudeCode\avatar-image-pad\sim\codecs\palq.js:164:32)
    at evaluateTask (D:\work\ClaudeCode\avatar-image-pad\sim\lib\evaluate.js:59:21)
    at MessagePort.<anonymous> (D:\work\ClaudeCode\avatar-image-pad\sim\run.js:17:51)
    at [nodejs.internal.kHybridDispatch] (node:internal/event_target:843:20)
    at MessagePort.<anonymous> (node:internal/per_context/messageport:23:28)
FAIL palq k2-r64 32 kodim05 Error: payload too small for one symbol
    at Object.encodeStream (D:\work\ClaudeCode\avatar-image-pad\sim\codecs\packet-coder.js:135:27)
    at Object.encode (D:\work\ClaudeCode\avatar-image-pad\sim\codecs\palq.js:164:32)
    at evaluateTask (D:\work\ClaudeCode\avatar-image-pad\sim\lib\evaluate.js:59:21)
    at MessagePort.<anonymous> (D:\work\ClaudeCode\avatar-image-pad\sim\run.js:17:51)
    at [nodejs.internal.kHybridDispatch] (node:internal/event_target:843:20)
    at MessagePort.<anonymous> (node:internal/per_context/messageport:23:28)
FAIL palq k2-r64 32 kodim07 Error: payload too small for one symbol
    at Object.encodeStream (D:\work\ClaudeCode\avatar-image-pad\sim\codecs\packet-coder.js:135:27)
    at Object.encode (D:\work\ClaudeCode\avatar-image-pad\sim\codecs\palq.js:164:32)
    at evaluateTask (D:\work\ClaudeCode\avatar-image-pad\sim\lib\evaluate.js:59:21)
    at MessagePort.<anonymous> (D:\work\ClaudeCode\avatar-image-pad\sim\run.js:17:51)
    at [nodejs.internal.kHybridDispatch] (node:internal/event_target:843:20)
    at MessagePort.<anonymous> (node:internal/per_context/messageport:23:28)
FAIL palq k2-r64 32 kodim08 Error: payload too small for one symbol
    at Object.encodeStream (D:\work\ClaudeCode\avatar-image-pad\sim\codecs\packet-coder.js:135:27)
    at Object.encode (D:\work\ClaudeCode\avatar-image-pad\sim\codecs\palq.js:164:32)
    at evaluateTask (D:\work\ClaudeCode\avatar-image-pad\sim\lib\evaluate.js:59:21)
    at MessagePort.<anonymous> (D:\work\ClaudeCode\avatar-image-pad\sim\run.js:17:51)
    at [nodejs.internal.kHybridDispatch] (node:internal/event_target:843:20)
    at MessagePort.<anonymous> (node:internal/per_context/messageport:23:28)
FAIL palq k2-r64 32 kodim15 Error: payload too small for one symbol
    at Object.encodeStream (D:\work\ClaudeCode\avatar-image-pad\sim\codecs\packet-coder.js:135:27)
    at Object.encode (D:\work\ClaudeCode\avatar-image-pad\sim\codecs\palq.js:164:32)
    at evaluateTask (D:\work\ClaudeCode\avatar-image-pad\sim\lib\evaluate.js:59:21)
    at MessagePort.<anonymous> (D:\work\ClaudeCode\avatar-image-pad\sim\run.js:17:51)
    at [nodejs.internal.kHybridDispatch] (node:internal/event_target:843:20)
    at MessagePort.<anonymous> (node:internal/per_context/messageport:23:28)
FAIL palq k2-r64 32 kodim19 Error: payload too small for one symbol
    at Object.encodeStream (D:\work\ClaudeCode\avatar-image-pad\sim\codecs\packet-coder.js:135:27)
    at Object.encode (D:\work\ClaudeCode\avatar-image-pad\sim\codecs\palq.js:164:32)
    at evaluateTask (D:\work\ClaudeCode\avatar-image-pad\sim\lib\evaluate.js:59:21)
    at MessagePort.<anonymous> (D:\work\ClaudeCode\avatar-image-pad\sim\run.js:17:51)
    at [nodejs.internal.kHybridDispatch] (node:internal/event_target:843:20)
    at MessagePort.<anonymous> (node:internal/per_context/messageport:23:28)
FAIL palq k2-r64 32 kodim20 Error: payload too small for one symbol
    at Object.encodeStream (D:\work\ClaudeCode\avatar-image-pad\sim\codecs\packet-coder.js:135:27)
    at Object.encode (D:\work\ClaudeCode\avatar-image-pad\sim\codecs\palq.js:164:32)
    at evaluateTask (D:\work\ClaudeCode\avatar-image-pad\sim\lib\evaluate.js:59:21)
    at MessagePort.<anonymous> (D:\work\ClaudeCode\avatar-image-pad\sim\run.js:17:51)
    at [nodejs.internal.kHybridDispatch] (node:internal/event_target:843:20)
    at MessagePort.<anonymous> (node:internal/per_context/messageport:23:28)
FAIL palq k2-r64 32 kodim23 Error: payload too small for one symbol
    at Object.encodeStream (D:\work\ClaudeCode\avatar-image-pad\sim\codecs\packet-coder.js:135:27)
    at Object.encode (D:\work\ClaudeCode\avatar-image-pad\sim\codecs\palq.js:164:32)
    at evaluateTask (D:\work\ClaudeCode\avatar-image-pad\sim\lib\evaluate.js:59:21)
    at MessagePort.<anonymous> (D:\work\ClaudeCode\avatar-image-pad\sim\run.js:17:51)
    at [nodejs.internal.kHybridDispatch] (node:internal/event_target:843:20)
    at MessagePort.<anonymous> (node:internal/per_context/messageport:23:28)
FAIL palq k2-r64 32 screenshot_mahara Error: payload too small for one symbol
    at Object.encodeStream (D:\work\ClaudeCode\avatar-image-pad\sim\codecs\packet-coder.js:135:27)
    at Object.encode (D:\work\ClaudeCode\avatar-image-pad\sim\codecs\palq.js:164:32)
    at evaluateTask (D:\work\ClaudeCode\avatar-image-pad\sim\lib\evaluate.js:59:21)
    at MessagePort.<anonymous> (D:\work\ClaudeCode\avatar-image-pad\sim\run.js:17:51)
    at [nodejs.internal.kHybridDispatch] (node:internal/event_target:843:20)
    at MessagePort.<anonymous> (node:internal/per_context/messageport:23:28)
FAIL palq k2-r64 32 screenshot_wikipedia Error: payload too small for one symbol
    at Object.encodeStream (D:\work\ClaudeCode\avatar-image-pad\sim\codecs\packet-coder.js:135:27)
    at Object.encode (D:\work\ClaudeCode\avatar-image-pad\sim\codecs\palq.js:164:32)
    at evaluateTask (D:\work\ClaudeCode\avatar-image-pad\sim\lib\evaluate.js:59:21)
    at MessagePort.<anonymous> (D:\work\ClaudeCode\avatar-image-pad\sim\run.js:17:51)
    at [nodejs.internal.kHybridDispatch] (node:internal/event_target:843:20)
    at MessagePort.<anonymous> (node:internal/per_context/messageport:23:28)
340/384 (1771s, failed 32)
FAIL tile T32-L192-48-t5 32 illust_chibi Error: payload too small for one symbol
    at Object.encodeStream (D:\work\ClaudeCode\avatar-image-pad\sim\codecs\packet-coder.js:135:27)
    at Object.encode (D:\work\ClaudeCode\avatar-image-pad\sim\codecs\tile.js:625:32)
    at evaluateTask (D:\work\ClaudeCode\avatar-image-pad\sim\lib\evaluate.js:59:21)
    at MessagePort.<anonymous> (D:\work\ClaudeCode\avatar-image-pad\sim\run.js:17:51)
    at [nodejs.internal.kHybridDispatch] (node:internal/event_target:843:20)
    at MessagePort.<anonymous> (node:internal/per_context/messageport:23:28)
FAIL tile T32-L192-48-t5 32 illust_pc_newyear Error: payload too small for one symbol
    at Object.encodeStream (D:\work\ClaudeCode\avatar-image-pad\sim\codecs\packet-coder.js:135:27)
    at Object.encode (D:\work\ClaudeCode\avatar-image-pad\sim\codecs\tile.js:625:32)
    at evaluateTask (D:\work\ClaudeCode\avatar-image-pad\sim\lib\evaluate.js:59:21)
    at MessagePort.<anonymous> (D:\work\ClaudeCode\avatar-image-pad\sim\run.js:17:51)
    at [nodejs.internal.kHybridDispatch] (node:internal/event_target:843:20)
    at MessagePort.<anonymous> (node:internal/per_context/messageport:23:28)
FAIL tile T32-L192-48-t5 32 illust_tux Error: payload too small for one symbol
    at Object.encodeStream (D:\work\ClaudeCode\avatar-image-pad\sim\codecs\packet-coder.js:135:27)
    at Object.encode (D:\work\ClaudeCode\avatar-image-pad\sim\codecs\tile.js:625:32)
    at evaluateTask (D:\work\ClaudeCode\avatar-image-pad\sim\lib\evaluate.js:59:21)
    at MessagePort.<anonymous> (D:\work\ClaudeCode\avatar-image-pad\sim\run.js:17:51)
    at [nodejs.internal.kHybridDispatch] (node:internal/event_target:843:20)
    at MessagePort.<anonymous> (node:internal/per_context/messageport:23:28)
FAIL tile T32-L192-48-t5 32 illust_wikipetan_face Error: payload too small for one symbol
    at Object.encodeStream (D:\work\ClaudeCode\avatar-image-pad\sim\codecs\packet-coder.js:135:27)
    at Object.encode (D:\work\ClaudeCode\avatar-image-pad\sim\codecs\tile.js:625:32)
    at evaluateTask (D:\work\ClaudeCode\avatar-image-pad\sim\lib\evaluate.js:59:21)
    at MessagePort.<anonymous> (D:\work\ClaudeCode\avatar-image-pad\sim\run.js:17:51)
    at [nodejs.internal.kHybridDispatch] (node:internal/event_target:843:20)
    at MessagePort.<anonymous> (node:internal/per_context/messageport:23:28)
FAIL tile T32-L192-48-t5 32 kodim01 Error: payload too small for one symbol
    at Object.encodeStream (D:\work\ClaudeCode\avatar-image-pad\sim\codecs\packet-coder.js:135:27)
    at Object.encode (D:\work\ClaudeCode\avatar-image-pad\sim\codecs\tile.js:625:32)
    at evaluateTask (D:\work\ClaudeCode\avatar-image-pad\sim\lib\evaluate.js:59:21)
    at MessagePort.<anonymous> (D:\work\ClaudeCode\avatar-image-pad\sim\run.js:17:51)
    at [nodejs.internal.kHybridDispatch] (node:internal/event_target:843:20)
    at MessagePort.<anonymous> (node:internal/per_context/messageport:23:28)
360/384 (1866s, failed 37)
FAIL tile T32-L192-48-t5 32 kodim03 Error: payload too small for one symbol
    at Object.encodeStream (D:\work\ClaudeCode\avatar-image-pad\sim\codecs\packet-coder.js:135:27)
    at Object.encode (D:\work\ClaudeCode\avatar-image-pad\sim\codecs\tile.js:625:32)
    at evaluateTask (D:\work\ClaudeCode\avatar-image-pad\sim\lib\evaluate.js:59:21)
    at MessagePort.<anonymous> (D:\work\ClaudeCode\avatar-image-pad\sim\run.js:17:51)
    at [nodejs.internal.kHybridDispatch] (node:internal/event_target:843:20)
    at MessagePort.<anonymous> (node:internal/per_context/messageport:23:28)
FAIL tile T32-L192-48-t5 32 kodim04 Error: payload too small for one symbol
    at Object.encodeStream (D:\work\ClaudeCode\avatar-image-pad\sim\codecs\packet-coder.js:135:27)
    at Object.encode (D:\work\ClaudeCode\avatar-image-pad\sim\codecs\tile.js:625:32)
    at evaluateTask (D:\work\ClaudeCode\avatar-image-pad\sim\lib\evaluate.js:59:21)
    at MessagePort.<anonymous> (D:\work\ClaudeCode\avatar-image-pad\sim\run.js:17:51)
    at [nodejs.internal.kHybridDispatch] (node:internal/event_target:843:20)
    at MessagePort.<anonymous> (node:internal/per_context/messageport:23:28)
FAIL tile T32-L192-48-t5 32 kodim05 Error: payload too small for one symbol
    at Object.encodeStream (D:\work\ClaudeCode\avatar-image-pad\sim\codecs\packet-coder.js:135:27)
    at Object.encode (D:\work\ClaudeCode\avatar-image-pad\sim\codecs\tile.js:625:32)
    at evaluateTask (D:\work\ClaudeCode\avatar-image-pad\sim\lib\evaluate.js:59:21)
    at MessagePort.<anonymous> (D:\work\ClaudeCode\avatar-image-pad\sim\run.js:17:51)
    at [nodejs.internal.kHybridDispatch] (node:internal/event_target:843:20)
    at MessagePort.<anonymous> (node:internal/per_context/messageport:23:28)
FAIL tile T32-L192-48-t5 32 kodim07 Error: payload too small for one symbol
    at Object.encodeStream (D:\work\ClaudeCode\avatar-image-pad\sim\codecs\packet-coder.js:135:27)
    at Object.encode (D:\work\ClaudeCode\avatar-image-pad\sim\codecs\tile.js:625:32)
    at evaluateTask (D:\work\ClaudeCode\avatar-image-pad\sim\lib\evaluate.js:59:21)
    at MessagePort.<anonymous> (D:\work\ClaudeCode\avatar-image-pad\sim\run.js:17:51)
    at [nodejs.internal.kHybridDispatch] (node:internal/event_target:843:20)
    at MessagePort.<anonymous> (node:internal/per_context/messageport:23:28)
FAIL tile T32-L192-48-t5 32 kodim08 Error: payload too small for one symbol
    at Object.encodeStream (D:\work\ClaudeCode\avatar-image-pad\sim\codecs\packet-coder.js:135:27)
    at Object.encode (D:\work\ClaudeCode\avatar-image-pad\sim\codecs\tile.js:625:32)
    at evaluateTask (D:\work\ClaudeCode\avatar-image-pad\sim\lib\evaluate.js:59:21)
    at MessagePort.<anonymous> (D:\work\ClaudeCode\avatar-image-pad\sim\run.js:17:51)
    at [nodejs.internal.kHybridDispatch] (node:internal/event_target:843:20)
    at MessagePort.<anonymous> (node:internal/per_context/messageport:23:28)
FAIL tile T32-L192-48-t5 32 kodim15 Error: payload too small for one symbol
    at Object.encodeStream (D:\work\ClaudeCode\avatar-image-pad\sim\codecs\packet-coder.js:135:27)
    at Object.encode (D:\work\ClaudeCode\avatar-image-pad\sim\codecs\tile.js:625:32)
    at evaluateTask (D:\work\ClaudeCode\avatar-image-pad\sim\lib\evaluate.js:59:21)
    at MessagePort.<anonymous> (D:\work\ClaudeCode\avatar-image-pad\sim\run.js:17:51)
    at [nodejs.internal.kHybridDispatch] (node:internal/event_target:843:20)
    at MessagePort.<anonymous> (node:internal/per_context/messageport:23:28)
FAIL tile T32-L192-48-t5 32 kodim19 Error: payload too small for one symbol
    at Object.encodeStream (D:\work\ClaudeCode\avatar-image-pad\sim\codecs\packet-coder.js:135:27)
    at Object.encode (D:\work\ClaudeCode\avatar-image-pad\sim\codecs\tile.js:625:32)
    at evaluateTask (D:\work\ClaudeCode\avatar-image-pad\sim\lib\evaluate.js:59:21)
    at MessagePort.<anonymous> (D:\work\ClaudeCode\avatar-image-pad\sim\run.js:17:51)
    at [nodejs.internal.kHybridDispatch] (node:internal/event_target:843:20)
    at MessagePort.<anonymous> (node:internal/per_context/messageport:23:28)
FAIL tile T32-L192-48-t5 32 kodim20 Error: payload too small for one symbol
    at Object.encodeStream (D:\work\ClaudeCode\avatar-image-pad\sim\codecs\packet-coder.js:135:27)
    at Object.encode (D:\work\ClaudeCode\avatar-image-pad\sim\codecs\tile.js:625:32)
    at evaluateTask (D:\work\ClaudeCode\avatar-image-pad\sim\lib\evaluate.js:59:21)
    at MessagePort.<anonymous> (D:\work\ClaudeCode\avatar-image-pad\sim\run.js:17:51)
    at [nodejs.internal.kHybridDispatch] (node:internal/event_target:843:20)
    at MessagePort.<anonymous> (node:internal/per_context/messageport:23:28)
FAIL tile T32-L192-48-t5 32 kodim23 Error: payload too small for one symbol
    at Object.encodeStream (D:\work\ClaudeCode\avatar-image-pad\sim\codecs\packet-coder.js:135:27)
    at Object.encode (D:\work\ClaudeCode\avatar-image-pad\sim\codecs\tile.js:625:32)
    at evaluateTask (D:\work\ClaudeCode\avatar-image-pad\sim\lib\evaluate.js:59:21)
    at MessagePort.<anonymous> (D:\work\ClaudeCode\avatar-image-pad\sim\run.js:17:51)
    at [nodejs.internal.kHybridDispatch] (node:internal/event_target:843:20)
    at MessagePort.<anonymous> (node:internal/per_context/messageport:23:28)
FAIL tile T32-L192-48-t5 32 screenshot_mahara Error: payload too small for one symbol
    at Object.encodeStream (D:\work\ClaudeCode\avatar-image-pad\sim\codecs\packet-coder.js:135:27)
    at Object.encode (D:\work\ClaudeCode\avatar-image-pad\sim\codecs\tile.js:625:32)
    at evaluateTask (D:\work\ClaudeCode\avatar-image-pad\sim\lib\evaluate.js:59:21)
    at MessagePort.<anonymous> (D:\work\ClaudeCode\avatar-image-pad\sim\run.js:17:51)
    at [nodejs.internal.kHybridDispatch] (node:internal/event_target:843:20)
    at MessagePort.<anonymous> (node:internal/per_context/messageport:23:28)
FAIL tile T32-L192-48-t5 32 screenshot_wikipedia Error: payload too small for one symbol
    at Object.encodeStream (D:\work\ClaudeCode\avatar-image-pad\sim\codecs\packet-coder.js:135:27)
    at Object.encode (D:\work\ClaudeCode\avatar-image-pad\sim\codecs\tile.js:625:32)
    at evaluateTask (D:\work\ClaudeCode\avatar-image-pad\sim\lib\evaluate.js:59:21)
    at MessagePort.<anonymous> (D:\work\ClaudeCode\avatar-image-pad\sim\run.js:17:51)
    at [nodejs.internal.kHybridDispatch] (node:internal/event_target:843:20)
    at MessagePort.<anonymous> (node:internal/per_context/messageport:23:28)
380/384 (1913s, failed 48)
384/384 (1924s, failed 48)
