768 tasks, 14 workers
20/768 (70s, failed 0)
40/768 (127s, failed 0)
60/768 (208s, failed 0)
80/768 (274s, failed 0)
FAIL prim e6.5.4-c332a2-r256-n200 32 illust_chibi Error: prim: cannot fit 36-bit primitive into P=22
    at layout (D:\work\ClaudeCode\avatar-image-pad\sim\codecs\prim.js:64:17)
    at Object.encode (D:\work\ClaudeCode\avatar-image-pad\sim\codecs\prim.js:198:15)
    at evaluateTask (D:\work\ClaudeCode\avatar-image-pad\sim\lib\evaluate.js:83:21)
    at MessagePort.<anonymous> (D:\work\ClaudeCode\avatar-image-pad\sim\run.js:17:51)
    at [nodejs.internal.kHybridDispatch] (node:internal/event_target:843:20)
    at MessagePort.<anonymous> (node:internal/per_context/messageport:23:28)
100/768 (346s, failed 1)
FAIL prim e6.5.4-c332a2-r256-n200 32 illust_pc_newyear Error: prim: cannot fit 36-bit primitive into P=22
    at layout (D:\work\ClaudeCode\avatar-image-pad\sim\codecs\prim.js:64:17)
    at Object.encode (D:\work\ClaudeCode\avatar-image-pad\sim\codecs\prim.js:198:15)
    at evaluateTask (D:\work\ClaudeCode\avatar-image-pad\sim\lib\evaluate.js:83:21)
    at MessagePort.<anonymous> (D:\work\ClaudeCode\avatar-image-pad\sim\run.js:17:51)
    at [nodejs.internal.kHybridDispatch] (node:internal/event_target:843:20)
    at MessagePort.<anonymous> (node:internal/per_context/messageport:23:28)
FAIL prim e6.5.4-c332a2-r256-n200 32 illust_tux Error: prim: cannot fit 36-bit primitive into P=22
    at layout (D:\work\ClaudeCode\avatar-image-pad\sim\codecs\prim.js:64:17)
    at Object.encode (D:\work\ClaudeCode\avatar-image-pad\sim\codecs\prim.js:198:15)
    at evaluateTask (D:\work\ClaudeCode\avatar-image-pad\sim\lib\evaluate.js:83:21)
    at MessagePort.<anonymous> (D:\work\ClaudeCode\avatar-image-pad\sim\run.js:17:51)
    at [nodejs.internal.kHybridDispatch] (node:internal/event_target:843:20)
    at MessagePort.<anonymous> (node:internal/per_context/messageport:23:28)
FAIL prim e6.5.4-c332a2-r256-n200 32 illust_wikipetan_face Error: prim: cannot fit 36-bit primitive into P=22
    at layout (D:\work\ClaudeCode\avatar-image-pad\sim\codecs\prim.js:64:17)
    at Object.encode (D:\work\ClaudeCode\avatar-image-pad\sim\codecs\prim.js:198:15)
    at evaluateTask (D:\work\ClaudeCode\avatar-image-pad\sim\lib\evaluate.js:83:21)
    at MessagePort.<anonymous> (D:\work\ClaudeCode\avatar-image-pad\sim\run.js:17:51)
    at [nodejs.internal.kHybridDispatch] (node:internal/event_target:843:20)
    at MessagePort.<anonymous> (node:internal/per_context/messageport:23:28)
FAIL prim e6.5.4-c332a2-r256-n200 32 kodim01 Error: prim: cannot fit 36-bit primitive into P=22
    at layout (D:\work\ClaudeCode\avatar-image-pad\sim\codecs\prim.js:64:17)
    at Object.encode (D:\work\ClaudeCode\avatar-image-pad\sim\codecs\prim.js:198:15)
    at evaluateTask (D:\work\ClaudeCode\avatar-image-pad\sim\lib\evaluate.js:83:21)
    at MessagePort.<anonymous> (D:\work\ClaudeCode\avatar-image-pad\sim\run.js:17:51)
    at [nodejs.internal.kHybridDispatch] (node:internal/event_target:843:20)
    at MessagePort.<anonymous> (node:internal/per_context/messageport:23:28)
FAIL prim e6.5.4-c332a2-r256-n200 32 kodim03 Error: prim: cannot fit 36-bit primitive into P=22
    at layout (D:\work\ClaudeCode\avatar-image-pad\sim\codecs\prim.js:64:17)
    at Object.encode (D:\work\ClaudeCode\avatar-image-pad\sim\codecs\prim.js:198:15)
    at evaluateTask (D:\work\ClaudeCode\avatar-image-pad\sim\lib\evaluate.js:83:21)
    at MessagePort.<anonymous> (D:\work\ClaudeCode\avatar-image-pad\sim\run.js:17:51)
    at [nodejs.internal.kHybridDispatch] (node:internal/event_target:843:20)
    at MessagePort.<anonymous> (node:internal/per_context/messageport:23:28)
FAIL prim e6.5.4-c332a2-r256-n200 32 kodim04 Error: prim: cannot fit 36-bit primitive into P=22
    at layout (D:\work\ClaudeCode\avatar-image-pad\sim\codecs\prim.js:64:17)
    at Object.encode (D:\work\ClaudeCode\avatar-image-pad\sim\codecs\prim.js:198:15)
    at evaluateTask (D:\work\ClaudeCode\avatar-image-pad\sim\lib\evaluate.js:83:21)
    at MessagePort.<anonymous> (D:\work\ClaudeCode\avatar-image-pad\sim\run.js:17:51)
    at [nodejs.internal.kHybridDispatch] (node:internal/event_target:843:20)
    at MessagePort.<anonymous> (node:internal/per_context/messageport:23:28)
FAIL prim e6.5.4-c332a2-r256-n200 32 kodim05 Error: prim: cannot fit 36-bit primitive into P=22
    at layout (D:\work\ClaudeCode\avatar-image-pad\sim\codecs\prim.js:64:17)
    at Object.encode (D:\work\ClaudeCode\avatar-image-pad\sim\codecs\prim.js:198:15)
    at evaluateTask (D:\work\ClaudeCode\avatar-image-pad\sim\lib\evaluate.js:83:21)
    at MessagePort.<anonymous> (D:\work\ClaudeCode\avatar-image-pad\sim\run.js:17:51)
    at [nodejs.internal.kHybridDispatch] (node:internal/event_target:843:20)
    at MessagePort.<anonymous> (node:internal/per_context/messageport:23:28)
FAIL prim e6.5.4-c332a2-r256-n200 32 kodim07 Error: prim: cannot fit 36-bit primitive into P=22
    at layout (D:\work\ClaudeCode\avatar-image-pad\sim\codecs\prim.js:64:17)
    at Object.encode (D:\work\ClaudeCode\avatar-image-pad\sim\codecs\prim.js:198:15)
    at evaluateTask (D:\work\ClaudeCode\avatar-image-pad\sim\lib\evaluate.js:83:21)
    at MessagePort.<anonymous> (D:\work\ClaudeCode\avatar-image-pad\sim\run.js:17:51)
    at [nodejs.internal.kHybridDispatch] (node:internal/event_target:843:20)
    at MessagePort.<anonymous> (node:internal/per_context/messageport:23:28)
FAIL prim e6.5.4-c332a2-r256-n200 32 kodim08 Error: prim: cannot fit 36-bit primitive into P=22
    at layout (D:\work\ClaudeCode\avatar-image-pad\sim\codecs\prim.js:64:17)
    at Object.encode (D:\work\ClaudeCode\avatar-image-pad\sim\codecs\prim.js:198:15)
    at evaluateTask (D:\work\ClaudeCode\avatar-image-pad\sim\lib\evaluate.js:83:21)
    at MessagePort.<anonymous> (D:\work\ClaudeCode\avatar-image-pad\sim\run.js:17:51)
    at [nodejs.internal.kHybridDispatch] (node:internal/event_target:843:20)
    at MessagePort.<anonymous> (node:internal/per_context/messageport:23:28)
FAIL prim e6.5.4-c332a2-r256-n200 32 kodim15 Error: prim: cannot fit 36-bit primitive into P=22
    at layout (D:\work\ClaudeCode\avatar-image-pad\sim\codecs\prim.js:64:17)
    at Object.encode (D:\work\ClaudeCode\avatar-image-pad\sim\codecs\prim.js:198:15)
    at evaluateTask (D:\work\ClaudeCode\avatar-image-pad\sim\lib\evaluate.js:83:21)
    at MessagePort.<anonymous> (D:\work\ClaudeCode\avatar-image-pad\sim\run.js:17:51)
    at [nodejs.internal.kHybridDispatch] (node:internal/event_target:843:20)
    at MessagePort.<anonymous> (node:internal/per_context/messageport:23:28)
FAIL prim e6.5.4-c332a2-r256-n200 32 kodim19 Error: prim: cannot fit 36-bit primitive into P=22
    at layout (D:\work\ClaudeCode\avatar-image-pad\sim\codecs\prim.js:64:17)
    at Object.encode (D:\work\ClaudeCode\avatar-image-pad\sim\codecs\prim.js:198:15)
    at evaluateTask (D:\work\ClaudeCode\avatar-image-pad\sim\lib\evaluate.js:83:21)
    at MessagePort.<anonymous> (D:\work\ClaudeCode\avatar-image-pad\sim\run.js:17:51)
    at [nodejs.internal.kHybridDispatch] (node:internal/event_target:843:20)
    at MessagePort.<anonymous> (node:internal/per_context/messageport:23:28)
FAIL prim e6.5.4-c332a2-r256-n200 32 kodim20 Error: prim: cannot fit 36-bit primitive into P=22
    at layout (D:\work\ClaudeCode\avatar-image-pad\sim\codecs\prim.js:64:17)
    at Object.encode (D:\work\ClaudeCode\avatar-image-pad\sim\codecs\prim.js:198:15)
    at evaluateTask (D:\work\ClaudeCode\avatar-image-pad\sim\lib\evaluate.js:83:21)
    at MessagePort.<anonymous> (D:\work\ClaudeCode\avatar-image-pad\sim\run.js:17:51)
    at [nodejs.internal.kHybridDispatch] (node:internal/event_target:843:20)
    at MessagePort.<anonymous> (node:internal/per_context/messageport:23:28)
FAIL prim e6.5.4-c332a2-r256-n200 32 kodim23 Error: prim: cannot fit 36-bit primitive into P=22
    at layout (D:\work\ClaudeCode\avatar-image-pad\sim\codecs\prim.js:64:17)
    at Object.encode (D:\work\ClaudeCode\avatar-image-pad\sim\codecs\prim.js:198:15)
    at evaluateTask (D:\work\ClaudeCode\avatar-image-pad\sim\lib\evaluate.js:83:21)
    at MessagePort.<anonymous> (D:\work\ClaudeCode\avatar-image-pad\sim\run.js:17:51)
    at [nodejs.internal.kHybridDispatch] (node:internal/event_target:843:20)
    at MessagePort.<anonymous> (node:internal/per_context/messageport:23:28)
FAIL prim e6.5.4-c332a2-r256-n200 32 screenshot_mahara Error: prim: cannot fit 36-bit primitive into P=22
    at layout (D:\work\ClaudeCode\avatar-image-pad\sim\codecs\prim.js:64:17)
    at Object.encode (D:\work\ClaudeCode\avatar-image-pad\sim\codecs\prim.js:198:15)
    at evaluateTask (D:\work\ClaudeCode\avatar-image-pad\sim\lib\evaluate.js:83:21)
    at MessagePort.<anonymous> (D:\work\ClaudeCode\avatar-image-pad\sim\run.js:17:51)
    at [nodejs.internal.kHybridDispatch] (node:internal/event_target:843:20)
    at MessagePort.<anonymous> (node:internal/per_context/messageport:23:28)
FAIL prim e6.5.4-c332a2-r256-n200 32 screenshot_wikipedia Error: prim: cannot fit 36-bit primitive into P=22
    at layout (D:\work\ClaudeCode\avatar-image-pad\sim\codecs\prim.js:64:17)
    at Object.encode (D:\work\ClaudeCode\avatar-image-pad\sim\codecs\prim.js:198:15)
    at evaluateTask (D:\work\ClaudeCode\avatar-image-pad\sim\lib\evaluate.js:83:21)
    at MessagePort.<anonymous> (D:\work\ClaudeCode\avatar-image-pad\sim\run.js:17:51)
    at [nodejs.internal.kHybridDispatch] (node:internal/event_target:843:20)
    at MessagePort.<anonymous> (node:internal/per_context/messageport:23:28)
120/768 (370s, failed 16)
140/768 (466s, failed 16)
160/768 (591s, failed 16)
180/768 (678s, failed 16)
200/768 (747s, failed 16)
220/768 (780s, failed 16)
240/768 (814s, failed 16)
260/768 (854s, failed 16)
280/768 (871s, failed 16)
300/768 (970s, failed 16)
320/768 (1126s, failed 16)
340/768 (1200s, failed 16)
360/768 (1284s, failed 16)
380/768 (1326s, failed 16)
400/768 (1360s, failed 16)
420/768 (1398s, failed 16)
440/768 (1424s, failed 16)
460/768 (1517s, failed 16)
480/768 (1697s, failed 16)
500/768 (1774s, failed 16)
520/768 (1855s, failed 16)
540/768 (1902s, failed 16)
560/768 (1934s, failed 16)
580/768 (1967s, failed 16)
600/768 (2001s, failed 16)
FAIL pw n60-e6.5.4-c332a2-r256-L192-64-20 32 illust_chibi Error: prim: cannot fit 36-bit primitive into P=21
    at layout (D:\work\ClaudeCode\avatar-image-pad\sim\codecs\prim.js:64:17)
    at Object.encode (D:\work\ClaudeCode\avatar-image-pad\sim\codecs\prim.js:198:15)
    at primBase (D:\work\ClaudeCode\avatar-image-pad\sim\codecs\pw.js:33:20)
    at D:\work\ClaudeCode\avatar-image-pad\sim\codecs\pw.js:56:24
    at Array.map (<anonymous>)
    at tables (D:\work\ClaudeCode\avatar-image-pad\sim\codecs\pw.js:55:38)
    at Object.encode (D:\work\ClaudeCode\avatar-image-pad\sim\codecs\pw.js:103:17)
    at evaluateTask (D:\work\ClaudeCode\avatar-image-pad\sim\lib\evaluate.js:83:21)
    at MessagePort.<anonymous> (D:\work\ClaudeCode\avatar-image-pad\sim\run.js:17:51)
    at [nodejs.internal.kHybridDispatch] (node:internal/event_target:843:20)
FAIL pw n60-e6.5.4-c332a2-r256-L192-64-20 32 illust_pc_newyear Error: prim: cannot fit 36-bit primitive into P=21
    at layout (D:\work\ClaudeCode\avatar-image-pad\sim\codecs\prim.js:64:17)
    at Object.encode (D:\work\ClaudeCode\avatar-image-pad\sim\codecs\prim.js:198:15)
    at primBase (D:\work\ClaudeCode\avatar-image-pad\sim\codecs\pw.js:33:20)
    at D:\work\ClaudeCode\avatar-image-pad\sim\codecs\pw.js:56:24
    at Array.map (<anonymous>)
    at tables (D:\work\ClaudeCode\avatar-image-pad\sim\codecs\pw.js:55:38)
    at Object.encode (D:\work\ClaudeCode\avatar-image-pad\sim\codecs\pw.js:103:17)
    at evaluateTask (D:\work\ClaudeCode\avatar-image-pad\sim\lib\evaluate.js:83:21)
    at MessagePort.<anonymous> (D:\work\ClaudeCode\avatar-image-pad\sim\run.js:17:51)
    at [nodejs.internal.kHybridDispatch] (node:internal/event_target:843:20)
FAIL pw n60-e6.5.4-c332a2-r256-L192-64-20 32 illust_tux Error: prim: cannot fit 36-bit primitive into P=21
    at layout (D:\work\ClaudeCode\avatar-image-pad\sim\codecs\prim.js:64:17)
    at Object.encode (D:\work\ClaudeCode\avatar-image-pad\sim\codecs\prim.js:198:15)
    at primBase (D:\work\ClaudeCode\avatar-image-pad\sim\codecs\pw.js:33:20)
    at D:\work\ClaudeCode\avatar-image-pad\sim\codecs\pw.js:56:24
    at Array.map (<anonymous>)
    at tables (D:\work\ClaudeCode\avatar-image-pad\sim\codecs\pw.js:55:38)
    at Object.encode (D:\work\ClaudeCode\avatar-image-pad\sim\codecs\pw.js:103:17)
    at evaluateTask (D:\work\ClaudeCode\avatar-image-pad\sim\lib\evaluate.js:83:21)
    at MessagePort.<anonymous> (D:\work\ClaudeCode\avatar-image-pad\sim\run.js:17:51)
    at [nodejs.internal.kHybridDispatch] (node:internal/event_target:843:20)
FAIL pw n60-e6.5.4-c332a2-r256-L192-64-20 32 illust_wikipetan_face Error: prim: cannot fit 36-bit primitive into P=21
    at layout (D:\work\ClaudeCode\avatar-image-pad\sim\codecs\prim.js:64:17)
    at Object.encode (D:\work\ClaudeCode\avatar-image-pad\sim\codecs\prim.js:198:15)
    at primBase (D:\work\ClaudeCode\avatar-image-pad\sim\codecs\pw.js:33:20)
    at D:\work\ClaudeCode\avatar-image-pad\sim\codecs\pw.js:56:24
    at Array.map (<anonymous>)
    at tables (D:\work\ClaudeCode\avatar-image-pad\sim\codecs\pw.js:55:38)
    at Object.encode (D:\work\ClaudeCode\avatar-image-pad\sim\codecs\pw.js:103:17)
    at evaluateTask (D:\work\ClaudeCode\avatar-image-pad\sim\lib\evaluate.js:83:21)
    at MessagePort.<anonymous> (D:\work\ClaudeCode\avatar-image-pad\sim\run.js:17:51)
    at [nodejs.internal.kHybridDispatch] (node:internal/event_target:843:20)
FAIL pw n60-e6.5.4-c332a2-r256-L192-64-20 32 kodim01 Error: prim: cannot fit 36-bit primitive into P=21
    at layout (D:\work\ClaudeCode\avatar-image-pad\sim\codecs\prim.js:64:17)
    at Object.encode (D:\work\ClaudeCode\avatar-image-pad\sim\codecs\prim.js:198:15)
    at primBase (D:\work\ClaudeCode\avatar-image-pad\sim\codecs\pw.js:33:20)
    at D:\work\ClaudeCode\avatar-image-pad\sim\codecs\pw.js:56:24
    at Array.map (<anonymous>)
    at tables (D:\work\ClaudeCode\avatar-image-pad\sim\codecs\pw.js:55:38)
    at Object.encode (D:\work\ClaudeCode\avatar-image-pad\sim\codecs\pw.js:103:17)
    at evaluateTask (D:\work\ClaudeCode\avatar-image-pad\sim\lib\evaluate.js:83:21)
    at MessagePort.<anonymous> (D:\work\ClaudeCode\avatar-image-pad\sim\run.js:17:51)
    at [nodejs.internal.kHybridDispatch] (node:internal/event_target:843:20)
FAIL pw n60-e6.5.4-c332a2-r256-L192-64-20 32 kodim03 Error: prim: cannot fit 36-bit primitive into P=21
    at layout (D:\work\ClaudeCode\avatar-image-pad\sim\codecs\prim.js:64:17)
    at Object.encode (D:\work\ClaudeCode\avatar-image-pad\sim\codecs\prim.js:198:15)
    at primBase (D:\work\ClaudeCode\avatar-image-pad\sim\codecs\pw.js:33:20)
    at D:\work\ClaudeCode\avatar-image-pad\sim\codecs\pw.js:56:24
    at Array.map (<anonymous>)
    at tables (D:\work\ClaudeCode\avatar-image-pad\sim\codecs\pw.js:55:38)
    at Object.encode (D:\work\ClaudeCode\avatar-image-pad\sim\codecs\pw.js:103:17)
    at evaluateTask (D:\work\ClaudeCode\avatar-image-pad\sim\lib\evaluate.js:83:21)
    at MessagePort.<anonymous> (D:\work\ClaudeCode\avatar-image-pad\sim\run.js:17:51)
    at [nodejs.internal.kHybridDispatch] (node:internal/event_target:843:20)
FAIL pw n60-e6.5.4-c332a2-r256-L192-64-20 32 kodim04 Error: prim: cannot fit 36-bit primitive into P=21
    at layout (D:\work\ClaudeCode\avatar-image-pad\sim\codecs\prim.js:64:17)
    at Object.encode (D:\work\ClaudeCode\avatar-image-pad\sim\codecs\prim.js:198:15)
    at primBase (D:\work\ClaudeCode\avatar-image-pad\sim\codecs\pw.js:33:20)
    at D:\work\ClaudeCode\avatar-image-pad\sim\codecs\pw.js:56:24
    at Array.map (<anonymous>)
    at tables (D:\work\ClaudeCode\avatar-image-pad\sim\codecs\pw.js:55:38)
    at Object.encode (D:\work\ClaudeCode\avatar-image-pad\sim\codecs\pw.js:103:17)
    at evaluateTask (D:\work\ClaudeCode\avatar-image-pad\sim\lib\evaluate.js:83:21)
    at MessagePort.<anonymous> (D:\work\ClaudeCode\avatar-image-pad\sim\run.js:17:51)
    at [nodejs.internal.kHybridDispatch] (node:internal/event_target:843:20)
FAIL pw n60-e6.5.4-c332a2-r256-L192-64-20 32 kodim05 Error: prim: cannot fit 36-bit primitive into P=21
    at layout (D:\work\ClaudeCode\avatar-image-pad\sim\codecs\prim.js:64:17)
    at Object.encode (D:\work\ClaudeCode\avatar-image-pad\sim\codecs\prim.js:198:15)
    at primBase (D:\work\ClaudeCode\avatar-image-pad\sim\codecs\pw.js:33:20)
    at D:\work\ClaudeCode\avatar-image-pad\sim\codecs\pw.js:56:24
    at Array.map (<anonymous>)
    at tables (D:\work\ClaudeCode\avatar-image-pad\sim\codecs\pw.js:55:38)
    at Object.encode (D:\work\ClaudeCode\avatar-image-pad\sim\codecs\pw.js:103:17)
    at evaluateTask (D:\work\ClaudeCode\avatar-image-pad\sim\lib\evaluate.js:83:21)
    at MessagePort.<anonymous> (D:\work\ClaudeCode\avatar-image-pad\sim\run.js:17:51)
    at [nodejs.internal.kHybridDispatch] (node:internal/event_target:843:20)
FAIL pw n60-e6.5.4-c332a2-r256-L192-64-20 32 kodim07 Error: prim: cannot fit 36-bit primitive into P=21
    at layout (D:\work\ClaudeCode\avatar-image-pad\sim\codecs\prim.js:64:17)
    at Object.encode (D:\work\ClaudeCode\avatar-image-pad\sim\codecs\prim.js:198:15)
    at primBase (D:\work\ClaudeCode\avatar-image-pad\sim\codecs\pw.js:33:20)
    at D:\work\ClaudeCode\avatar-image-pad\sim\codecs\pw.js:56:24
    at Array.map (<anonymous>)
    at tables (D:\work\ClaudeCode\avatar-image-pad\sim\codecs\pw.js:55:38)
    at Object.encode (D:\work\ClaudeCode\avatar-image-pad\sim\codecs\pw.js:103:17)
    at evaluateTask (D:\work\ClaudeCode\avatar-image-pad\sim\lib\evaluate.js:83:21)
    at MessagePort.<anonymous> (D:\work\ClaudeCode\avatar-image-pad\sim\run.js:17:51)
    at [nodejs.internal.kHybridDispatch] (node:internal/event_target:843:20)
620/768 (2088s, failed 25)
FAIL pw n60-e6.5.4-c332a2-r256-L192-64-20 32 kodim08 Error: prim: cannot fit 36-bit primitive into P=21
    at layout (D:\work\ClaudeCode\avatar-image-pad\sim\codecs\prim.js:64:17)
    at Object.encode (D:\work\ClaudeCode\avatar-image-pad\sim\codecs\prim.js:198:15)
    at primBase (D:\work\ClaudeCode\avatar-image-pad\sim\codecs\pw.js:33:20)
    at D:\work\ClaudeCode\avatar-image-pad\sim\codecs\pw.js:56:24
    at Array.map (<anonymous>)
    at tables (D:\work\ClaudeCode\avatar-image-pad\sim\codecs\pw.js:55:38)
    at Object.encode (D:\work\ClaudeCode\avatar-image-pad\sim\codecs\pw.js:103:17)
    at evaluateTask (D:\work\ClaudeCode\avatar-image-pad\sim\lib\evaluate.js:83:21)
    at MessagePort.<anonymous> (D:\work\ClaudeCode\avatar-image-pad\sim\run.js:17:51)
    at [nodejs.internal.kHybridDispatch] (node:internal/event_target:843:20)
FAIL pw n60-e6.5.4-c332a2-r256-L192-64-20 32 kodim15 Error: prim: cannot fit 36-bit primitive into P=21
    at layout (D:\work\ClaudeCode\avatar-image-pad\sim\codecs\prim.js:64:17)
    at Object.encode (D:\work\ClaudeCode\avatar-image-pad\sim\codecs\prim.js:198:15)
    at primBase (D:\work\ClaudeCode\avatar-image-pad\sim\codecs\pw.js:33:20)
    at D:\work\ClaudeCode\avatar-image-pad\sim\codecs\pw.js:56:24
    at Array.map (<anonymous>)
    at tables (D:\work\ClaudeCode\avatar-image-pad\sim\codecs\pw.js:55:38)
    at Object.encode (D:\work\ClaudeCode\avatar-image-pad\sim\codecs\pw.js:103:17)
    at evaluateTask (D:\work\ClaudeCode\avatar-image-pad\sim\lib\evaluate.js:83:21)
    at MessagePort.<anonymous> (D:\work\ClaudeCode\avatar-image-pad\sim\run.js:17:51)
    at [nodejs.internal.kHybridDispatch] (node:internal/event_target:843:20)
FAIL pw n60-e6.5.4-c332a2-r256-L192-64-20 32 kodim19 Error: prim: cannot fit 36-bit primitive into P=21
    at layout (D:\work\ClaudeCode\avatar-image-pad\sim\codecs\prim.js:64:17)
    at Object.encode (D:\work\ClaudeCode\avatar-image-pad\sim\codecs\prim.js:198:15)
    at primBase (D:\work\ClaudeCode\avatar-image-pad\sim\codecs\pw.js:33:20)
    at D:\work\ClaudeCode\avatar-image-pad\sim\codecs\pw.js:56:24
    at Array.map (<anonymous>)
    at tables (D:\work\ClaudeCode\avatar-image-pad\sim\codecs\pw.js:55:38)
    at Object.encode (D:\work\ClaudeCode\avatar-image-pad\sim\codecs\pw.js:103:17)
    at evaluateTask (D:\work\ClaudeCode\avatar-image-pad\sim\lib\evaluate.js:83:21)
    at MessagePort.<anonymous> (D:\work\ClaudeCode\avatar-image-pad\sim\run.js:17:51)
    at [nodejs.internal.kHybridDispatch] (node:internal/event_target:843:20)
FAIL pw n60-e6.5.4-c332a2-r256-L192-64-20 32 kodim20 Error: prim: cannot fit 36-bit primitive into P=21
    at layout (D:\work\ClaudeCode\avatar-image-pad\sim\codecs\prim.js:64:17)
    at Object.encode (D:\work\ClaudeCode\avatar-image-pad\sim\codecs\prim.js:198:15)
    at primBase (D:\work\ClaudeCode\avatar-image-pad\sim\codecs\pw.js:33:20)
    at D:\work\ClaudeCode\avatar-image-pad\sim\codecs\pw.js:56:24
    at Array.map (<anonymous>)
    at tables (D:\work\ClaudeCode\avatar-image-pad\sim\codecs\pw.js:55:38)
    at Object.encode (D:\work\ClaudeCode\avatar-image-pad\sim\codecs\pw.js:103:17)
    at evaluateTask (D:\work\ClaudeCode\avatar-image-pad\sim\lib\evaluate.js:83:21)
    at MessagePort.<anonymous> (D:\work\ClaudeCode\avatar-image-pad\sim\run.js:17:51)
    at [nodejs.internal.kHybridDispatch] (node:internal/event_target:843:20)
FAIL pw n60-e6.5.4-c332a2-r256-L192-64-20 32 kodim23 Error: prim: cannot fit 36-bit primitive into P=21
    at layout (D:\work\ClaudeCode\avatar-image-pad\sim\codecs\prim.js:64:17)
    at Object.encode (D:\work\ClaudeCode\avatar-image-pad\sim\codecs\prim.js:198:15)
    at primBase (D:\work\ClaudeCode\avatar-image-pad\sim\codecs\pw.js:33:20)
    at D:\work\ClaudeCode\avatar-image-pad\sim\codecs\pw.js:56:24
    at Array.map (<anonymous>)
    at tables (D:\work\ClaudeCode\avatar-image-pad\sim\codecs\pw.js:55:38)
    at Object.encode (D:\work\ClaudeCode\avatar-image-pad\sim\codecs\pw.js:103:17)
    at evaluateTask (D:\work\ClaudeCode\avatar-image-pad\sim\lib\evaluate.js:83:21)
    at MessagePort.<anonymous> (D:\work\ClaudeCode\avatar-image-pad\sim\run.js:17:51)
    at [nodejs.internal.kHybridDispatch] (node:internal/event_target:843:20)
FAIL pw n60-e6.5.4-c332a2-r256-L192-64-20 32 screenshot_mahara Error: prim: cannot fit 36-bit primitive into P=21
    at layout (D:\work\ClaudeCode\avatar-image-pad\sim\codecs\prim.js:64:17)
    at Object.encode (D:\work\ClaudeCode\avatar-image-pad\sim\codecs\prim.js:198:15)
    at primBase (D:\work\ClaudeCode\avatar-image-pad\sim\codecs\pw.js:33:20)
    at D:\work\ClaudeCode\avatar-image-pad\sim\codecs\pw.js:56:24
    at Array.map (<anonymous>)
    at tables (D:\work\ClaudeCode\avatar-image-pad\sim\codecs\pw.js:55:38)
    at Object.encode (D:\work\ClaudeCode\avatar-image-pad\sim\codecs\pw.js:103:17)
    at evaluateTask (D:\work\ClaudeCode\avatar-image-pad\sim\lib\evaluate.js:83:21)
    at MessagePort.<anonymous> (D:\work\ClaudeCode\avatar-image-pad\sim\run.js:17:51)
    at [nodejs.internal.kHybridDispatch] (node:internal/event_target:843:20)
FAIL pw n60-e6.5.4-c332a2-r256-L192-64-20 32 screenshot_wikipedia Error: prim: cannot fit 36-bit primitive into P=21
    at layout (D:\work\ClaudeCode\avatar-image-pad\sim\codecs\prim.js:64:17)
    at Object.encode (D:\work\ClaudeCode\avatar-image-pad\sim\codecs\prim.js:198:15)
    at primBase (D:\work\ClaudeCode\avatar-image-pad\sim\codecs\pw.js:33:20)
    at D:\work\ClaudeCode\avatar-image-pad\sim\codecs\pw.js:56:24
    at Array.map (<anonymous>)
    at tables (D:\work\ClaudeCode\avatar-image-pad\sim\codecs\pw.js:55:38)
    at Object.encode (D:\work\ClaudeCode\avatar-image-pad\sim\codecs\pw.js:103:17)
    at evaluateTask (D:\work\ClaudeCode\avatar-image-pad\sim\lib\evaluate.js:83:21)
    at MessagePort.<anonymous> (D:\work\ClaudeCode\avatar-image-pad\sim\run.js:17:51)
    at [nodejs.internal.kHybridDispatch] (node:internal/event_target:843:20)
640/768 (2163s, failed 32)
FAIL wavl L192-64-20 32 illust_chibi Error: payload too small for one symbol
    at Object.encodeStream (D:\work\ClaudeCode\avatar-image-pad\sim\codecs\packet-coder.js:135:27)
    at Object.encode (D:\work\ClaudeCode\avatar-image-pad\sim\codecs\wavl.js:113:32)
    at evaluateTask (D:\work\ClaudeCode\avatar-image-pad\sim\lib\evaluate.js:83:21)
    at MessagePort.<anonymous> (D:\work\ClaudeCode\avatar-image-pad\sim\run.js:17:51)
    at [nodejs.internal.kHybridDispatch] (node:internal/event_target:843:20)
    at MessagePort.<anonymous> (node:internal/per_context/messageport:23:28)
FAIL wavl L192-64-20 32 illust_pc_newyear Error: payload too small for one symbol
    at Object.encodeStream (D:\work\ClaudeCode\avatar-image-pad\sim\codecs\packet-coder.js:135:27)
    at Object.encode (D:\work\ClaudeCode\avatar-image-pad\sim\codecs\wavl.js:113:32)
    at evaluateTask (D:\work\ClaudeCode\avatar-image-pad\sim\lib\evaluate.js:83:21)
    at MessagePort.<anonymous> (D:\work\ClaudeCode\avatar-image-pad\sim\run.js:17:51)
    at [nodejs.internal.kHybridDispatch] (node:internal/event_target:843:20)
    at MessagePort.<anonymous> (node:internal/per_context/messageport:23:28)
FAIL wavl L192-64-20 32 illust_tux Error: payload too small for one symbol
    at Object.encodeStream (D:\work\ClaudeCode\avatar-image-pad\sim\codecs\packet-coder.js:135:27)
    at Object.encode (D:\work\ClaudeCode\avatar-image-pad\sim\codecs\wavl.js:113:32)
    at evaluateTask (D:\work\ClaudeCode\avatar-image-pad\sim\lib\evaluate.js:83:21)
    at MessagePort.<anonymous> (D:\work\ClaudeCode\avatar-image-pad\sim\run.js:17:51)
    at [nodejs.internal.kHybridDispatch] (node:internal/event_target:843:20)
    at MessagePort.<anonymous> (node:internal/per_context/messageport:23:28)
FAIL wavl L192-64-20 32 illust_wikipetan_face Error: payload too small for one symbol
    at Object.encodeStream (D:\work\ClaudeCode\avatar-image-pad\sim\codecs\packet-coder.js:135:27)
    at Object.encode (D:\work\ClaudeCode\avatar-image-pad\sim\codecs\wavl.js:113:32)
    at evaluateTask (D:\work\ClaudeCode\avatar-image-pad\sim\lib\evaluate.js:83:21)
    at MessagePort.<anonymous> (D:\work\ClaudeCode\avatar-image-pad\sim\run.js:17:51)
    at [nodejs.internal.kHybridDispatch] (node:internal/event_target:843:20)
    at MessagePort.<anonymous> (node:internal/per_context/messageport:23:28)
FAIL wavl L192-64-20 32 kodim01 Error: payload too small for one symbol
    at Object.encodeStream (D:\work\ClaudeCode\avatar-image-pad\sim\codecs\packet-coder.js:135:27)
    at Object.encode (D:\work\ClaudeCode\avatar-image-pad\sim\codecs\wavl.js:113:32)
    at evaluateTask (D:\work\ClaudeCode\avatar-image-pad\sim\lib\evaluate.js:83:21)
    at MessagePort.<anonymous> (D:\work\ClaudeCode\avatar-image-pad\sim\run.js:17:51)
    at [nodejs.internal.kHybridDispatch] (node:internal/event_target:843:20)
    at MessagePort.<anonymous> (node:internal/per_context/messageport:23:28)
FAIL wavl L192-64-20 32 kodim03 Error: payload too small for one symbol
    at Object.encodeStream (D:\work\ClaudeCode\avatar-image-pad\sim\codecs\packet-coder.js:135:27)
    at Object.encode (D:\work\ClaudeCode\avatar-image-pad\sim\codecs\wavl.js:113:32)
    at evaluateTask (D:\work\ClaudeCode\avatar-image-pad\sim\lib\evaluate.js:83:21)
    at MessagePort.<anonymous> (D:\work\ClaudeCode\avatar-image-pad\sim\run.js:17:51)
    at [nodejs.internal.kHybridDispatch] (node:internal/event_target:843:20)
    at MessagePort.<anonymous> (node:internal/per_context/messageport:23:28)
FAIL wavl L192-64-20 32 kodim04 Error: payload too small for one symbol
    at Object.encodeStream (D:\work\ClaudeCode\avatar-image-pad\sim\codecs\packet-coder.js:135:27)
    at Object.encode (D:\work\ClaudeCode\avatar-image-pad\sim\codecs\wavl.js:113:32)
    at evaluateTask (D:\work\ClaudeCode\avatar-image-pad\sim\lib\evaluate.js:83:21)
    at MessagePort.<anonymous> (D:\work\ClaudeCode\avatar-image-pad\sim\run.js:17:51)
    at [nodejs.internal.kHybridDispatch] (node:internal/event_target:843:20)
    at MessagePort.<anonymous> (node:internal/per_context/messageport:23:28)
FAIL wavl L192-64-20 32 kodim05 Error: payload too small for one symbol
    at Object.encodeStream (D:\work\ClaudeCode\avatar-image-pad\sim\codecs\packet-coder.js:135:27)
    at Object.encode (D:\work\ClaudeCode\avatar-image-pad\sim\codecs\wavl.js:113:32)
    at evaluateTask (D:\work\ClaudeCode\avatar-image-pad\sim\lib\evaluate.js:83:21)
    at MessagePort.<anonymous> (D:\work\ClaudeCode\avatar-image-pad\sim\run.js:17:51)
    at [nodejs.internal.kHybridDispatch] (node:internal/event_target:843:20)
    at MessagePort.<anonymous> (node:internal/per_context/messageport:23:28)
FAIL wavl L192-64-20 32 kodim07 Error: payload too small for one symbol
    at Object.encodeStream (D:\work\ClaudeCode\avatar-image-pad\sim\codecs\packet-coder.js:135:27)
    at Object.encode (D:\work\ClaudeCode\avatar-image-pad\sim\codecs\wavl.js:113:32)
    at evaluateTask (D:\work\ClaudeCode\avatar-image-pad\sim\lib\evaluate.js:83:21)
    at MessagePort.<anonymous> (D:\work\ClaudeCode\avatar-image-pad\sim\run.js:17:51)
    at [nodejs.internal.kHybridDispatch] (node:internal/event_target:843:20)
    at MessagePort.<anonymous> (node:internal/per_context/messageport:23:28)
FAIL wavl L192-64-20 32 kodim08 Error: payload too small for one symbol
    at Object.encodeStream (D:\work\ClaudeCode\avatar-image-pad\sim\codecs\packet-coder.js:135:27)
    at Object.encode (D:\work\ClaudeCode\avatar-image-pad\sim\codecs\wavl.js:113:32)
    at evaluateTask (D:\work\ClaudeCode\avatar-image-pad\sim\lib\evaluate.js:83:21)
    at MessagePort.<anonymous> (D:\work\ClaudeCode\avatar-image-pad\sim\run.js:17:51)
    at [nodejs.internal.kHybridDispatch] (node:internal/event_target:843:20)
    at MessagePort.<anonymous> (node:internal/per_context/messageport:23:28)
FAIL wavl L192-64-20 32 kodim15 Error: payload too small for one symbol
    at Object.encodeStream (D:\work\ClaudeCode\avatar-image-pad\sim\codecs\packet-coder.js:135:27)
    at Object.encode (D:\work\ClaudeCode\avatar-image-pad\sim\codecs\wavl.js:113:32)
    at evaluateTask (D:\work\ClaudeCode\avatar-image-pad\sim\lib\evaluate.js:83:21)
    at MessagePort.<anonymous> (D:\work\ClaudeCode\avatar-image-pad\sim\run.js:17:51)
    at [nodejs.internal.kHybridDispatch] (node:internal/event_target:843:20)
    at MessagePort.<anonymous> (node:internal/per_context/messageport:23:28)
FAIL wavl L192-64-20 32 kodim19 Error: payload too small for one symbol
    at Object.encodeStream (D:\work\ClaudeCode\avatar-image-pad\sim\codecs\packet-coder.js:135:27)
    at Object.encode (D:\work\ClaudeCode\avatar-image-pad\sim\codecs\wavl.js:113:32)
    at evaluateTask (D:\work\ClaudeCode\avatar-image-pad\sim\lib\evaluate.js:83:21)
    at MessagePort.<anonymous> (D:\work\ClaudeCode\avatar-image-pad\sim\run.js:17:51)
    at [nodejs.internal.kHybridDispatch] (node:internal/event_target:843:20)
    at MessagePort.<anonymous> (node:internal/per_context/messageport:23:28)
FAIL wavl L192-64-20 32 kodim20 Error: payload too small for one symbol
    at Object.encodeStream (D:\work\ClaudeCode\avatar-image-pad\sim\codecs\packet-coder.js:135:27)
    at Object.encode (D:\work\ClaudeCode\avatar-image-pad\sim\codecs\wavl.js:113:32)
    at evaluateTask (D:\work\ClaudeCode\avatar-image-pad\sim\lib\evaluate.js:83:21)
    at MessagePort.<anonymous> (D:\work\ClaudeCode\avatar-image-pad\sim\run.js:17:51)
    at [nodejs.internal.kHybridDispatch] (node:internal/event_target:843:20)
    at MessagePort.<anonymous> (node:internal/per_context/messageport:23:28)
FAIL wavl L192-64-20 32 kodim23 Error: payload too small for one symbol
    at Object.encodeStream (D:\work\ClaudeCode\avatar-image-pad\sim\codecs\packet-coder.js:135:27)
    at Object.encode (D:\work\ClaudeCode\avatar-image-pad\sim\codecs\wavl.js:113:32)
    at evaluateTask (D:\work\ClaudeCode\avatar-image-pad\sim\lib\evaluate.js:83:21)
    at MessagePort.<anonymous> (D:\work\ClaudeCode\avatar-image-pad\sim\run.js:17:51)
    at [nodejs.internal.kHybridDispatch] (node:internal/event_target:843:20)
    at MessagePort.<anonymous> (node:internal/per_context/messageport:23:28)
FAIL wavl L192-64-20 32 screenshot_mahara Error: payload too small for one symbol
    at Object.encodeStream (D:\work\ClaudeCode\avatar-image-pad\sim\codecs\packet-coder.js:135:27)
    at Object.encode (D:\work\ClaudeCode\avatar-image-pad\sim\codecs\wavl.js:113:32)
    at evaluateTask (D:\work\ClaudeCode\avatar-image-pad\sim\lib\evaluate.js:83:21)
    at MessagePort.<anonymous> (D:\work\ClaudeCode\avatar-image-pad\sim\run.js:17:51)
    at [nodejs.internal.kHybridDispatch] (node:internal/event_target:843:20)
    at MessagePort.<anonymous> (node:internal/per_context/messageport:23:28)
FAIL wavl L192-64-20 32 screenshot_wikipedia Error: payload too small for one symbol
    at Object.encodeStream (D:\work\ClaudeCode\avatar-image-pad\sim\codecs\packet-coder.js:135:27)
    at Object.encode (D:\work\ClaudeCode\avatar-image-pad\sim\codecs\wavl.js:113:32)
    at evaluateTask (D:\work\ClaudeCode\avatar-image-pad\sim\lib\evaluate.js:83:21)
    at MessagePort.<anonymous> (D:\work\ClaudeCode\avatar-image-pad\sim\run.js:17:51)
    at [nodejs.internal.kHybridDispatch] (node:internal/event_target:843:20)
    at MessagePort.<anonymous> (node:internal/per_context/messageport:23:28)
660/768 (2166s, failed 48)
FAIL dctv r128-s8 32 illust_chibi Error: payload too small for one symbol
    at encodeStream (D:\work\ClaudeCode\avatar-image-pad\sim\codecs\packet-coder.js:135:27)
    at Object.encode (D:\work\ClaudeCode\avatar-image-pad\sim\codecs\packet-coder.js:192:30)
    at Object.encode (D:\work\ClaudeCode\avatar-image-pad\sim\codecs\dctv.js:31:15)
    at evaluateTask (D:\work\ClaudeCode\avatar-image-pad\sim\lib\evaluate.js:83:21)
    at MessagePort.<anonymous> (D:\work\ClaudeCode\avatar-image-pad\sim\run.js:17:51)
    at [nodejs.internal.kHybridDispatch] (node:internal/event_target:843:20)
    at MessagePort.<anonymous> (node:internal/per_context/messageport:23:28)
FAIL dctv r128-s8 32 illust_pc_newyear Error: payload too small for one symbol
    at encodeStream (D:\work\ClaudeCode\avatar-image-pad\sim\codecs\packet-coder.js:135:27)
    at Object.encode (D:\work\ClaudeCode\avatar-image-pad\sim\codecs\packet-coder.js:192:30)
    at Object.encode (D:\work\ClaudeCode\avatar-image-pad\sim\codecs\dctv.js:31:15)
    at evaluateTask (D:\work\ClaudeCode\avatar-image-pad\sim\lib\evaluate.js:83:21)
    at MessagePort.<anonymous> (D:\work\ClaudeCode\avatar-image-pad\sim\run.js:17:51)
    at [nodejs.internal.kHybridDispatch] (node:internal/event_target:843:20)
    at MessagePort.<anonymous> (node:internal/per_context/messageport:23:28)
FAIL dctv r128-s8 32 illust_tux Error: payload too small for one symbol
    at encodeStream (D:\work\ClaudeCode\avatar-image-pad\sim\codecs\packet-coder.js:135:27)
    at Object.encode (D:\work\ClaudeCode\avatar-image-pad\sim\codecs\packet-coder.js:192:30)
    at Object.encode (D:\work\ClaudeCode\avatar-image-pad\sim\codecs\dctv.js:31:15)
    at evaluateTask (D:\work\ClaudeCode\avatar-image-pad\sim\lib\evaluate.js:83:21)
    at MessagePort.<anonymous> (D:\work\ClaudeCode\avatar-image-pad\sim\run.js:17:51)
    at [nodejs.internal.kHybridDispatch] (node:internal/event_target:843:20)
    at MessagePort.<anonymous> (node:internal/per_context/messageport:23:28)
FAIL dctv r128-s8 32 illust_wikipetan_face Error: payload too small for one symbol
    at encodeStream (D:\work\ClaudeCode\avatar-image-pad\sim\codecs\packet-coder.js:135:27)
    at Object.encode (D:\work\ClaudeCode\avatar-image-pad\sim\codecs\packet-coder.js:192:30)
    at Object.encode (D:\work\ClaudeCode\avatar-image-pad\sim\codecs\dctv.js:31:15)
    at evaluateTask (D:\work\ClaudeCode\avatar-image-pad\sim\lib\evaluate.js:83:21)
    at MessagePort.<anonymous> (D:\work\ClaudeCode\avatar-image-pad\sim\run.js:17:51)
    at [nodejs.internal.kHybridDispatch] (node:internal/event_target:843:20)
    at MessagePort.<anonymous> (node:internal/per_context/messageport:23:28)
FAIL dctv r128-s8 32 kodim01 Error: payload too small for one symbol
    at encodeStream (D:\work\ClaudeCode\avatar-image-pad\sim\codecs\packet-coder.js:135:27)
    at Object.encode (D:\work\ClaudeCode\avatar-image-pad\sim\codecs\packet-coder.js:192:30)
    at Object.encode (D:\work\ClaudeCode\avatar-image-pad\sim\codecs\dctv.js:31:15)
    at evaluateTask (D:\work\ClaudeCode\avatar-image-pad\sim\lib\evaluate.js:83:21)
    at MessagePort.<anonymous> (D:\work\ClaudeCode\avatar-image-pad\sim\run.js:17:51)
    at [nodejs.internal.kHybridDispatch] (node:internal/event_target:843:20)
    at MessagePort.<anonymous> (node:internal/per_context/messageport:23:28)
680/768 (2229s, failed 53)
FAIL dctv r128-s8 32 kodim03 Error: payload too small for one symbol
    at encodeStream (D:\work\ClaudeCode\avatar-image-pad\sim\codecs\packet-coder.js:135:27)
    at Object.encode (D:\work\ClaudeCode\avatar-image-pad\sim\codecs\packet-coder.js:192:30)
    at Object.encode (D:\work\ClaudeCode\avatar-image-pad\sim\codecs\dctv.js:31:15)
    at evaluateTask (D:\work\ClaudeCode\avatar-image-pad\sim\lib\evaluate.js:83:21)
    at MessagePort.<anonymous> (D:\work\ClaudeCode\avatar-image-pad\sim\run.js:17:51)
    at [nodejs.internal.kHybridDispatch] (node:internal/event_target:843:20)
    at MessagePort.<anonymous> (node:internal/per_context/messageport:23:28)
FAIL dctv r128-s8 32 kodim04 Error: payload too small for one symbol
    at encodeStream (D:\work\ClaudeCode\avatar-image-pad\sim\codecs\packet-coder.js:135:27)
    at Object.encode (D:\work\ClaudeCode\avatar-image-pad\sim\codecs\packet-coder.js:192:30)
    at Object.encode (D:\work\ClaudeCode\avatar-image-pad\sim\codecs\dctv.js:31:15)
    at evaluateTask (D:\work\ClaudeCode\avatar-image-pad\sim\lib\evaluate.js:83:21)
    at MessagePort.<anonymous> (D:\work\ClaudeCode\avatar-image-pad\sim\run.js:17:51)
    at [nodejs.internal.kHybridDispatch] (node:internal/event_target:843:20)
    at MessagePort.<anonymous> (node:internal/per_context/messageport:23:28)
FAIL dctv r128-s8 32 kodim05 Error: payload too small for one symbol
    at encodeStream (D:\work\ClaudeCode\avatar-image-pad\sim\codecs\packet-coder.js:135:27)
    at Object.encode (D:\work\ClaudeCode\avatar-image-pad\sim\codecs\packet-coder.js:192:30)
    at Object.encode (D:\work\ClaudeCode\avatar-image-pad\sim\codecs\dctv.js:31:15)
    at evaluateTask (D:\work\ClaudeCode\avatar-image-pad\sim\lib\evaluate.js:83:21)
    at MessagePort.<anonymous> (D:\work\ClaudeCode\avatar-image-pad\sim\run.js:17:51)
    at [nodejs.internal.kHybridDispatch] (node:internal/event_target:843:20)
    at MessagePort.<anonymous> (node:internal/per_context/messageport:23:28)
FAIL dctv r128-s8 32 kodim07 Error: payload too small for one symbol
    at encodeStream (D:\work\ClaudeCode\avatar-image-pad\sim\codecs\packet-coder.js:135:27)
    at Object.encode (D:\work\ClaudeCode\avatar-image-pad\sim\codecs\packet-coder.js:192:30)
    at Object.encode (D:\work\ClaudeCode\avatar-image-pad\sim\codecs\dctv.js:31:15)
    at evaluateTask (D:\work\ClaudeCode\avatar-image-pad\sim\lib\evaluate.js:83:21)
    at MessagePort.<anonymous> (D:\work\ClaudeCode\avatar-image-pad\sim\run.js:17:51)
    at [nodejs.internal.kHybridDispatch] (node:internal/event_target:843:20)
    at MessagePort.<anonymous> (node:internal/per_context/messageport:23:28)
FAIL dctv r128-s8 32 kodim08 Error: payload too small for one symbol
    at encodeStream (D:\work\ClaudeCode\avatar-image-pad\sim\codecs\packet-coder.js:135:27)
    at Object.encode (D:\work\ClaudeCode\avatar-image-pad\sim\codecs\packet-coder.js:192:30)
    at Object.encode (D:\work\ClaudeCode\avatar-image-pad\sim\codecs\dctv.js:31:15)
    at evaluateTask (D:\work\ClaudeCode\avatar-image-pad\sim\lib\evaluate.js:83:21)
    at MessagePort.<anonymous> (D:\work\ClaudeCode\avatar-image-pad\sim\run.js:17:51)
    at [nodejs.internal.kHybridDispatch] (node:internal/event_target:843:20)
    at MessagePort.<anonymous> (node:internal/per_context/messageport:23:28)
FAIL dctv r128-s8 32 kodim15 Error: payload too small for one symbol
    at encodeStream (D:\work\ClaudeCode\avatar-image-pad\sim\codecs\packet-coder.js:135:27)
    at Object.encode (D:\work\ClaudeCode\avatar-image-pad\sim\codecs\packet-coder.js:192:30)
    at Object.encode (D:\work\ClaudeCode\avatar-image-pad\sim\codecs\dctv.js:31:15)
    at evaluateTask (D:\work\ClaudeCode\avatar-image-pad\sim\lib\evaluate.js:83:21)
    at MessagePort.<anonymous> (D:\work\ClaudeCode\avatar-image-pad\sim\run.js:17:51)
    at [nodejs.internal.kHybridDispatch] (node:internal/event_target:843:20)
    at MessagePort.<anonymous> (node:internal/per_context/messageport:23:28)
FAIL dctv r128-s8 32 kodim19 Error: payload too small for one symbol
    at encodeStream (D:\work\ClaudeCode\avatar-image-pad\sim\codecs\packet-coder.js:135:27)
    at Object.encode (D:\work\ClaudeCode\avatar-image-pad\sim\codecs\packet-coder.js:192:30)
    at Object.encode (D:\work\ClaudeCode\avatar-image-pad\sim\codecs\dctv.js:31:15)
    at evaluateTask (D:\work\ClaudeCode\avatar-image-pad\sim\lib\evaluate.js:83:21)
    at MessagePort.<anonymous> (D:\work\ClaudeCode\avatar-image-pad\sim\run.js:17:51)
    at [nodejs.internal.kHybridDispatch] (node:internal/event_target:843:20)
    at MessagePort.<anonymous> (node:internal/per_context/messageport:23:28)
FAIL dctv r128-s8 32 kodim20 Error: payload too small for one symbol
    at encodeStream (D:\work\ClaudeCode\avatar-image-pad\sim\codecs\packet-coder.js:135:27)
    at Object.encode (D:\work\ClaudeCode\avatar-image-pad\sim\codecs\packet-coder.js:192:30)
    at Object.encode (D:\work\ClaudeCode\avatar-image-pad\sim\codecs\dctv.js:31:15)
    at evaluateTask (D:\work\ClaudeCode\avatar-image-pad\sim\lib\evaluate.js:83:21)
    at MessagePort.<anonymous> (D:\work\ClaudeCode\avatar-image-pad\sim\run.js:17:51)
    at [nodejs.internal.kHybridDispatch] (node:internal/event_target:843:20)
    at MessagePort.<anonymous> (node:internal/per_context/messageport:23:28)
FAIL dctv r128-s8 32 kodim23 Error: payload too small for one symbol
    at encodeStream (D:\work\ClaudeCode\avatar-image-pad\sim\codecs\packet-coder.js:135:27)
    at Object.encode (D:\work\ClaudeCode\avatar-image-pad\sim\codecs\packet-coder.js:192:30)
    at Object.encode (D:\work\ClaudeCode\avatar-image-pad\sim\codecs\dctv.js:31:15)
    at evaluateTask (D:\work\ClaudeCode\avatar-image-pad\sim\lib\evaluate.js:83:21)
    at MessagePort.<anonymous> (D:\work\ClaudeCode\avatar-image-pad\sim\run.js:17:51)
    at [nodejs.internal.kHybridDispatch] (node:internal/event_target:843:20)
    at MessagePort.<anonymous> (node:internal/per_context/messageport:23:28)
FAIL dctv r128-s8 32 screenshot_mahara Error: payload too small for one symbol
    at encodeStream (D:\work\ClaudeCode\avatar-image-pad\sim\codecs\packet-coder.js:135:27)
    at Object.encode (D:\work\ClaudeCode\avatar-image-pad\sim\codecs\packet-coder.js:192:30)
    at Object.encode (D:\work\ClaudeCode\avatar-image-pad\sim\codecs\dctv.js:31:15)
    at evaluateTask (D:\work\ClaudeCode\avatar-image-pad\sim\lib\evaluate.js:83:21)
    at MessagePort.<anonymous> (D:\work\ClaudeCode\avatar-image-pad\sim\run.js:17:51)
    at [nodejs.internal.kHybridDispatch] (node:internal/event_target:843:20)
    at MessagePort.<anonymous> (node:internal/per_context/messageport:23:28)
FAIL dctv r128-s8 32 screenshot_wikipedia Error: payload too small for one symbol
    at encodeStream (D:\work\ClaudeCode\avatar-image-pad\sim\codecs\packet-coder.js:135:27)
    at Object.encode (D:\work\ClaudeCode\avatar-image-pad\sim\codecs\packet-coder.js:192:30)
    at Object.encode (D:\work\ClaudeCode\avatar-image-pad\sim\codecs\dctv.js:31:15)
    at evaluateTask (D:\work\ClaudeCode\avatar-image-pad\sim\lib\evaluate.js:83:21)
    at MessagePort.<anonymous> (D:\work\ClaudeCode\avatar-image-pad\sim\run.js:17:51)
    at [nodejs.internal.kHybridDispatch] (node:internal/event_target:843:20)
    at MessagePort.<anonymous> (node:internal/per_context/messageport:23:28)
700/768 (2258s, failed 64)
FAIL pal g32-k3 32 illust_chibi Error: unit too long: 25 > 22
    at padBits (D:\work\ClaudeCode\avatar-image-pad\sim\lib\evaluate.js:71:30)
    at D:\work\ClaudeCode\avatar-image-pad\sim\lib\evaluate.js:85:39
    at Array.map (<anonymous>)
    at evaluateTask (D:\work\ClaudeCode\avatar-image-pad\sim\lib\evaluate.js:85:30)
    at MessagePort.<anonymous> (D:\work\ClaudeCode\avatar-image-pad\sim\run.js:17:51)
    at [nodejs.internal.kHybridDispatch] (node:internal/event_target:843:20)
    at MessagePort.<anonymous> (node:internal/per_context/messageport:23:28)
FAIL pal g32-k3 32 illust_pc_newyear Error: unit too long: 25 > 22
    at padBits (D:\work\ClaudeCode\avatar-image-pad\sim\lib\evaluate.js:71:30)
    at D:\work\ClaudeCode\avatar-image-pad\sim\lib\evaluate.js:85:39
    at Array.map (<anonymous>)
    at evaluateTask (D:\work\ClaudeCode\avatar-image-pad\sim\lib\evaluate.js:85:30)
    at MessagePort.<anonymous> (D:\work\ClaudeCode\avatar-image-pad\sim\run.js:17:51)
    at [nodejs.internal.kHybridDispatch] (node:internal/event_target:843:20)
    at MessagePort.<anonymous> (node:internal/per_context/messageport:23:28)
FAIL pal g32-k3 32 illust_tux Error: unit too long: 25 > 22
    at padBits (D:\work\ClaudeCode\avatar-image-pad\sim\lib\evaluate.js:71:30)
    at D:\work\ClaudeCode\avatar-image-pad\sim\lib\evaluate.js:85:39
    at Array.map (<anonymous>)
    at evaluateTask (D:\work\ClaudeCode\avatar-image-pad\sim\lib\evaluate.js:85:30)
    at MessagePort.<anonymous> (D:\work\ClaudeCode\avatar-image-pad\sim\run.js:17:51)
    at [nodejs.internal.kHybridDispatch] (node:internal/event_target:843:20)
    at MessagePort.<anonymous> (node:internal/per_context/messageport:23:28)
FAIL pal g32-k3 32 illust_wikipetan_face Error: unit too long: 25 > 22
    at padBits (D:\work\ClaudeCode\avatar-image-pad\sim\lib\evaluate.js:71:30)
    at D:\work\ClaudeCode\avatar-image-pad\sim\lib\evaluate.js:85:39
    at Array.map (<anonymous>)
    at evaluateTask (D:\work\ClaudeCode\avatar-image-pad\sim\lib\evaluate.js:85:30)
    at MessagePort.<anonymous> (D:\work\ClaudeCode\avatar-image-pad\sim\run.js:17:51)
    at [nodejs.internal.kHybridDispatch] (node:internal/event_target:843:20)
    at MessagePort.<anonymous> (node:internal/per_context/messageport:23:28)
FAIL pal g32-k3 32 kodim01 Error: unit too long: 25 > 22
    at padBits (D:\work\ClaudeCode\avatar-image-pad\sim\lib\evaluate.js:71:30)
    at D:\work\ClaudeCode\avatar-image-pad\sim\lib\evaluate.js:85:39
    at Array.map (<anonymous>)
    at evaluateTask (D:\work\ClaudeCode\avatar-image-pad\sim\lib\evaluate.js:85:30)
    at MessagePort.<anonymous> (D:\work\ClaudeCode\avatar-image-pad\sim\run.js:17:51)
    at [nodejs.internal.kHybridDispatch] (node:internal/event_target:843:20)
    at MessagePort.<anonymous> (node:internal/per_context/messageport:23:28)
FAIL pal g32-k3 32 kodim03 Error: unit too long: 25 > 22
    at padBits (D:\work\ClaudeCode\avatar-image-pad\sim\lib\evaluate.js:71:30)
    at D:\work\ClaudeCode\avatar-image-pad\sim\lib\evaluate.js:85:39
    at Array.map (<anonymous>)
    at evaluateTask (D:\work\ClaudeCode\avatar-image-pad\sim\lib\evaluate.js:85:30)
    at MessagePort.<anonymous> (D:\work\ClaudeCode\avatar-image-pad\sim\run.js:17:51)
    at [nodejs.internal.kHybridDispatch] (node:internal/event_target:843:20)
    at MessagePort.<anonymous> (node:internal/per_context/messageport:23:28)
FAIL pal g32-k3 32 kodim04 Error: unit too long: 25 > 22
    at padBits (D:\work\ClaudeCode\avatar-image-pad\sim\lib\evaluate.js:71:30)
    at D:\work\ClaudeCode\avatar-image-pad\sim\lib\evaluate.js:85:39
    at Array.map (<anonymous>)
    at evaluateTask (D:\work\ClaudeCode\avatar-image-pad\sim\lib\evaluate.js:85:30)
    at MessagePort.<anonymous> (D:\work\ClaudeCode\avatar-image-pad\sim\run.js:17:51)
    at [nodejs.internal.kHybridDispatch] (node:internal/event_target:843:20)
    at MessagePort.<anonymous> (node:internal/per_context/messageport:23:28)
FAIL pal g32-k3 32 kodim05 Error: unit too long: 25 > 22
    at padBits (D:\work\ClaudeCode\avatar-image-pad\sim\lib\evaluate.js:71:30)
    at D:\work\ClaudeCode\avatar-image-pad\sim\lib\evaluate.js:85:39
    at Array.map (<anonymous>)
    at evaluateTask (D:\work\ClaudeCode\avatar-image-pad\sim\lib\evaluate.js:85:30)
    at MessagePort.<anonymous> (D:\work\ClaudeCode\avatar-image-pad\sim\run.js:17:51)
    at [nodejs.internal.kHybridDispatch] (node:internal/event_target:843:20)
    at MessagePort.<anonymous> (node:internal/per_context/messageport:23:28)
FAIL pal g32-k3 32 kodim07 Error: unit too long: 25 > 22
    at padBits (D:\work\ClaudeCode\avatar-image-pad\sim\lib\evaluate.js:71:30)
    at D:\work\ClaudeCode\avatar-image-pad\sim\lib\evaluate.js:85:39
    at Array.map (<anonymous>)
    at evaluateTask (D:\work\ClaudeCode\avatar-image-pad\sim\lib\evaluate.js:85:30)
    at MessagePort.<anonymous> (D:\work\ClaudeCode\avatar-image-pad\sim\run.js:17:51)
    at [nodejs.internal.kHybridDispatch] (node:internal/event_target:843:20)
    at MessagePort.<anonymous> (node:internal/per_context/messageport:23:28)
FAIL pal g32-k3 32 kodim08 Error: unit too long: 25 > 22
    at padBits (D:\work\ClaudeCode\avatar-image-pad\sim\lib\evaluate.js:71:30)
    at D:\work\ClaudeCode\avatar-image-pad\sim\lib\evaluate.js:85:39
    at Array.map (<anonymous>)
    at evaluateTask (D:\work\ClaudeCode\avatar-image-pad\sim\lib\evaluate.js:85:30)
    at MessagePort.<anonymous> (D:\work\ClaudeCode\avatar-image-pad\sim\run.js:17:51)
    at [nodejs.internal.kHybridDispatch] (node:internal/event_target:843:20)
    at MessagePort.<anonymous> (node:internal/per_context/messageport:23:28)
FAIL pal g32-k3 32 kodim15 Error: unit too long: 25 > 22
    at padBits (D:\work\ClaudeCode\avatar-image-pad\sim\lib\evaluate.js:71:30)
    at D:\work\ClaudeCode\avatar-image-pad\sim\lib\evaluate.js:85:39
    at Array.map (<anonymous>)
    at evaluateTask (D:\work\ClaudeCode\avatar-image-pad\sim\lib\evaluate.js:85:30)
    at MessagePort.<anonymous> (D:\work\ClaudeCode\avatar-image-pad\sim\run.js:17:51)
    at [nodejs.internal.kHybridDispatch] (node:internal/event_target:843:20)
    at MessagePort.<anonymous> (node:internal/per_context/messageport:23:28)
FAIL pal g32-k3 32 kodim19 Error: unit too long: 25 > 22
    at padBits (D:\work\ClaudeCode\avatar-image-pad\sim\lib\evaluate.js:71:30)
    at D:\work\ClaudeCode\avatar-image-pad\sim\lib\evaluate.js:85:39
    at Array.map (<anonymous>)
    at evaluateTask (D:\work\ClaudeCode\avatar-image-pad\sim\lib\evaluate.js:85:30)
    at MessagePort.<anonymous> (D:\work\ClaudeCode\avatar-image-pad\sim\run.js:17:51)
    at [nodejs.internal.kHybridDispatch] (node:internal/event_target:843:20)
    at MessagePort.<anonymous> (node:internal/per_context/messageport:23:28)
FAIL pal g32-k3 32 kodim20 Error: unit too long: 25 > 22
    at padBits (D:\work\ClaudeCode\avatar-image-pad\sim\lib\evaluate.js:71:30)
    at D:\work\ClaudeCode\avatar-image-pad\sim\lib\evaluate.js:85:39
    at Array.map (<anonymous>)
    at evaluateTask (D:\work\ClaudeCode\avatar-image-pad\sim\lib\evaluate.js:85:30)
    at MessagePort.<anonymous> (D:\work\ClaudeCode\avatar-image-pad\sim\run.js:17:51)
    at [nodejs.internal.kHybridDispatch] (node:internal/event_target:843:20)
    at MessagePort.<anonymous> (node:internal/per_context/messageport:23:28)
720/768 (2263s, failed 77)
FAIL pal g32-k3 32 kodim23 Error: unit too long: 25 > 22
    at padBits (D:\work\ClaudeCode\avatar-image-pad\sim\lib\evaluate.js:71:30)
    at D:\work\ClaudeCode\avatar-image-pad\sim\lib\evaluate.js:85:39
    at Array.map (<anonymous>)
    at evaluateTask (D:\work\ClaudeCode\avatar-image-pad\sim\lib\evaluate.js:85:30)
    at MessagePort.<anonymous> (D:\work\ClaudeCode\avatar-image-pad\sim\run.js:17:51)
    at [nodejs.internal.kHybridDispatch] (node:internal/event_target:843:20)
    at MessagePort.<anonymous> (node:internal/per_context/messageport:23:28)
FAIL pal g32-k3 32 screenshot_mahara Error: unit too long: 25 > 22
    at padBits (D:\work\ClaudeCode\avatar-image-pad\sim\lib\evaluate.js:71:30)
    at D:\work\ClaudeCode\avatar-image-pad\sim\lib\evaluate.js:85:39
    at Array.map (<anonymous>)
    at evaluateTask (D:\work\ClaudeCode\avatar-image-pad\sim\lib\evaluate.js:85:30)
    at MessagePort.<anonymous> (D:\work\ClaudeCode\avatar-image-pad\sim\run.js:17:51)
    at [nodejs.internal.kHybridDispatch] (node:internal/event_target:843:20)
    at MessagePort.<anonymous> (node:internal/per_context/messageport:23:28)
FAIL pal g32-k3 32 screenshot_wikipedia Error: unit too long: 25 > 22
    at padBits (D:\work\ClaudeCode\avatar-image-pad\sim\lib\evaluate.js:71:30)
    at D:\work\ClaudeCode\avatar-image-pad\sim\lib\evaluate.js:85:39
    at Array.map (<anonymous>)
    at evaluateTask (D:\work\ClaudeCode\avatar-image-pad\sim\lib\evaluate.js:85:30)
    at MessagePort.<anonymous> (D:\work\ClaudeCode\avatar-image-pad\sim\run.js:17:51)
    at [nodejs.internal.kHybridDispatch] (node:internal/event_target:843:20)
    at MessagePort.<anonymous> (node:internal/per_context/messageport:23:28)
740/768 (2301s, failed 80)
760/768 (2339s, failed 80)
768/768 (2344s, failed 80)
