kodim01 2000 2001 0.300 0.9066 24.41 2.72 s
kodim01 4000 4002 0.601 0.9379 25.59 3.49 s
kodim01 8000 8004 1.201 0.9605 26.89 5.11 s
kodim01 16000 16008 2.402 0.9761 28.32 7.41 s
kodim01 32000 32016 4.804 0.9858 29.75 13.82 s
kodim03 2000 2001 0.300 0.9712 32.61 4.42 s
kodim03 4000 4002 0.601 0.9816 34.14 5.17 s
kodim03 8000 8004 1.201 0.9889 35.68 6.44 s
kodim03 16000 16008 2.402 0.9932 37.02 9.98 s
kodim03 32000 32016 4.804 0.9956 38.11 16.89 s
kodim04 2000 2001 0.300 0.9463 30.47 3.72 s
kodim04 4000 4002 0.601 0.9659 31.95 4.76 s
kodim04 8000 8004 1.201 0.9791 33.48 7.24 s
kodim04 16000 16008 2.402 0.9873 34.97 11.50 s
kodim04 32000 32016 4.804 0.9922 36.37 19.33 s
kodim05 2000 2001 0.300 0.8973 23.24 3.62 s
kodim05 4000 4002 0.601 0.9372 24.94 5.52 s
kodim05 8000 8004 1.201 0.9641 26.72 7.46 s
kodim05 16000 16008 2.402 0.9806 28.47 11.01 s
kodim05 32000 32016 4.804 0.9894 29.98 19.74 s
kodim07 2000 2001 0.300 0.9684 30.07 3.72 s
kodim07 4000 4002 0.601 0.9826 32.24 4.49 s
kodim07 8000 8004 1.201 0.9901 34.26 6.33 s
kodim07 16000 16008 2.402 0.9942 35.95 9.43 s
kodim07 32000 32016 4.804 0.9963 37.23 15.40 s
kodim08 2000 2001 0.300 0.9123 22.04 3.52 s
kodim08 4000 4002 0.601 0.9437 23.76 4.69 s
kodim08 8000 8004 1.201 0.9646 25.35 6.54 s
kodim08 16000 16008 2.402 0.9786 26.83 10.04 s
kodim08 32000 32016 4.804 0.9869 28.08 16.35 s
kodim15 2000 2001 0.300 0.9605 30.54 4.74 s
kodim15 4000 4002 0.601 0.9739 31.72 6.51 s
kodim15 8000 8004 1.201 0.9837 33.01 8.48 s
kodim15 16000 16008 2.402 0.9896 34.19 10.96 s
kodim15 32000 32016 4.804 0.9935 35.22 19.18 s
kodim19 2000 2001 0.300 0.9256 27.70 3.62 s
kodim19 4000 4002 0.601 0.9529 29.10 4.85 s
kodim19 8000 8004 1.201 0.9716 30.42 5.77 s
kodim19 16000 16008 2.402 0.9832 31.68 7.97 s
kodim19 32000 32016 4.804 0.9897 32.80 12.88 s
kodim20 2000 2001 0.300 0.9729 30.95 3.48 s
kodim20 4000 4002 0.601 0.9831 32.24 4.21 s
kodim20 8000 8004 1.201 0.9894 33.48 5.31 s
kodim20 16000 16008 2.402 0.9934 34.62 7.57 s
kodim20 32000 32016 4.804 0.9956 35.53 12.10 s
kodim23 2000 2001 0.300 0.9693 32.62 4.37 s
kodim23 4000 4002 0.601 0.9824 34.57 5.59 s
kodim23 8000 8004 1.201 0.9900 36.32 7.40 s
kodim23 16000 16008 2.402 0.9940 37.70 10.56 s
kodim23 32000 32016 4.804 0.9961 38.72 16.27 s
illust_wikipetan_face 2000 2001 0.128 0.9947 33.06 3.27 s
illust_wikipetan_face 4000 4002 0.256 0.9972 34.67 4.67 s
illust_wikipetan_face 8000 8004 0.512 0.9981 35.50 6.47 s
illust_wikipetan_face 16000 16008 1.025 0.9986 35.84 9.47 s
illust_wikipetan_face 32000 32016 2.050 0.9988 35.95 14.53 s
illust_tux 2000 2001 0.108 0.9969 36.22 2.84 s
illust_tux 4000 4002 0.216 0.9984 37.07 3.76 s
illust_tux 8000 8004 0.432 0.9991 37.41 5.25 s
illust_tux 16000 16008 0.865 0.9993 37.53 7.43 s
illust_tux 32000 30843 1.666 0.9994 37.56 10.91 s
illust_pc_newyear 2000 2001 0.215 0.9398 29.74 3.83 s
illust_pc_newyear 4000 4002 0.431 0.9587 31.10 4.79 s
illust_pc_newyear 8000 8004 0.862 0.9731 32.42 6.28 s
illust_pc_newyear 16000 16008 1.723 0.9832 33.72 8.96 s
illust_pc_newyear 32000 32016 3.446 0.9898 34.97 14.12 s
illust_chibi 2000 2001 0.106 0.9897 33.10 3.49 s
illust_chibi 4000 4002 0.211 0.9947 35.21 4.65 s
illust_chibi 8000 8004 0.423 0.9968 36.42 6.27 s
illust_chibi 16000 16008 0.845 0.9978 36.99 8.77 s
illust_chibi 32000 32016 1.690 0.9983 37.22 13.51 s
screenshot_wikipedia 2000 2001 0.128 0.9625 24.88 2.74 s
screenshot_wikipedia 4000 4002 0.256 0.9764 25.89 3.44 s
screenshot_wikipedia 8000 8004 0.512 0.9845 27.01 4.70 s
screenshot_wikipedia 16000 16008 1.025 0.9897 28.30 6.94 s
screenshot_wikipedia 32000 32016 2.050 0.9934 29.50 11.15 s
screenshot_mahara 2000 2001 0.145 0.9622 24.47 2.78 s
screenshot_mahara 4000 4002 0.290 0.9765 25.93 3.07 s
screenshot_mahara 8000 8004 0.581 0.9856 27.72 4.15 s
screenshot_mahara 16000 16008 1.162 0.9919 29.53 6.20 s
screenshot_mahara 32000 32016 2.323 0.9951 30.67 10.38 s
